Archive member included to satisfy reference by file (symbol)

c:/ac6/systemworkbench/plugins/fr.ac6.mcu.externaltools.arm-none.win32_1.17.0.201812190825/tools/compiler/bin/../lib/gcc/arm-none-eabi/7.3.1/../../../../arm-none-eabi/lib/thumb/v7e-m/fpv4-sp/hard\libm.a(lib_a-s_trunc.o)
                              DataLog/User/datalog_application.o (trunc)
c:/ac6/systemworkbench/plugins/fr.ac6.mcu.externaltools.arm-none.win32_1.17.0.201812190825/tools/compiler/bin/../lib/gcc/arm-none-eabi/7.3.1/../../../../arm-none-eabi/lib/thumb/v7e-m/fpv4-sp/hard\libm.a(lib_a-w_pow.o)
                              DataLog/User/datalog_application.o (pow)
c:/ac6/systemworkbench/plugins/fr.ac6.mcu.externaltools.arm-none.win32_1.17.0.201812190825/tools/compiler/bin/../lib/gcc/arm-none-eabi/7.3.1/../../../../arm-none-eabi/lib/thumb/v7e-m/fpv4-sp/hard\libm.a(lib_a-e_pow.o)
                              c:/ac6/systemworkbench/plugins/fr.ac6.mcu.externaltools.arm-none.win32_1.17.0.201812190825/tools/compiler/bin/../lib/gcc/arm-none-eabi/7.3.1/../../../../arm-none-eabi/lib/thumb/v7e-m/fpv4-sp/hard\libm.a(lib_a-w_pow.o) (__ieee754_pow)
c:/ac6/systemworkbench/plugins/fr.ac6.mcu.externaltools.arm-none.win32_1.17.0.201812190825/tools/compiler/bin/../lib/gcc/arm-none-eabi/7.3.1/../../../../arm-none-eabi/lib/thumb/v7e-m/fpv4-sp/hard\libm.a(lib_a-e_sqrt.o)
                              c:/ac6/systemworkbench/plugins/fr.ac6.mcu.externaltools.arm-none.win32_1.17.0.201812190825/tools/compiler/bin/../lib/gcc/arm-none-eabi/7.3.1/../../../../arm-none-eabi/lib/thumb/v7e-m/fpv4-sp/hard\libm.a(lib_a-e_pow.o) (__ieee754_sqrt)
c:/ac6/systemworkbench/plugins/fr.ac6.mcu.externaltools.arm-none.win32_1.17.0.201812190825/tools/compiler/bin/../lib/gcc/arm-none-eabi/7.3.1/../../../../arm-none-eabi/lib/thumb/v7e-m/fpv4-sp/hard\libm.a(lib_a-s_fabs.o)
                              c:/ac6/systemworkbench/plugins/fr.ac6.mcu.externaltools.arm-none.win32_1.17.0.201812190825/tools/compiler/bin/../lib/gcc/arm-none-eabi/7.3.1/../../../../arm-none-eabi/lib/thumb/v7e-m/fpv4-sp/hard\libm.a(lib_a-e_pow.o) (fabs)
c:/ac6/systemworkbench/plugins/fr.ac6.mcu.externaltools.arm-none.win32_1.17.0.201812190825/tools/compiler/bin/../lib/gcc/arm-none-eabi/7.3.1/../../../../arm-none-eabi/lib/thumb/v7e-m/fpv4-sp/hard\libm.a(lib_a-s_finite.o)
                              c:/ac6/systemworkbench/plugins/fr.ac6.mcu.externaltools.arm-none.win32_1.17.0.201812190825/tools/compiler/bin/../lib/gcc/arm-none-eabi/7.3.1/../../../../arm-none-eabi/lib/thumb/v7e-m/fpv4-sp/hard\libm.a(lib_a-w_pow.o) (finite)
c:/ac6/systemworkbench/plugins/fr.ac6.mcu.externaltools.arm-none.win32_1.17.0.201812190825/tools/compiler/bin/../lib/gcc/arm-none-eabi/7.3.1/../../../../arm-none-eabi/lib/thumb/v7e-m/fpv4-sp/hard\libm.a(lib_a-s_lib_ver.o)
                              c:/ac6/systemworkbench/plugins/fr.ac6.mcu.externaltools.arm-none.win32_1.17.0.201812190825/tools/compiler/bin/../lib/gcc/arm-none-eabi/7.3.1/../../../../arm-none-eabi/lib/thumb/v7e-m/fpv4-sp/hard\libm.a(lib_a-w_pow.o) (__fdlib_version)
c:/ac6/systemworkbench/plugins/fr.ac6.mcu.externaltools.arm-none.win32_1.17.0.201812190825/tools/compiler/bin/../lib/gcc/arm-none-eabi/7.3.1/../../../../arm-none-eabi/lib/thumb/v7e-m/fpv4-sp/hard\libm.a(lib_a-s_matherr.o)
                              c:/ac6/systemworkbench/plugins/fr.ac6.mcu.externaltools.arm-none.win32_1.17.0.201812190825/tools/compiler/bin/../lib/gcc/arm-none-eabi/7.3.1/../../../../arm-none-eabi/lib/thumb/v7e-m/fpv4-sp/hard\libm.a(lib_a-w_pow.o) (matherr)
c:/ac6/systemworkbench/plugins/fr.ac6.mcu.externaltools.arm-none.win32_1.17.0.201812190825/tools/compiler/bin/../lib/gcc/arm-none-eabi/7.3.1/../../../../arm-none-eabi/lib/thumb/v7e-m/fpv4-sp/hard\libm.a(lib_a-s_nan.o)
                              c:/ac6/systemworkbench/plugins/fr.ac6.mcu.externaltools.arm-none.win32_1.17.0.201812190825/tools/compiler/bin/../lib/gcc/arm-none-eabi/7.3.1/../../../../arm-none-eabi/lib/thumb/v7e-m/fpv4-sp/hard\libm.a(lib_a-e_pow.o) (nan)
c:/ac6/systemworkbench/plugins/fr.ac6.mcu.externaltools.arm-none.win32_1.17.0.201812190825/tools/compiler/bin/../lib/gcc/arm-none-eabi/7.3.1/../../../../arm-none-eabi/lib/thumb/v7e-m/fpv4-sp/hard\libm.a(lib_a-s_rint.o)
                              c:/ac6/systemworkbench/plugins/fr.ac6.mcu.externaltools.arm-none.win32_1.17.0.201812190825/tools/compiler/bin/../lib/gcc/arm-none-eabi/7.3.1/../../../../arm-none-eabi/lib/thumb/v7e-m/fpv4-sp/hard\libm.a(lib_a-w_pow.o) (rint)
c:/ac6/systemworkbench/plugins/fr.ac6.mcu.externaltools.arm-none.win32_1.17.0.201812190825/tools/compiler/bin/../lib/gcc/arm-none-eabi/7.3.1/../../../../arm-none-eabi/lib/thumb/v7e-m/fpv4-sp/hard\libm.a(lib_a-s_scalbn.o)
                              c:/ac6/systemworkbench/plugins/fr.ac6.mcu.externaltools.arm-none.win32_1.17.0.201812190825/tools/compiler/bin/../lib/gcc/arm-none-eabi/7.3.1/../../../../arm-none-eabi/lib/thumb/v7e-m/fpv4-sp/hard\libm.a(lib_a-e_pow.o) (scalbn)
[...]
Memory Configuration

Name             Origin             Length             Attributes
FLASH            0x08004000         0x00040000         xr
RAM              0x20000000         0x00018000         xrw
SRAM2            0x10000000         0x00008000         xrw
*default*        0x00000000         0xffffffff

Linker script and memory map

LOAD c:/ac6/systemworkbench/plugins/fr.ac6.mcu.externaltools.arm-none.win32_1.17.0.201812190825/tools/compiler/bin/../lib/gcc/arm-none-eabi/7.3.1/thumb/v7e-m/fpv4-sp/hard/crti.o
LOAD c:/ac6/systemworkbench/plugins/fr.ac6.mcu.externaltools.arm-none.win32_1.17.0.201812190825/tools/compiler/bin/../lib/gcc/arm-none-eabi/7.3.1/thumb/v7e-m/fpv4-sp/hard/crtbegin.o
LOAD c:/ac6/systemworkbench/plugins/fr.ac6.mcu.externaltools.arm-none.win32_1.17.0.201812190825/tools/compiler/bin/../lib/gcc/arm-none-eabi/7.3.1/../../../../arm-none-eabi/lib/thumb/v7e-m/fpv4-sp/hard/crt0.o
LOAD DataLog/SW4STM32/startup_stm32l476xx.o
LOAD DataLog/User/cube_hal_l4.o
LOAD DataLog/User/datalog_application.o
LOAD DataLog/User/main.o
LOAD DataLog/User/stm32l4xx_hal_adc.o
LOAD DataLog/User/stm32l4xx_hal_adc_ex.o
LOAD DataLog/User/stm32l4xx_hal_msp.o
LOAD DataLog/User/stm32l4xx_it.o
LOAD DataLog/User/syscalls.o
LOAD DataLog/User/usbd_cdc_interface.o
LOAD DataLog/User/usbd_conf.o
LOAD DataLog/User/usbd_desc.o
LOAD Drivers/BSP/Components/HTS221_Driver.o
LOAD Drivers/BSP/Components/HTS221_Driver_HL.o
LOAD Drivers/BSP/Components/LPS22HB_Driver.o
LOAD Drivers/BSP/Components/LPS22HB_Driver_HL.o
LOAD Drivers/BSP/Components/LSM303AGR_ACC_driver.o
LOAD Drivers/BSP/Components/LSM303AGR_ACC_driver_HL.o
LOAD Drivers/BSP/Components/LSM303AGR_MAG_driver.o
LOAD Drivers/BSP/Components/LSM303AGR_MAG_driver_HL.o
LOAD Drivers/BSP/Components/LSM6DSM_ACC_GYRO_driver.o
LOAD Drivers/BSP/Components/LSM6DSM_ACC_GYRO_driver_HL.o
LOAD Drivers/BSP/Components/STC3115_Driver.o
LOAD Drivers/BSP/SensorTile/SensorTile.o
LOAD Drivers/BSP/SensorTile/SensorTile_accelero.o
LOAD Drivers/BSP/SensorTile/SensorTile_gg.o
LOAD Drivers/BSP/SensorTile/SensorTile_gyro.o
LOAD Drivers/BSP/SensorTile/SensorTile_humidity.o
LOAD Drivers/BSP/SensorTile/SensorTile_magneto.o
LOAD Drivers/BSP/SensorTile/SensorTile_pressure.o
LOAD Drivers/BSP/SensorTile/SensorTile_sd.o
LOAD Drivers/BSP/SensorTile/SensorTile_temperature.o
LOAD Drivers/CMSIS/system_stm32l4xx.o
LOAD Drivers/STM32L4xx_HAL_Driver/stm32l4xx_hal.o
LOAD Drivers/STM32L4xx_HAL_Driver/stm32l4xx_hal_cortex.o
LOAD Drivers/STM32L4xx_HAL_Driver/stm32l4xx_hal_dma.o
LOAD Drivers/STM32L4xx_HAL_Driver/stm32l4xx_hal_gpio.o
LOAD Drivers/STM32L4xx_HAL_Driver/stm32l4xx_hal_i2c.o
LOAD Drivers/STM32L4xx_HAL_Driver/stm32l4xx_hal_i2c_ex.o
LOAD Drivers/STM32L4xx_HAL_Driver/stm32l4xx_hal_pcd.o
LOAD Drivers/STM32L4xx_HAL_Driver/stm32l4xx_hal_pcd_ex.o
LOAD Drivers/STM32L4xx_HAL_Driver/stm32l4xx_hal_pwr.o
LOAD Drivers/STM32L4xx_HAL_Driver/stm32l4xx_hal_pwr_ex.o
LOAD Drivers/STM32L4xx_HAL_Driver/stm32l4xx_hal_rcc.o
LOAD Drivers/STM32L4xx_HAL_Driver/stm32l4xx_hal_rcc_ex.o
LOAD Drivers/STM32L4xx_HAL_Driver/stm32l4xx_hal_rtc.o
LOAD Drivers/STM32L4xx_HAL_Driver/stm32l4xx_hal_rtc_ex.o
LOAD Drivers/STM32L4xx_HAL_Driver/stm32l4xx_hal_spi.o
LOAD Drivers/STM32L4xx_HAL_Driver/stm32l4xx_hal_spi_ex.o
LOAD Drivers/STM32L4xx_HAL_Driver/stm32l4xx_hal_tim.o
LOAD Drivers/STM32L4xx_HAL_Driver/stm32l4xx_hal_tim_ex.o
LOAD Drivers/STM32L4xx_HAL_Driver/stm32l4xx_ll_usb.o
LOAD Middlewares/FatFs/diskio.o
LOAD Middlewares/FatFs/ff.o
LOAD Middlewares/FatFs/ff_gen_drv.o
LOAD Middlewares/FatFs/sd_diskio.o
LOAD Middlewares/FatFs/syscall.o
LOAD Middlewares/FatFs/unicode.o
LOAD Middlewares/STM32_USBD_Library/Class/usbd_cdc.o
LOAD Middlewares/STM32_USBD_Library/Core/usbd_core.o
LOAD Middlewares/STM32_USBD_Library/Core/usbd_ctlreq.o
LOAD Middlewares/STM32_USBD_Library/Core/usbd_ioreq.o
LOAD c:/ac6/systemworkbench/plugins/fr.ac6.mcu.externaltools.arm-none.win32_1.17.0.201812190825/tools/compiler/bin/../lib/gcc/arm-none-eabi/7.3.1/../../../../arm-none-eabi/lib/thumb/v7e-m/fpv4-sp/hard\libm.a
START GROUP
LOAD c:/ac6/systemworkbench/plugins/fr.ac6.mcu.externaltools.arm-none.win32_1.17.0.201812190825/tools/compiler/bin/../lib/gcc/arm-none-eabi/7.3.1/thumb/v7e-m/fpv4-sp/hard\libgcc.a
LOAD c:/ac6/systemworkbench/plugins/fr.ac6.mcu.externaltools.arm-none.win32_1.17.0.201812190825/tools/compiler/bin/../lib/gcc/arm-none-eabi/7.3.1/../../../../arm-none-eabi/lib/thumb/v7e-m/fpv4-sp/hard\libc_nano.a
END GROUP
START GROUP
LOAD c:/ac6/systemworkbench/plugins/fr.ac6.mcu.externaltools.arm-none.win32_1.17.0.201812190825/tools/compiler/bin/../lib/gcc/arm-none-eabi/7.3.1/thumb/v7e-m/fpv4-sp/hard\libgcc.a
LOAD c:/ac6/systemworkbench/plugins/fr.ac6.mcu.externaltools.arm-none.win32_1.17.0.201812190825/tools/compiler/bin/../lib/gcc/arm-none-eabi/7.3.1/../../../../arm-none-eabi/lib/thumb/v7e-m/fpv4-sp/hard\libc_nano.a
END GROUP
LOAD c:/ac6/systemworkbench/plugins/fr.ac6.mcu.externaltools.arm-none.win32_1.17.0.201812190825/tools/compiler/bin/../lib/gcc/arm-none-eabi/7.3.1/thumb/v7e-m/fpv4-sp/hard/crtend.o
LOAD c:/ac6/systemworkbench/plugins/fr.ac6.mcu.externaltools.arm-none.win32_1.17.0.201812190825/tools/compiler/bin/../lib/gcc/arm-none-eabi/7.3.1/thumb/v7e-m/fpv4-sp/hard/crtn.o
                0x20017fff                _estack = 0x20017fff
                0x00002000                _Min_Heap_Size = 0x2000
                0x00002000                _Min_Stack_Size = 0x2000

.isr_vector     0x08004000      0x188
                0x08004000                . = ALIGN (0x8)
 *(.isr_vector)
 .isr_vector    0x08004000      0x188 DataLog/SW4STM32/startup_stm32l476xx.o
                0x08004000                g_pfnVectors
                0x08004188                . = ALIGN (0x8)

.text           0x08004190    0x1d978
                0x08004190                . = ALIGN (0x8)
 *(.text)
 .text          0x08004190       0x40 c:/ac6/systemworkbench/plugins/fr.ac6.mcu.externaltools.arm-none.win32_1.17.0.201812190825/tools/compiler/bin/../lib/gcc/arm-none-eabi/7.3.1/thumb/v7e-m/fpv4-sp/hard/crtbegin.o
 .text          0x080041d0      0x378 c:/ac6/systemworkbench/plugins/fr.ac6.mcu.externaltools.arm-none.win32_1.17.0.201812190825/tools/compiler/bin/../lib/gcc/arm-none-eabi/7.3.1/thumb/v7e-m/fpv4-sp/hard\libgcc.a(_arm_addsubdf3.o)
                0x080041d0                __aeabi_drsub
                0x080041d8                __aeabi_dsub
                0x080041d8                __subdf3
                0x080041dc                __aeabi_dadd
                0x080041dc                __adddf3
                0x08004454                __floatunsidf
                0x08004454                __aeabi_ui2d
                0x08004474                __floatsidf
                0x08004474                __aeabi_i2d
                0x08004498                __aeabi_f2d
                0x08004498                __extendsfdf2
                0x080044dc                __floatundidf
                0x080044dc                __aeabi_ul2d
                0x080044ec                __floatdidf
                0x080044ec                __aeabi_l2d
 .text          0x08004548      0x424 c:/ac6/systemworkbench/plugins/fr.ac6.mcu.externaltools.arm-none.win32_1.17.0.201812190825/tools/compiler/bin/../lib/gcc/arm-none-eabi/7.3.1/thumb/v7e-m/fpv4-sp/hard\libgcc.a(_arm_muldivdf3.o)
                0x08004548                __aeabi_dmul
                0x08004548                __muldf3
                0x0800479c                __divdf3
                0x0800479c                __aeabi_ddiv
 .text          0x0800496c      0x110 c:/ac6/systemworkbench/plugins/fr.ac6.mcu.externaltools.arm-none.win32_1.17.0.201812190825/tools/compiler/bin/../lib/gcc/arm-none-eabi/7.3.1/thumb/v7e-m/fpv4-sp/hard\libgcc.a(_arm_cmpdf2.o)
                0x0800496c                __gtdf2
                0x0800496c                __gedf2
                0x08004974                __ltdf2
                0x08004974                __ledf2
                0x0800497c                __nedf2
                0x0800497c                __eqdf2
                0x0800497c                __cmpdf2
                0x080049f8                __aeabi_cdrcmple
                0x08004a08                __aeabi_cdcmpeq
                0x08004a08                __aeabi_cdcmple
                0x08004a18                __aeabi_dcmpeq
                0x08004a2c                __aeabi_dcmplt
                0x08004a40                __aeabi_dcmple
                0x08004a54                __aeabi_dcmpge
                0x08004a68                __aeabi_dcmpgt
 .text          0x08004a7c       0x2c c:/ac6/systemworkbench/plugins/fr.ac6.mcu.externaltools.arm-none.win32_1.17.0.201812190825/tools/compiler/bin/../lib/gcc/arm-none-eabi/7.3.1/thumb/v7e-m/fpv4-sp/hard\libgcc.a(_arm_unorddf2.o)
                0x08004a7c                __unorddf2
                0x08004a7c                __aeabi_dcmpun
 .text          0x08004aa8       0x50 c:/ac6/systemworkbench/plugins/fr.ac6.mcu.externaltools.arm-none.win32_1.17.0.201812190825/tools/compiler/bin/../lib/gcc/arm-none-eabi/7.3.1/thumb/v7e-m/fpv4-sp/hard\libgcc.a(_arm_fixdfsi.o)
                0x08004aa8                __aeabi_d2iz
                0x08004aa8                __fixdfsi
 .text          0x08004af8       0xa0 c:/ac6/systemworkbench/plugins/fr.ac6.mcu.externaltools.arm-none.win32_1.17.0.201812190825/tools/compiler/bin/../lib/gcc/arm-none-eabi/7.3.1/thumb/v7e-m/fpv4-sp/hard\libgcc.a(_aeabi_ldivmod.o)
                0x08004af8                __aeabi_ldivmod
 .text          0x08004b98      0x2cc c:/ac6/systemworkbench/plugins/fr.ac6.mcu.externaltools.arm-none.win32_1.17.0.201812190825/tools/compiler/bin/../lib/gcc/arm-none-eabi/7.3.1/thumb/v7e-m/fpv4-sp/hard\libgcc.a(_udivmoddi4.o)
                0x08004b98                __udivmoddi4
 .text          0x08004e64        0x4 c:/ac6/systemworkbench/plugins/fr.ac6.mcu.externaltools.arm-none.win32_1.17.0.201812190825/tools/compiler/bin/../lib/gcc/arm-none-eabi/7.3.1/thumb/v7e-m/fpv4-sp/hard\libgcc.a(_dvmd_tls.o)
                0x08004e64                __aeabi_idiv0
                0x08004e64                __aeabi_ldiv0
 .text          0x08004e68       0x10 c:/ac6/systemworkbench/plugins/fr.ac6.mcu.externaltools.arm-none.win32_1.17.0.201812190825/tools/compiler/bin/../lib/gcc/arm-none-eabi/7.3.1/../../../../arm-none-eabi/lib/thumb/v7e-m/fpv4-sp/hard\libc_nano.a(lib_a-strlen.o)
                0x08004e68                strlen
 *fill*         0x08004e78        0x8 
 .text          0x08004e80       0xa0 c:/ac6/systemworkbench/plugins/fr.ac6.mcu.externaltools.arm-none.win32_1.17.0.201812190825/tools/compiler/bin/../lib/gcc/arm-none-eabi/7.3.1/../../../../arm-none-eabi/lib/thumb/v7e-m/fpv4-sp/hard\libc_nano.a(lib_a-memchr.o)
                0x08004e80                memchr
 *(.text*)
 .text.Reset_Handler
                0x08004f20       0x50 DataLog/SW4STM32/startup_stm32l476xx.o
                0x08004f20                Reset_Handler
 .text.Default_Handler
                0x08004f70        0x2 DataLog/SW4STM32/startup_stm32l476xx.o
                0x08004f70                RTC_Alarm_IRQHandler
                0x08004f70                TIM8_TRG_COM_IRQHandler
                0x08004f70                TIM8_CC_IRQHandler
                0x08004f70                TIM1_CC_IRQHandler
                0x08004f70                TSC_IRQHandler
                0x08004f70                TAMP_STAMP_IRQHandler
                0x08004f70                PendSV_Handler
                0x08004f70                EXTI3_IRQHandler
                0x08004f70                LPTIM2_IRQHandler
                0x08004f70                DFSDM1_FLT1_IRQHandler
                0x08004f70                I2C3_ER_IRQHandler
                0x08004f70                DFSDM1_FLT2_IRQHandler
                0x08004f70                EXTI0_IRQHandler
                0x08004f70                I2C2_EV_IRQHandler
                0x08004f70                CAN1_RX0_IRQHandler
                0x08004f70                FPU_IRQHandler
                0x08004f70                TIM1_UP_TIM16_IRQHandler
                0x08004f70                UsageFault_Handler
                0x08004f70                ADC1_2_IRQHandler
                0x08004f70                SPI1_IRQHandler
                0x08004f70                TIM6_DAC_IRQHandler
                0x08004f70                TIM8_UP_IRQHandler
                0x08004f70                DMA2_Channel2_IRQHandler
                0x08004f70                DMA1_Channel4_IRQHandler
                0x08004f70                SAI2_IRQHandler
                0x08004f70                DFSDM1_FLT3_IRQHandler
                0x08004f70                USART3_IRQHandler
                0x08004f70                DMA1_Channel7_IRQHandler
                0x08004f70                CAN1_RX1_IRQHandler
                0x08004f70                LCD_IRQHandler
                0x08004f70                UART5_IRQHandler
                0x08004f70                ADC3_IRQHandler
                0x08004f70                TIM4_IRQHandler
                0x08004f70                DMA2_Channel1_IRQHandler
                0x08004f70                QUADSPI_IRQHandler
                0x08004f70                I2C1_EV_IRQHandler
                0x08004f70                DMA1_Channel6_IRQHandler
                0x08004f70                UART4_IRQHandler
                0x08004f70                DMA2_Channel4_IRQHandler
                0x08004f70                RCC_IRQHandler
                0x08004f70                DMA1_Channel1_IRQHandler
                0x08004f70                Default_Handler
                0x08004f70                DMA2_Channel7_IRQHandler
                0x08004f70                EXTI15_10_IRQHandler
                0x08004f70                TIM7_IRQHandler
                0x08004f70                SDMMC1_IRQHandler
                0x08004f70                TIM5_IRQHandler
                0x08004f70                I2C3_EV_IRQHandler
                0x08004f70                EXTI9_5_IRQHandler
                0x08004f70                RTC_WKUP_IRQHandler
                0x08004f70                PVD_PVM_IRQHandler
                0x08004f70                SPI2_IRQHandler
                0x08004f70                MemManage_Handler
                0x08004f70                CAN1_TX_IRQHandler
                0x08004f70                SVC_Handler
                0x08004f70                DMA2_Channel5_IRQHandler
                0x08004f70                DMA1_Channel5_IRQHandler
                0x08004f70                EXTI4_IRQHandler
                0x08004f70                RNG_IRQHandler
                0x08004f70                TIM1_TRG_COM_TIM17_IRQHandler
                0x08004f70                DMA1_Channel3_IRQHandler
                0x08004f70                COMP_IRQHandler
                0x08004f70                WWDG_IRQHandler
                0x08004f70                LPUART1_IRQHandler
                0x08004f70                DMA2_Channel6_IRQHandler
                0x08004f70                TIM2_IRQHandler
                0x08004f70                EXTI1_IRQHandler
                0x08004f70                USART2_IRQHandler
                0x08004f70                DFSDM1_FLT0_IRQHandler
                0x08004f70                I2C2_ER_IRQHandler
                0x08004f70                DMA1_Channel2_IRQHandler
                0x08004f70                TIM8_BRK_IRQHandler
                0x08004f70                CAN1_SCE_IRQHandler
                0x08004f70                FLASH_IRQHandler
                0x08004f70                BusFault_Handler
                0x08004f70                USART1_IRQHandler
                0x08004f70                SPI3_IRQHandler
                0x08004f70                I2C1_ER_IRQHandler
                0x08004f70                FMC_IRQHandler
                0x08004f70                SWPMI1_IRQHandler
                0x08004f70                LPTIM1_IRQHandler
                0x08004f70                SAI1_IRQHandler
                0x08004f70                DMA2_Channel3_IRQHandler
                0x08004f70                TIM1_BRK_TIM15_IRQHandler
 *fill*         0x08004f72        0x2 
 .text.SystemClock_Config
                0x08004f74      0x144 DataLog/User/cube_hal_l4.o
                0x08004f74                SystemClock_Config
 .text.Error_Handler
                0x080050b8        0x6 DataLog/User/cube_hal_l4.o
 *fill*         0x080050be        0x2 
 .text.DATALOG_SD_Init
                0x080050c0       0x54 DataLog/User/datalog_application.o
                0x080050c0                DATALOG_SD_Init
 .text.DATALOG_SD_Log_Enable
                0x08005114       0xa0 DataLog/User/datalog_application.o
                0x08005114                DATALOG_SD_Log_Enable
 .text.DATALOG_SD_Log_Disable
                0x080051b4       0x18 DataLog/User/datalog_application.o
                0x080051b4                DATALOG_SD_Log_Disable
 .text.DATALOG_SD_NewLine
                0x080051cc       0x24 DataLog/User/datalog_application.o
                0x080051cc                DATALOG_SD_NewLine
 .text.RTC_Handler
                0x080051f0       0xec DataLog/User/datalog_application.o
                0x080051f0                RTC_Handler
 .text.Accelero_Sensor_Handler
                0x080052dc      0x204 DataLog/User/datalog_application.o
                0x080052dc                Accelero_Sensor_Handler
 .text.Gyro_Sensor_Handler
                0x080054e0      0x204 DataLog/User/datalog_application.o
                0x080054e0                Gyro_Sensor_Handler
 .text.Magneto_Sensor_Handler
                0x080056e4      0x204 DataLog/User/datalog_application.o
                0x080056e4                Magneto_Sensor_Handler
 .text.Humidity_Sensor_Handler
                0x080058e8      0x19c DataLog/User/datalog_application.o
                0x080058e8                Humidity_Sensor_Handler
 .text.Temperature_Sensor_Handler
                0x08005a84      0x19c DataLog/User/datalog_application.o
                0x08005a84                Temperature_Sensor_Handler
 .text.Pressure_Sensor_Handler
                0x08005c20      0x19c DataLog/User/datalog_application.o
                0x08005c20                Pressure_Sensor_Handler
 .text.Gas_Gauge_Handler
                0x08005dbc       0xdc DataLog/User/datalog_application.o
                0x08005dbc                Gas_Gauge_Handler
 .text.floatToInt
                0x08005e98       0xc8 DataLog/User/datalog_application.o
                0x08005e98                floatToInt
 .text.main     0x08005f60      0x228 DataLog/User/main.o
                0x08005f60                main
 .text.initializeAllSensors
                0x08006188       0xf4 DataLog/User/main.o
 .text.enableAllSensors
                0x0800627c       0x88 DataLog/User/main.o
                0x0800627c                enableAllSensors
 .text.RTC_Config
                0x08006304       0x4c DataLog/User/main.o
 .text.RTC_TimeStampConfig
                0x08006350       0x68 DataLog/User/main.o
 .text.HAL_GPIO_EXTI_Callback
                0x080063b8       0x20 DataLog/User/main.o
                0x080063b8                HAL_GPIO_EXTI_Callback
 .text.MX_ADC1_Init
                0x080063d8       0x90 DataLog/User/main.o
 .text.Error_Handler
                0x08006468        0x6 DataLog/User/main.o
 *fill*         0x0800646e        0x2 
 .text.HAL_ADC_Init
                0x08006470      0x3f4 DataLog/User/stm32l4xx_hal_adc.o
                0x08006470                HAL_ADC_Init
 .text.HAL_ADC_DeInit
                0x08006864      0x348 DataLog/User/stm32l4xx_hal_adc.o
                0x08006864                HAL_ADC_DeInit
 .text.HAL_ADC_MspInit
                0x08006bac       0x14 DataLog/User/stm32l4xx_hal_adc.o
                0x08006bac                HAL_ADC_MspInit
 .text.HAL_ADC_MspDeInit
                0x08006bc0       0x14 DataLog/User/stm32l4xx_hal_adc.o
                0x08006bc0                HAL_ADC_MspDeInit
 .text.HAL_ADC_Start
                0x08006bd4      0x190 DataLog/User/stm32l4xx_hal_adc.o
                0x08006bd4                HAL_ADC_Start
 .text.HAL_ADC_PollForConversion
                0x08006d64      0x1fc DataLog/User/stm32l4xx_hal_adc.o
                0x08006d64                HAL_ADC_PollForConversion
 .text.HAL_ADC_GetValue
                0x08006f60       0x1a DataLog/User/stm32l4xx_hal_adc.o
                0x08006f60                HAL_ADC_GetValue
 *fill*         0x08006f7a        0x2 
 .text.ADC_ConversionStop
                0x08006f7c      0x15c DataLog/User/stm32l4xx_hal_adc.o
                0x08006f7c                ADC_ConversionStop
 .text.ADC_Enable
                0x080070d8       0xcc DataLog/User/stm32l4xx_hal_adc.o
                0x080070d8                ADC_Enable
 .text.ADC_Disable
                0x080071a4       0xbe DataLog/User/stm32l4xx_hal_adc.o
                0x080071a4                ADC_Disable
 *fill*         0x08007262        0x2 
 .text.HAL_RTC_MspInit
                0x08007264       0x34 DataLog/User/stm32l4xx_hal_msp.o
                0x08007264                HAL_RTC_MspInit
 .text.NMI_Handler
                0x08007298        0xe DataLog/User/stm32l4xx_it.o
                0x08007298                NMI_Handler
 .text.HardFault_Handler
                0x080072a6        0x6 DataLog/User/stm32l4xx_it.o
                0x080072a6                HardFault_Handler
 .text.DebugMon_Handler
                0x080072ac        0xe DataLog/User/stm32l4xx_it.o
                0x080072ac                DebugMon_Handler
 .text.SysTick_Handler
                0x080072ba        0xc DataLog/User/stm32l4xx_it.o
                0x080072ba                SysTick_Handler
 *fill*         0x080072c6        0x2 
 .text.OTG_FS_IRQHandler
                0x080072c8       0x14 DataLog/User/stm32l4xx_it.o
                0x080072c8                OTG_FS_IRQHandler
 .text.TIM3_IRQHandler
                0x080072dc       0x14 DataLog/User/stm32l4xx_it.o
                0x080072dc                TIM3_IRQHandler
 .text.EXTI2_IRQHandler
                0x080072f0        0xe DataLog/User/stm32l4xx_it.o
                0x080072f0                EXTI2_IRQHandler
 *fill*         0x080072fe        0x2 
 .text._sbrk    0x08007300       0x58 DataLog/User/syscalls.o
                0x08007300                _sbrk
 .text._write   0x08007358       0x38 DataLog/User/syscalls.o
                0x08007358                _write
 .text._close   0x08007390       0x18 DataLog/User/syscalls.o
                0x08007390                _close
 .text._fstat   0x080073a8       0x20 DataLog/User/syscalls.o
                0x080073a8                _fstat
 .text._isatty  0x080073c8       0x16 DataLog/User/syscalls.o
                0x080073c8                _isatty
 .text._lseek   0x080073de       0x1a DataLog/User/syscalls.o
                0x080073de                _lseek
 .text._read    0x080073f8       0x22 DataLog/User/syscalls.o
                0x080073f8                _read
 *fill*         0x0800741a        0x2 
 .text.CDC_Itf_Init
                0x0800741c       0x74 DataLog/User/usbd_cdc_interface.o
 .text.CDC_Itf_DeInit
                0x08007490       0x10 DataLog/User/usbd_cdc_interface.o
 .text.CDC_Itf_Control
                0x080074a0      0x15c DataLog/User/usbd_cdc_interface.o
 .text.CDC_Fill_Buffer
                0x080075fc       0x54 DataLog/User/usbd_cdc_interface.o
                0x080075fc                CDC_Fill_Buffer
 .text.HAL_TIM_PeriodElapsedCallback
                0x08007650       0x90 DataLog/User/usbd_cdc_interface.o
                0x08007650                HAL_TIM_PeriodElapsedCallback
 .text.CDC_Itf_Receive
                0x080076e0       0x18 DataLog/User/usbd_cdc_interface.o
 .text.TIM_Config
                0x080076f8       0x40 DataLog/User/usbd_cdc_interface.o
 .text.Error_Handler
                0x08007738        0xe DataLog/User/usbd_cdc_interface.o
 *fill*         0x08007746        0x2 
 .text.HAL_PCD_MspInit
                0x08007748       0x78 DataLog/User/usbd_conf.o
                0x08007748                HAL_PCD_MspInit
 .text.HAL_PCD_SetupStageCallback
                0x080077c0       0x24 DataLog/User/usbd_conf.o
                0x080077c0                HAL_PCD_SetupStageCallback
 .text.HAL_PCD_DataOutStageCallback
                0x080077e4       0x36 DataLog/User/usbd_conf.o
                0x080077e4                HAL_PCD_DataOutStageCallback
 .text.HAL_PCD_DataInStageCallback
                0x0800781a       0x34 DataLog/User/usbd_conf.o
                0x0800781a                HAL_PCD_DataInStageCallback
 .text.HAL_PCD_SOFCallback
                0x0800784e       0x1c DataLog/User/usbd_conf.o
                0x0800784e                HAL_PCD_SOFCallback
 .text.HAL_PCD_ResetCallback
                0x0800786a       0x2a DataLog/User/usbd_conf.o
                0x0800786a                HAL_PCD_ResetCallback
 .text.HAL_PCD_SuspendCallback
                0x08007894       0x1c DataLog/User/usbd_conf.o
                0x08007894                HAL_PCD_SuspendCallback
 .text.HAL_PCD_ResumeCallback
                0x080078b0       0x1c DataLog/User/usbd_conf.o
                0x080078b0                HAL_PCD_ResumeCallback
 .text.HAL_PCD_ISOOUTIncompleteCallback
                0x080078cc       0x24 DataLog/User/usbd_conf.o
                0x080078cc                HAL_PCD_ISOOUTIncompleteCallback
 .text.HAL_PCD_ISOINIncompleteCallback
                0x080078f0       0x24 DataLog/User/usbd_conf.o
                0x080078f0                HAL_PCD_ISOINIncompleteCallback
 .text.HAL_PCD_ConnectCallback
                0x08007914       0x1c DataLog/User/usbd_conf.o
                0x08007914                HAL_PCD_ConnectCallback
 .text.HAL_PCD_DisconnectCallback
                0x08007930       0x1c DataLog/User/usbd_conf.o
                0x08007930                HAL_PCD_DisconnectCallback
 .text.USBD_LL_Init
                0x0800794c       0x94 DataLog/User/usbd_conf.o
                0x0800794c                USBD_LL_Init
 .text.USBD_LL_Start
                0x080079e0       0x1e DataLog/User/usbd_conf.o
                0x080079e0                USBD_LL_Start
 .text.USBD_LL_OpenEP
                0x080079fe       0x34 DataLog/User/usbd_conf.o
                0x080079fe                USBD_LL_OpenEP
 .text.USBD_LL_CloseEP
                0x08007a32       0x26 DataLog/User/usbd_conf.o
                0x08007a32                USBD_LL_CloseEP
 .text.USBD_LL_StallEP
                0x08007a58       0x26 DataLog/User/usbd_conf.o
                0x08007a58                USBD_LL_StallEP
 .text.USBD_LL_ClearStallEP
                0x08007a7e       0x26 DataLog/User/usbd_conf.o
                0x08007a7e                USBD_LL_ClearStallEP
 .text.USBD_LL_IsStallEP
                0x08007aa4       0x58 DataLog/User/usbd_conf.o
                0x08007aa4                USBD_LL_IsStallEP
 .text.USBD_LL_SetUSBAddress
                0x08007afc       0x26 DataLog/User/usbd_conf.o
                0x08007afc                USBD_LL_SetUSBAddress
 .text.USBD_LL_Transmit
                0x08007b22       0x2e DataLog/User/usbd_conf.o
                0x08007b22                USBD_LL_Transmit
 .text.USBD_LL_PrepareReceive
                0x08007b50       0x2e DataLog/User/usbd_conf.o
                0x08007b50                USBD_LL_PrepareReceive
 .text.USBD_LL_GetRxDataSize
                0x08007b7e       0x26 DataLog/User/usbd_conf.o
                0x08007b7e                USBD_LL_GetRxDataSize
 .text.USBD_VCP_DeviceDescriptor
                0x08007ba4       0x24 DataLog/User/usbd_desc.o
                0x08007ba4                USBD_VCP_DeviceDescriptor
 .text.USBD_VCP_LangIDStrDescriptor
                0x08007bc8       0x24 DataLog/User/usbd_desc.o
                0x08007bc8                USBD_VCP_LangIDStrDescriptor
 .text.USBD_VCP_ProductStrDescriptor
                0x08007bec       0x28 DataLog/User/usbd_desc.o
                0x08007bec                USBD_VCP_ProductStrDescriptor
 .text.USBD_VCP_ManufacturerStrDescriptor
                0x08007c14       0x28 DataLog/User/usbd_desc.o
                0x08007c14                USBD_VCP_ManufacturerStrDescriptor
 .text.USBD_VCP_SerialStrDescriptor
                0x08007c3c       0x24 DataLog/User/usbd_desc.o
                0x08007c3c                USBD_VCP_SerialStrDescriptor
 .text.USBD_VCP_ConfigStrDescriptor
                0x08007c60       0x28 DataLog/User/usbd_desc.o
                0x08007c60                USBD_VCP_ConfigStrDescriptor
 .text.USBD_VCP_InterfaceStrDescriptor
                0x08007c88       0x28 DataLog/User/usbd_desc.o
                0x08007c88                USBD_VCP_InterfaceStrDescriptor
 .text.Get_SerialNum
                0x08007cb0       0x58 DataLog/User/usbd_desc.o
 .text.IntToUnicode
                0x08007d08       0x7c DataLog/User/usbd_desc.o
 .text.HTS221_ReadReg
                0x08007d84       0x32 Drivers/BSP/Components/HTS221_Driver.o
                0x08007d84                HTS221_ReadReg
 .text.HTS221_WriteReg
                0x08007db6       0x32 Drivers/BSP/Components/HTS221_Driver.o
                0x08007db6                HTS221_WriteReg
 .text.HTS221_Get_DeviceID
                0x08007de8       0x2a Drivers/BSP/Components/HTS221_Driver.o
                0x08007de8                HTS221_Get_DeviceID
 *fill*         0x08007e12        0x2 
 .text.HTS221_Get_Humidity
                0x08007e14      0x154 Drivers/BSP/Components/HTS221_Driver.o
                0x08007e14                HTS221_Get_Humidity
 .text.HTS221_Get_Temperature
                0x08007f68      0x14c Drivers/BSP/Components/HTS221_Driver.o
                0x08007f68                HTS221_Get_Temperature
 .text.HTS221_Get_DataStatus
                0x080080b4       0x48 Drivers/BSP/Components/HTS221_Driver.o
                0x080080b4                HTS221_Get_DataStatus
 .text.HTS221_Activate
                0x080080fc       0x4c Drivers/BSP/Components/HTS221_Driver.o
                0x080080fc                HTS221_Activate
 .text.HTS221_DeActivate
                0x08008148       0x4c Drivers/BSP/Components/HTS221_Driver.o
                0x08008148                HTS221_DeActivate
 .text.HTS221_Set_BduMode
                0x08008194       0x7c Drivers/BSP/Components/HTS221_Driver.o
                0x08008194                HTS221_Set_BduMode
 .text.HTS221_Set_Odr
                0x08008210       0x80 Drivers/BSP/Components/HTS221_Driver.o
                0x08008210                HTS221_Set_Odr
 .text.HTS221_Get_Odr
                0x08008290       0x3c Drivers/BSP/Components/HTS221_Driver.o
                0x08008290                HTS221_Get_Odr
 .text.HTS221_assert_failed
                0x080082cc       0x1c Drivers/BSP/Components/HTS221_Driver.o
                0x080082cc                HTS221_assert_failed
 .text.HTS221_H_Init
                0x080082e8       0x42 Drivers/BSP/Components/HTS221_Driver_HL.o
 .text.HTS221_H_DeInit
                0x0800832a       0x42 Drivers/BSP/Components/HTS221_Driver_HL.o
 .text.HTS221_H_Sensor_Enable
                0x0800836c       0x4e Drivers/BSP/Components/HTS221_Driver_HL.o
 .text.HTS221_H_Sensor_Disable
                0x080083ba       0x4e Drivers/BSP/Components/HTS221_Driver_HL.o
 .text.HTS221_H_Get_WhoAmI
                0x08008408       0x1c Drivers/BSP/Components/HTS221_Driver_HL.o
 .text.HTS221_H_Check_WhoAmI
                0x08008424       0x18 Drivers/BSP/Components/HTS221_Driver_HL.o
 .text.HTS221_H_Get_Hum
                0x0800843c       0x1c Drivers/BSP/Components/HTS221_Driver_HL.o
 .text.HTS221_H_Get_ODR
                0x08008458       0x1c Drivers/BSP/Components/HTS221_Driver_HL.o
 .text.HTS221_H_Set_ODR
                0x08008474       0x20 Drivers/BSP/Components/HTS221_Driver_HL.o
 .text.HTS221_H_Set_ODR_Value
                0x08008494       0x20 Drivers/BSP/Components/HTS221_Driver_HL.o
 .text.HTS221_H_Read_Reg
                0x080084b4       0x2e Drivers/BSP/Components/HTS221_Driver_HL.o
 .text.HTS221_H_Write_Reg
                0x080084e2       0x30 Drivers/BSP/Components/HTS221_Driver_HL.o
 .text.HTS221_H_Get_DRDY_Status
                0x08008512       0x4c Drivers/BSP/Components/HTS221_Driver_HL.o
 .text.HTS221_T_Init
                0x0800855e       0x42 Drivers/BSP/Components/HTS221_Driver_HL.o
 .text.HTS221_T_DeInit
                0x080085a0       0x42 Drivers/BSP/Components/HTS221_Driver_HL.o
 .text.HTS221_T_Sensor_Enable
                0x080085e2       0x4e Drivers/BSP/Components/HTS221_Driver_HL.o
 .text.HTS221_T_Sensor_Disable
                0x08008630       0x4e Drivers/BSP/Components/HTS221_Driver_HL.o
 .text.HTS221_T_Get_WhoAmI
                0x0800867e       0x1c Drivers/BSP/Components/HTS221_Driver_HL.o
 .text.HTS221_T_Check_WhoAmI
                0x0800869a       0x18 Drivers/BSP/Components/HTS221_Driver_HL.o
 .text.HTS221_T_Get_Temp
                0x080086b2       0x1c Drivers/BSP/Components/HTS221_Driver_HL.o
 .text.HTS221_T_Get_ODR
                0x080086ce       0x1c Drivers/BSP/Components/HTS221_Driver_HL.o
 .text.HTS221_T_Set_ODR
                0x080086ea       0x20 Drivers/BSP/Components/HTS221_Driver_HL.o
 .text.HTS221_T_Set_ODR_Value
                0x0800870a       0x20 Drivers/BSP/Components/HTS221_Driver_HL.o
 .text.HTS221_T_Read_Reg
                0x0800872a       0x2e Drivers/BSP/Components/HTS221_Driver_HL.o
 .text.HTS221_T_Write_Reg
                0x08008758       0x30 Drivers/BSP/Components/HTS221_Driver_HL.o
 .text.HTS221_T_Get_DRDY_Status
                0x08008788       0x4c Drivers/BSP/Components/HTS221_Driver_HL.o
 .text.HTS221_Init
                0x080087d4       0x56 Drivers/BSP/Components/HTS221_Driver_HL.o
 .text.HTS221_Sensor_Enable
                0x0800882a       0x22 Drivers/BSP/Components/HTS221_Driver_HL.o
 .text.HTS221_Sensor_Disable
                0x0800884c       0x22 Drivers/BSP/Components/HTS221_Driver_HL.o
 .text.HTS221_Get_WhoAmI
                0x0800886e       0x26 Drivers/BSP/Components/HTS221_Driver_HL.o
 .text.HTS221_Check_WhoAmI
                0x08008894       0x3a Drivers/BSP/Components/HTS221_Driver_HL.o
 .text.HTS221_Get_Hum
                0x080088ce       0x46 Drivers/BSP/Components/HTS221_Driver_HL.o
 .text.HTS221_Get_Temp
                0x08008914       0x48 Drivers/BSP/Components/HTS221_Driver_HL.o
 .text.HTS221_Get_ODR
                0x0800895c       0x80 Drivers/BSP/Components/HTS221_Driver_HL.o
 .text.HTS221_Set_ODR
                0x080089dc       0x6c Drivers/BSP/Components/HTS221_Driver_HL.o
 .text.HTS221_Set_ODR_Value
                0x08008a48       0x5a Drivers/BSP/Components/HTS221_Driver_HL.o
 .text.HTS221_Read_Reg
                0x08008aa2       0x2e Drivers/BSP/Components/HTS221_Driver_HL.o
 .text.HTS221_Write_Reg
                0x08008ad0       0x30 Drivers/BSP/Components/HTS221_Driver_HL.o
 .text.LPS22HB_ReadReg
                0x08008b00       0x32 Drivers/BSP/Components/LPS22HB_Driver.o
                0x08008b00                LPS22HB_ReadReg
 .text.LPS22HB_WriteReg
                0x08008b32       0x32 Drivers/BSP/Components/LPS22HB_Driver.o
                0x08008b32                LPS22HB_WriteReg
 .text.LPS22HB_Get_DeviceID
                0x08008b64       0x2a Drivers/BSP/Components/LPS22HB_Driver.o
                0x08008b64                LPS22HB_Get_DeviceID
 .text.LPS22HB_Set_PowerMode
                0x08008b8e       0x5a Drivers/BSP/Components/LPS22HB_Driver.o
                0x08008b8e                LPS22HB_Set_PowerMode
 .text.LPS22HB_Set_Odr
                0x08008be8       0x5a Drivers/BSP/Components/LPS22HB_Driver.o
                0x08008be8                LPS22HB_Set_Odr
 .text.LPS22HB_Get_Odr
                0x08008c42       0x38 Drivers/BSP/Components/LPS22HB_Driver.o
                0x08008c42                LPS22HB_Get_Odr
 .text.LPS22HB_Set_LowPassFilter
                0x08008c7a       0x62 Drivers/BSP/Components/LPS22HB_Driver.o
                0x08008c7a                LPS22HB_Set_LowPassFilter
 .text.LPS22HB_Set_LowPassFilterCutoff
                0x08008cdc       0x5a Drivers/BSP/Components/LPS22HB_Driver.o
                0x08008cdc                LPS22HB_Set_LowPassFilterCutoff
 .text.LPS22HB_Set_Bdu
                0x08008d36       0x5a Drivers/BSP/Components/LPS22HB_Driver.o
                0x08008d36                LPS22HB_Set_Bdu
 .text.LPS22HB_SwResetAndMemoryBoot
                0x08008d90       0x4c Drivers/BSP/Components/LPS22HB_Driver.o
                0x08008d90                LPS22HB_SwResetAndMemoryBoot
 .text.LPS22HB_Set_FifoModeUse
                0x08008ddc       0x62 Drivers/BSP/Components/LPS22HB_Driver.o
                0x08008ddc                LPS22HB_Set_FifoModeUse
 .text.LPS22HB_Set_FifoWatermarkLevelUse
                0x08008e3e       0x62 Drivers/BSP/Components/LPS22HB_Driver.o
                0x08008e3e                LPS22HB_Set_FifoWatermarkLevelUse
 .text.LPS22HB_Set_AutomaticIncrementRegAddress
                0x08008ea0       0x62 Drivers/BSP/Components/LPS22HB_Driver.o
                0x08008ea0                LPS22HB_Set_AutomaticIncrementRegAddress
 .text.LPS22HB_Set_I2C
                0x08008f02       0x66 Drivers/BSP/Components/LPS22HB_Driver.o
                0x08008f02                LPS22HB_Set_I2C
 .text.LPS22HB_Set_FIFO_OVR_Interrupt
                0x08008f68       0x62 Drivers/BSP/Components/LPS22HB_Driver.o
                0x08008f68                LPS22HB_Set_FIFO_OVR_Interrupt
 .text.LPS22HB_Set_FIFO_FTH_Interrupt
                0x08008fca       0x62 Drivers/BSP/Components/LPS22HB_Driver.o
                0x08008fca                LPS22HB_Set_FIFO_FTH_Interrupt
 .text.LPS22HB_Set_FIFO_FULL_Interrupt
                0x0800902c       0x62 Drivers/BSP/Components/LPS22HB_Driver.o
                0x0800902c                LPS22HB_Set_FIFO_FULL_Interrupt
 .text.LPS22HB_Get_DataStatus
                0x0800908e       0x64 Drivers/BSP/Components/LPS22HB_Driver.o
                0x0800908e                LPS22HB_Get_DataStatus
 .text.LPS22HB_Get_RawPressure
                0x080090f2       0x76 Drivers/BSP/Components/LPS22HB_Driver.o
                0x080090f2                LPS22HB_Get_RawPressure
 .text.LPS22HB_Get_Pressure
                0x08009168       0x42 Drivers/BSP/Components/LPS22HB_Driver.o
                0x08009168                LPS22HB_Get_Pressure
 .text.LPS22HB_Get_RawTemperature
                0x080091aa       0x44 Drivers/BSP/Components/LPS22HB_Driver.o
                0x080091aa                LPS22HB_Get_RawTemperature
 *fill*         0x080091ee        0x2 
 .text.LPS22HB_Get_Temperature
                0x080091f0       0x50 Drivers/BSP/Components/LPS22HB_Driver.o
                0x080091f0                LPS22HB_Get_Temperature
 .text.LPS22HB_Set_FifoMode
                0x08009240       0x5a Drivers/BSP/Components/LPS22HB_Driver.o
                0x08009240                LPS22HB_Set_FifoMode
 .text.LPS22HB_Get_FifoMode
                0x0800929a       0x3c Drivers/BSP/Components/LPS22HB_Driver.o
                0x0800929a                LPS22HB_Get_FifoMode
 .text.LPS22HB_Set_FifoWatermarkLevel
                0x080092d6       0x5a Drivers/BSP/Components/LPS22HB_Driver.o
                0x080092d6                LPS22HB_Set_FifoWatermarkLevel
 .text.LPS22HB_Get_FifoWatermarkLevel
                0x08009330       0x38 Drivers/BSP/Components/LPS22HB_Driver.o
                0x08009330                LPS22HB_Get_FifoWatermarkLevel
 .text.LPS22HB_Get_FifoStatus
                0x08009368       0x7e Drivers/BSP/Components/LPS22HB_Driver.o
                0x08009368                LPS22HB_Get_FifoStatus
 .text.LPS22HB_P_Init
                0x080093e6       0x42 Drivers/BSP/Components/LPS22HB_Driver_HL.o
 .text.LPS22HB_P_DeInit
                0x08009428       0x40 Drivers/BSP/Components/LPS22HB_Driver_HL.o
 .text.LPS22HB_P_Sensor_Enable
                0x08009468       0x50 Drivers/BSP/Components/LPS22HB_Driver_HL.o
 .text.LPS22HB_P_Sensor_Disable
                0x080094b8       0x4e Drivers/BSP/Components/LPS22HB_Driver_HL.o
 .text.LPS22HB_P_Get_WhoAmI
                0x08009506       0x1c Drivers/BSP/Components/LPS22HB_Driver_HL.o
 .text.LPS22HB_P_Check_WhoAmI
                0x08009522       0x18 Drivers/BSP/Components/LPS22HB_Driver_HL.o
 .text.LPS22HB_P_Get_Press
                0x0800953a       0x1c Drivers/BSP/Components/LPS22HB_Driver_HL.o
 .text.LPS22HB_P_Get_ODR
                0x08009556       0x1c Drivers/BSP/Components/LPS22HB_Driver_HL.o
 .text.LPS22HB_P_Set_ODR
                0x08009572       0x54 Drivers/BSP/Components/LPS22HB_Driver_HL.o
 .text.LPS22HB_P_Set_ODR_Value
                0x080095c6       0x54 Drivers/BSP/Components/LPS22HB_Driver_HL.o
 .text.LPS22HB_P_Read_Reg
                0x0800961a       0x2e Drivers/BSP/Components/LPS22HB_Driver_HL.o
 .text.LPS22HB_P_Write_Reg
                0x08009648       0x30 Drivers/BSP/Components/LPS22HB_Driver_HL.o
 .text.LPS22HB_P_Get_DRDY_Status
                0x08009678       0x30 Drivers/BSP/Components/LPS22HB_Driver_HL.o
 .text.LPS22HB_T_Init
                0x080096a8       0x42 Drivers/BSP/Components/LPS22HB_Driver_HL.o
 .text.LPS22HB_T_DeInit
                0x080096ea       0x40 Drivers/BSP/Components/LPS22HB_Driver_HL.o
 .text.LPS22HB_T_Sensor_Enable
                0x0800972a       0x50 Drivers/BSP/Components/LPS22HB_Driver_HL.o
 .text.LPS22HB_T_Sensor_Disable
                0x0800977a       0x4e Drivers/BSP/Components/LPS22HB_Driver_HL.o
 .text.LPS22HB_T_Get_WhoAmI
                0x080097c8       0x1c Drivers/BSP/Components/LPS22HB_Driver_HL.o
 .text.LPS22HB_T_Check_WhoAmI
                0x080097e4       0x18 Drivers/BSP/Components/LPS22HB_Driver_HL.o
 .text.LPS22HB_T_Get_Temp
                0x080097fc       0x1c Drivers/BSP/Components/LPS22HB_Driver_HL.o
 .text.LPS22HB_T_Get_ODR
                0x08009818       0x1c Drivers/BSP/Components/LPS22HB_Driver_HL.o
 .text.LPS22HB_T_Set_ODR
                0x08009834       0x54 Drivers/BSP/Components/LPS22HB_Driver_HL.o
 .text.LPS22HB_T_Set_ODR_Value
                0x08009888       0x54 Drivers/BSP/Components/LPS22HB_Driver_HL.o
 .text.LPS22HB_T_Read_Reg
                0x080098dc       0x2e Drivers/BSP/Components/LPS22HB_Driver_HL.o
 .text.LPS22HB_T_Write_Reg
                0x0800990a       0x30 Drivers/BSP/Components/LPS22HB_Driver_HL.o
 .text.LPS22HB_T_Get_DRDY_Status
                0x0800993a       0x30 Drivers/BSP/Components/LPS22HB_Driver_HL.o
 *fill*         0x0800996a        0x2 
 .text.LPS22HB_Initialize
                0x0800996c       0xbc Drivers/BSP/Components/LPS22HB_Driver_HL.o
 .text.LPS22HB_Get_WhoAmI
                0x08009a28       0x26 Drivers/BSP/Components/LPS22HB_Driver_HL.o
 .text.LPS22HB_Check_WhoAmI
                0x08009a4e       0x3a Drivers/BSP/Components/LPS22HB_Driver_HL.o
 .text.LPS22HB_Get_Press
                0x08009a88       0x4c Drivers/BSP/Components/LPS22HB_Driver_HL.o
 .text.LPS22HB_Get_Temp
                0x08009ad4       0x48 Drivers/BSP/Components/LPS22HB_Driver_HL.o
 .text.LPS22HB_Get_ODR
                0x08009b1c       0xa0 Drivers/BSP/Components/LPS22HB_Driver_HL.o
 .text.LPS22HB_Set_ODR_When_Enabled
                0x08009bbc       0x88 Drivers/BSP/Components/LPS22HB_Driver_HL.o
 .text.LPS22HB_Set_ODR_When_Disabled
                0x08009c44       0x7c Drivers/BSP/Components/LPS22HB_Driver_HL.o
 .text.LPS22HB_Set_ODR_Value_When_Enabled
                0x08009cc0       0xa4 Drivers/BSP/Components/LPS22HB_Driver_HL.o
 .text.LPS22HB_Set_ODR_Value_When_Disabled
                0x08009d64       0x90 Drivers/BSP/Components/LPS22HB_Driver_HL.o
 .text.LPS22HB_Read_Reg
                0x08009df4       0x2e Drivers/BSP/Components/LPS22HB_Driver_HL.o
 .text.LPS22HB_Write_Reg
                0x08009e22       0x30 Drivers/BSP/Components/LPS22HB_Driver_HL.o
 .text.LPS22HB_FIFO_Get_Empty_Status
                0x08009e52       0x30 Drivers/BSP/Components/LPS22HB_Driver_HL.o
 .text.LPS22HB_FIFO_Get_Full_Status
                0x08009e82       0x30 Drivers/BSP/Components/LPS22HB_Driver_HL.o
 .text.LPS22HB_FIFO_Get_Ovr_Status
                0x08009eb2       0x30 Drivers/BSP/Components/LPS22HB_Driver_HL.o
 .text.LPS22HB_FIFO_Get_Fth_Status
                0x08009ee2       0x30 Drivers/BSP/Components/LPS22HB_Driver_HL.o
 .text.LPS22HB_FIFO_Stop_On_Fth
                0x08009f12       0x38 Drivers/BSP/Components/LPS22HB_Driver_HL.o
 .text.LPS22HB_FIFO_Usage
                0x08009f4a       0x38 Drivers/BSP/Components/LPS22HB_Driver_HL.o
 .text.LPS22HB_FIFO_Get_Num_Of_Samples
                0x08009f82       0x30 Drivers/BSP/Components/LPS22HB_Driver_HL.o
 .text.LPS22HB_FIFO_Get_Data
                0x08009fb2       0x3a Drivers/BSP/Components/LPS22HB_Driver_HL.o
 .text.LPS22HB_FIFO_Get_Mode
                0x08009fec       0x30 Drivers/BSP/Components/LPS22HB_Driver_HL.o
 .text.LPS22HB_FIFO_Set_Mode
                0x0800a01c       0x50 Drivers/BSP/Components/LPS22HB_Driver_HL.o
 .text.LPS22HB_FIFO_Get_Watermark_Level
                0x0800a06c       0x26 Drivers/BSP/Components/LPS22HB_Driver_HL.o
 .text.LPS22HB_FIFO_Set_Watermark_Level
                0x0800a092       0x2a Drivers/BSP/Components/LPS22HB_Driver_HL.o
 .text.LPS22HB_FIFO_Watermark_Usage
                0x0800a0bc       0x38 Drivers/BSP/Components/LPS22HB_Driver_HL.o
 .text.LPS22HB_FIFO_Set_Interrupt
                0x0800a0f4       0x68 Drivers/BSP/Components/LPS22HB_Driver_HL.o
 .text.LPS22HB_FIFO_Reset_Interrupt
                0x0800a15c       0x68 Drivers/BSP/Components/LPS22HB_Driver_HL.o
 .text.LSM303AGR_ACC_WriteReg
                0x0800a1c4       0x34 Drivers/BSP/Components/LSM303AGR_ACC_driver.o
                0x0800a1c4                LSM303AGR_ACC_WriteReg
 .text.LSM303AGR_ACC_ReadReg
                0x0800a1f8       0x34 Drivers/BSP/Components/LSM303AGR_ACC_driver.o
                0x0800a1f8                LSM303AGR_ACC_ReadReg
 .text.LSM303AGR_ACC_R_WHO_AM_I
                0x0800a22c       0x3a Drivers/BSP/Components/LSM303AGR_ACC_driver.o
                0x0800a22c                LSM303AGR_ACC_R_WHO_AM_I
 .text.LSM303AGR_ACC_W_BlockDataUpdate
                0x0800a266       0x5a Drivers/BSP/Components/LSM303AGR_ACC_driver.o
                0x0800a266                LSM303AGR_ACC_W_BlockDataUpdate
 .text.LSM303AGR_ACC_W_FullScale
                0x0800a2c0       0x5a Drivers/BSP/Components/LSM303AGR_ACC_driver.o
                0x0800a2c0                LSM303AGR_ACC_W_FullScale
 .text.LSM303AGR_ACC_R_FullScale
                0x0800a31a       0x38 Drivers/BSP/Components/LSM303AGR_ACC_driver.o
                0x0800a31a                LSM303AGR_ACC_R_FullScale
 .text.LSM303AGR_ACC_Get_Raw_Acceleration
                0x0800a352       0x2a Drivers/BSP/Components/LSM303AGR_ACC_driver.o
                0x0800a352                LSM303AGR_ACC_Get_Raw_Acceleration
 .text.LSM303AGR_ACC_Get_Acceleration
                0x0800a37c      0x1cc Drivers/BSP/Components/LSM303AGR_ACC_driver.o
                0x0800a37c                LSM303AGR_ACC_Get_Acceleration
 .text.LSM303AGR_ACC_W_ODR
                0x0800a548       0x5a Drivers/BSP/Components/LSM303AGR_ACC_driver.o
                0x0800a548                LSM303AGR_ACC_W_ODR
 .text.LSM303AGR_ACC_R_ODR
                0x0800a5a2       0x38 Drivers/BSP/Components/LSM303AGR_ACC_driver.o
                0x0800a5a2                LSM303AGR_ACC_R_ODR
 .text.LSM303AGR_ACC_W_XEN
                0x0800a5da       0x5a Drivers/BSP/Components/LSM303AGR_ACC_driver.o
                0x0800a5da                LSM303AGR_ACC_W_XEN
 .text.LSM303AGR_ACC_R_XEN
                0x0800a634       0x38 Drivers/BSP/Components/LSM303AGR_ACC_driver.o
                0x0800a634                LSM303AGR_ACC_R_XEN
 .text.LSM303AGR_ACC_W_YEN
                0x0800a66c       0x5a Drivers/BSP/Components/LSM303AGR_ACC_driver.o
                0x0800a66c                LSM303AGR_ACC_W_YEN
 .text.LSM303AGR_ACC_R_YEN
                0x0800a6c6       0x38 Drivers/BSP/Components/LSM303AGR_ACC_driver.o
                0x0800a6c6                LSM303AGR_ACC_R_YEN
 .text.LSM303AGR_ACC_W_ZEN
                0x0800a6fe       0x5a Drivers/BSP/Components/LSM303AGR_ACC_driver.o
                0x0800a6fe                LSM303AGR_ACC_W_ZEN
 .text.LSM303AGR_ACC_R_ZEN
                0x0800a758       0x38 Drivers/BSP/Components/LSM303AGR_ACC_driver.o
                0x0800a758                LSM303AGR_ACC_R_ZEN
 .text.LSM303AGR_ACC_R_LOWPWR_EN
                0x0800a790       0x38 Drivers/BSP/Components/LSM303AGR_ACC_driver.o
                0x0800a790                LSM303AGR_ACC_R_LOWPWR_EN
 .text.LSM303AGR_ACC_R_HiRes
                0x0800a7c8       0x38 Drivers/BSP/Components/LSM303AGR_ACC_driver.o
                0x0800a7c8                LSM303AGR_ACC_R_HiRes
 .text.LSM303AGR_ACC_R_XDataAvail
                0x0800a800       0x38 Drivers/BSP/Components/LSM303AGR_ACC_driver.o
                0x0800a800                LSM303AGR_ACC_R_XDataAvail
 .text.LSM303AGR_ACC_W_FifoMode
                0x0800a838       0x5a Drivers/BSP/Components/LSM303AGR_ACC_driver.o
                0x0800a838                LSM303AGR_ACC_W_FifoMode
 *fill*         0x0800a892        0x2 
 .text.LSM303AGR_X_Init
                0x0800a894       0xc0 Drivers/BSP/Components/LSM303AGR_ACC_driver_HL.o
 .text.LSM303AGR_X_DeInit
                0x0800a954       0x58 Drivers/BSP/Components/LSM303AGR_ACC_driver_HL.o
 .text.LSM303AGR_X_Sensor_Enable
                0x0800a9ac       0x4a Drivers/BSP/Components/LSM303AGR_ACC_driver_HL.o
 .text.LSM303AGR_X_Sensor_Disable
                0x0800a9f6       0x58 Drivers/BSP/Components/LSM303AGR_ACC_driver_HL.o
 .text.LSM303AGR_X_Get_WhoAmI
                0x0800aa4e       0x26 Drivers/BSP/Components/LSM303AGR_ACC_driver_HL.o
 .text.LSM303AGR_X_Check_WhoAmI
                0x0800aa74       0x3a Drivers/BSP/Components/LSM303AGR_ACC_driver_HL.o
 .text.LSM303AGR_X_Get_Axes
                0x0800aaae       0x3c Drivers/BSP/Components/LSM303AGR_ACC_driver_HL.o
 .text.LSM303AGR_X_Get_AxesRaw
                0x0800aaea       0x42 Drivers/BSP/Components/LSM303AGR_ACC_driver_HL.o
 .text.LSM303AGR_X_Get_Sensitivity
                0x0800ab2c       0x88 Drivers/BSP/Components/LSM303AGR_ACC_driver_HL.o
 .text.LSM303AGR_X_Get_ODR
                0x0800abb4       0xc4 Drivers/BSP/Components/LSM303AGR_ACC_driver_HL.o
 .text.LSM303AGR_X_Set_ODR
                0x0800ac78       0x46 Drivers/BSP/Components/LSM303AGR_ACC_driver_HL.o
 .text.LSM303AGR_X_Set_ODR_Value
                0x0800acbe       0x46 Drivers/BSP/Components/LSM303AGR_ACC_driver_HL.o
 .text.LSM303AGR_X_Get_FS
                0x0800ad04       0x7c Drivers/BSP/Components/LSM303AGR_ACC_driver_HL.o
 .text.LSM303AGR_X_Set_FS
                0x0800ad80       0x4e Drivers/BSP/Components/LSM303AGR_ACC_driver_HL.o
 .text.LSM303AGR_X_Set_FS_Value
                0x0800adce       0x70 Drivers/BSP/Components/LSM303AGR_ACC_driver_HL.o
 .text.LSM303AGR_X_Get_Axes_Status
                0x0800ae3e       0x8c Drivers/BSP/Components/LSM303AGR_ACC_driver_HL.o
 .text.LSM303AGR_X_Set_Axes_Status
                0x0800aeca       0x78 Drivers/BSP/Components/LSM303AGR_ACC_driver_HL.o
 .text.LSM303AGR_X_Read_Reg
                0x0800af42       0x2e Drivers/BSP/Components/LSM303AGR_ACC_driver_HL.o
 .text.LSM303AGR_X_Write_Reg
                0x0800af70       0x30 Drivers/BSP/Components/LSM303AGR_ACC_driver_HL.o
 .text.LSM303AGR_X_Get_DRDY_Status
                0x0800afa0       0x48 Drivers/BSP/Components/LSM303AGR_ACC_driver_HL.o
 .text.LSM303AGR_X_Get_Axes_Raw
                0x0800afe8       0xce Drivers/BSP/Components/LSM303AGR_ACC_driver_HL.o
 *fill*         0x0800b0b6        0x2 
 .text.LSM303AGR_X_Set_ODR_When_Enabled
                0x0800b0b8       0x6c Drivers/BSP/Components/LSM303AGR_ACC_driver_HL.o
 .text.LSM303AGR_X_Set_ODR_When_Disabled
                0x0800b124       0x84 Drivers/BSP/Components/LSM303AGR_ACC_driver_HL.o
 .text.LSM303AGR_X_Set_ODR_Value_When_Enabled
                0x0800b1a8       0xc0 Drivers/BSP/Components/LSM303AGR_ACC_driver_HL.o
 .text.LSM303AGR_X_Set_ODR_Value_When_Disabled
                0x0800b268       0xd8 Drivers/BSP/Components/LSM303AGR_ACC_driver_HL.o
 .text.LSM303AGR_X_Get_Sensitivity_Normal_Mode
                0x0800b340       0x84 Drivers/BSP/Components/LSM303AGR_ACC_driver_HL.o
 .text.LSM303AGR_X_Get_Sensitivity_LP_Mode
                0x0800b3c4       0x84 Drivers/BSP/Components/LSM303AGR_ACC_driver_HL.o
 .text.LSM303AGR_X_Get_Sensitivity_HR_Mode
                0x0800b448       0x84 Drivers/BSP/Components/LSM303AGR_ACC_driver_HL.o
 .text.LSM303AGR_MAG_WriteReg
                0x0800b4cc       0x34 Drivers/BSP/Components/LSM303AGR_MAG_driver.o
                0x0800b4cc                LSM303AGR_MAG_WriteReg
 .text.LSM303AGR_MAG_ReadReg
                0x0800b500       0x34 Drivers/BSP/Components/LSM303AGR_MAG_driver.o
                0x0800b500                LSM303AGR_MAG_ReadReg
 .text.LSM303AGR_MAG_R_WHO_AM_I
                0x0800b534       0x3a Drivers/BSP/Components/LSM303AGR_MAG_driver.o
                0x0800b534                LSM303AGR_MAG_R_WHO_AM_I
 .text.LSM303AGR_MAG_W_BDU
                0x0800b56e       0x5a Drivers/BSP/Components/LSM303AGR_MAG_driver.o
                0x0800b56e                LSM303AGR_MAG_W_BDU
 .text.LSM303AGR_MAG_W_MD
                0x0800b5c8       0x5a Drivers/BSP/Components/LSM303AGR_MAG_driver.o
                0x0800b5c8                LSM303AGR_MAG_W_MD
 .text.LSM303AGR_MAG_Get_Raw_Magnetic
                0x0800b622       0x2a Drivers/BSP/Components/LSM303AGR_MAG_driver.o
                0x0800b622                LSM303AGR_MAG_Get_Raw_Magnetic
 .text.LSM303AGR_MAG_W_ODR
                0x0800b64c       0x5a Drivers/BSP/Components/LSM303AGR_MAG_driver.o
                0x0800b64c                LSM303AGR_MAG_W_ODR
 .text.LSM303AGR_MAG_R_ODR
                0x0800b6a6       0x38 Drivers/BSP/Components/LSM303AGR_MAG_driver.o
                0x0800b6a6                LSM303AGR_MAG_R_ODR
 .text.LSM303AGR_MAG_W_ST
                0x0800b6de       0x5a Drivers/BSP/Components/LSM303AGR_MAG_driver.o
                0x0800b6de                LSM303AGR_MAG_W_ST
 .text.LSM303AGR_MAG_W_I2C_DIS
                0x0800b738       0x5a Drivers/BSP/Components/LSM303AGR_MAG_driver.o
                0x0800b738                LSM303AGR_MAG_W_I2C_DIS
 .text.LSM303AGR_MAG_R_ZYXDA
                0x0800b792       0x38 Drivers/BSP/Components/LSM303AGR_MAG_driver.o
                0x0800b792                LSM303AGR_MAG_R_ZYXDA
 .text.LSM303AGR_M_Init
                0x0800b7ca       0x9a Drivers/BSP/Components/LSM303AGR_MAG_driver_HL.o
 .text.LSM303AGR_M_DeInit
                0x0800b864       0x50 Drivers/BSP/Components/LSM303AGR_MAG_driver_HL.o
 .text.LSM303AGR_M_Sensor_Enable
                0x0800b8b4       0x36 Drivers/BSP/Components/LSM303AGR_MAG_driver_HL.o
 .text.LSM303AGR_M_Sensor_Disable
                0x0800b8ea       0x36 Drivers/BSP/Components/LSM303AGR_MAG_driver_HL.o
 .text.LSM303AGR_M_Get_WhoAmI
                0x0800b920       0x26 Drivers/BSP/Components/LSM303AGR_MAG_driver_HL.o
 .text.LSM303AGR_M_Check_WhoAmI
                0x0800b946       0x3a Drivers/BSP/Components/LSM303AGR_MAG_driver_HL.o
 .text.LSM303AGR_M_Get_Axes
                0x0800b980       0xa6 Drivers/BSP/Components/LSM303AGR_MAG_driver_HL.o
 .text.LSM303AGR_M_Get_AxesRaw
                0x0800ba26       0x42 Drivers/BSP/Components/LSM303AGR_MAG_driver_HL.o
 .text.LSM303AGR_M_Get_Sensitivity
                0x0800ba68       0x20 Drivers/BSP/Components/LSM303AGR_MAG_driver_HL.o
 .text.LSM303AGR_M_Get_ODR
                0x0800ba88       0xa8 Drivers/BSP/Components/LSM303AGR_MAG_driver_HL.o
 .text.LSM303AGR_M_Set_ODR
                0x0800bb30       0x6c Drivers/BSP/Components/LSM303AGR_MAG_driver_HL.o
 .text.LSM303AGR_M_Set_ODR_Value
                0x0800bb9c       0x74 Drivers/BSP/Components/LSM303AGR_MAG_driver_HL.o
 .text.LSM303AGR_M_Get_FS
                0x0800bc10       0x24 Drivers/BSP/Components/LSM303AGR_MAG_driver_HL.o
 .text.LSM303AGR_M_Set_FS
                0x0800bc34       0x1a Drivers/BSP/Components/LSM303AGR_MAG_driver_HL.o
 .text.LSM303AGR_M_Set_FS_Value
                0x0800bc4e       0x1a Drivers/BSP/Components/LSM303AGR_MAG_driver_HL.o
 .text.LSM303AGR_M_Read_Reg
                0x0800bc68       0x2e Drivers/BSP/Components/LSM303AGR_MAG_driver_HL.o
 .text.LSM303AGR_M_Write_Reg
                0x0800bc96       0x30 Drivers/BSP/Components/LSM303AGR_MAG_driver_HL.o
 .text.LSM303AGR_M_Get_DRDY_Status
                0x0800bcc6       0x48 Drivers/BSP/Components/LSM303AGR_MAG_driver_HL.o
 .text.LSM303AGR_M_Get_Axes_Raw
                0x0800bd0e       0x5c Drivers/BSP/Components/LSM303AGR_MAG_driver_HL.o
 .text.LSM6DSM_ACC_GYRO_ReadReg
                0x0800bd6a       0x2e Drivers/BSP/Components/LSM6DSM_ACC_GYRO_driver.o
                0x0800bd6a                LSM6DSM_ACC_GYRO_ReadReg
 .text.LSM6DSM_ACC_GYRO_WriteReg
                0x0800bd98       0x30 Drivers/BSP/Components/LSM6DSM_ACC_GYRO_driver.o
                0x0800bd98                LSM6DSM_ACC_GYRO_WriteReg
 .text.LSM6DSM_ACC_GYRO_W_EmbeddedAccess
                0x0800bdc8       0x58 Drivers/BSP/Components/LSM6DSM_ACC_GYRO_driver.o
                0x0800bdc8                LSM6DSM_ACC_GYRO_W_EmbeddedAccess
 .text.LSM6DSM_ACC_GYRO_W_FIFO_MODE
                0x0800be20       0x58 Drivers/BSP/Components/LSM6DSM_ACC_GYRO_driver.o
                0x0800be20                LSM6DSM_ACC_GYRO_W_FIFO_MODE
 .text.LSM6DSM_ACC_GYRO_W_STEP_DELTA_on_INT2
                0x0800be78       0x58 Drivers/BSP/Components/LSM6DSM_ACC_GYRO_driver.o
                0x0800be78                LSM6DSM_ACC_GYRO_W_STEP_DELTA_on_INT2
 .text.LSM6DSM_ACC_GYRO_R_WHO_AM_I
                0x0800bed0       0x38 Drivers/BSP/Components/LSM6DSM_ACC_GYRO_driver.o
                0x0800bed0                LSM6DSM_ACC_GYRO_R_WHO_AM_I
 .text.LSM6DSM_ACC_GYRO_W_FS_XL
                0x0800bf08       0x58 Drivers/BSP/Components/LSM6DSM_ACC_GYRO_driver.o
                0x0800bf08                LSM6DSM_ACC_GYRO_W_FS_XL
 .text.LSM6DSM_ACC_GYRO_R_FS_XL
                0x0800bf60       0x36 Drivers/BSP/Components/LSM6DSM_ACC_GYRO_driver.o
                0x0800bf60                LSM6DSM_ACC_GYRO_R_FS_XL
 .text.LSM6DSM_ACC_GYRO_W_ODR_XL
                0x0800bf96       0x58 Drivers/BSP/Components/LSM6DSM_ACC_GYRO_driver.o
                0x0800bf96                LSM6DSM_ACC_GYRO_W_ODR_XL
 .text.LSM6DSM_ACC_GYRO_R_ODR_XL
                0x0800bfee       0x36 Drivers/BSP/Components/LSM6DSM_ACC_GYRO_driver.o
                0x0800bfee                LSM6DSM_ACC_GYRO_R_ODR_XL
 .text.LSM6DSM_ACC_GYRO_W_FS_125
                0x0800c024       0x58 Drivers/BSP/Components/LSM6DSM_ACC_GYRO_driver.o
                0x0800c024                LSM6DSM_ACC_GYRO_W_FS_125
 .text.LSM6DSM_ACC_GYRO_R_FS_125
                0x0800c07c       0x36 Drivers/BSP/Components/LSM6DSM_ACC_GYRO_driver.o
                0x0800c07c                LSM6DSM_ACC_GYRO_R_FS_125
 .text.LSM6DSM_ACC_GYRO_W_FS_G
                0x0800c0b2       0x58 Drivers/BSP/Components/LSM6DSM_ACC_GYRO_driver.o
                0x0800c0b2                LSM6DSM_ACC_GYRO_W_FS_G
 .text.LSM6DSM_ACC_GYRO_R_FS_G
                0x0800c10a       0x36 Drivers/BSP/Components/LSM6DSM_ACC_GYRO_driver.o
                0x0800c10a                LSM6DSM_ACC_GYRO_R_FS_G
 .text.LSM6DSM_ACC_GYRO_W_ODR_G
                0x0800c140       0x58 Drivers/BSP/Components/LSM6DSM_ACC_GYRO_driver.o
                0x0800c140                LSM6DSM_ACC_GYRO_W_ODR_G
 .text.LSM6DSM_ACC_GYRO_R_ODR_G
                0x0800c198       0x36 Drivers/BSP/Components/LSM6DSM_ACC_GYRO_driver.o
                0x0800c198                LSM6DSM_ACC_GYRO_R_ODR_G
 .text.LSM6DSM_ACC_GYRO_W_IF_Addr_Incr
                0x0800c1ce       0x58 Drivers/BSP/Components/LSM6DSM_ACC_GYRO_driver.o
                0x0800c1ce                LSM6DSM_ACC_GYRO_W_IF_Addr_Incr
 .text.LSM6DSM_ACC_GYRO_W_BDU
                0x0800c226       0x58 Drivers/BSP/Components/LSM6DSM_ACC_GYRO_driver.o
                0x0800c226                LSM6DSM_ACC_GYRO_W_BDU
 .text.LSM6DSM_ACC_GYRO_W_I2C_DISABLE
                0x0800c27e       0x58 Drivers/BSP/Components/LSM6DSM_ACC_GYRO_driver.o
                0x0800c27e                LSM6DSM_ACC_GYRO_W_I2C_DISABLE
 .text.LSM6DSM_ACC_GYRO_W_PedoStepReset
                0x0800c2d6       0x58 Drivers/BSP/Components/LSM6DSM_ACC_GYRO_driver.o
                0x0800c2d6                LSM6DSM_ACC_GYRO_W_PedoStepReset
 .text.LSM6DSM_ACC_GYRO_W_TILT
                0x0800c32e       0x58 Drivers/BSP/Components/LSM6DSM_ACC_GYRO_driver.o
                0x0800c32e                LSM6DSM_ACC_GYRO_W_TILT
 .text.LSM6DSM_ACC_GYRO_W_PEDO
                0x0800c386       0x58 Drivers/BSP/Components/LSM6DSM_ACC_GYRO_driver.o
                0x0800c386                LSM6DSM_ACC_GYRO_W_PEDO
 .text.LSM6DSM_ACC_GYRO_W_FUNC_EN
                0x0800c3de       0x58 Drivers/BSP/Components/LSM6DSM_ACC_GYRO_driver.o
                0x0800c3de                LSM6DSM_ACC_GYRO_W_FUNC_EN
 .text.LSM6DSM_ACC_GYRO_R_WU_EV_STATUS
                0x0800c436       0x36 Drivers/BSP/Components/LSM6DSM_ACC_GYRO_driver.o
                0x0800c436                LSM6DSM_ACC_GYRO_R_WU_EV_STATUS
 .text.LSM6DSM_ACC_GYRO_R_FF_EV_STATUS
                0x0800c46c       0x36 Drivers/BSP/Components/LSM6DSM_ACC_GYRO_driver.o
                0x0800c46c                LSM6DSM_ACC_GYRO_R_FF_EV_STATUS
 .text.LSM6DSM_ACC_GYRO_R_DOUBLE_TAP_EV_STATUS
                0x0800c4a2       0x36 Drivers/BSP/Components/LSM6DSM_ACC_GYRO_driver.o
                0x0800c4a2                LSM6DSM_ACC_GYRO_R_DOUBLE_TAP_EV_STATUS
 .text.LSM6DSM_ACC_GYRO_R_SINGLE_TAP_EV_STATUS
                0x0800c4d8       0x36 Drivers/BSP/Components/LSM6DSM_ACC_GYRO_driver.o
                0x0800c4d8                LSM6DSM_ACC_GYRO_R_SINGLE_TAP_EV_STATUS
 .text.LSM6DSM_ACC_GYRO_R_DSD_XL
                0x0800c50e       0x36 Drivers/BSP/Components/LSM6DSM_ACC_GYRO_driver.o
                0x0800c50e                LSM6DSM_ACC_GYRO_R_DSD_XL
 .text.LSM6DSM_ACC_GYRO_R_DSD_XH
                0x0800c544       0x36 Drivers/BSP/Components/LSM6DSM_ACC_GYRO_driver.o
                0x0800c544                LSM6DSM_ACC_GYRO_R_DSD_XH
 .text.LSM6DSM_ACC_GYRO_R_DSD_YL
                0x0800c57a       0x36 Drivers/BSP/Components/LSM6DSM_ACC_GYRO_driver.o
                0x0800c57a                LSM6DSM_ACC_GYRO_R_DSD_YL
 .text.LSM6DSM_ACC_GYRO_R_DSD_YH
                0x0800c5b0       0x36 Drivers/BSP/Components/LSM6DSM_ACC_GYRO_driver.o
                0x0800c5b0                LSM6DSM_ACC_GYRO_R_DSD_YH
 .text.LSM6DSM_ACC_GYRO_R_DSD_ZL
                0x0800c5e6       0x36 Drivers/BSP/Components/LSM6DSM_ACC_GYRO_driver.o
                0x0800c5e6                LSM6DSM_ACC_GYRO_R_DSD_ZL
 .text.LSM6DSM_ACC_GYRO_R_DSD_ZH
                0x0800c61c       0x36 Drivers/BSP/Components/LSM6DSM_ACC_GYRO_driver.o
                0x0800c61c                LSM6DSM_ACC_GYRO_R_DSD_ZH
 .text.LSM6DSM_ACC_GYRO_R_D6D_EV_STATUS
                0x0800c652       0x36 Drivers/BSP/Components/LSM6DSM_ACC_GYRO_driver.o
                0x0800c652                LSM6DSM_ACC_GYRO_R_D6D_EV_STATUS
 .text.LSM6DSM_ACC_GYRO_R_XLDA
                0x0800c688       0x36 Drivers/BSP/Components/LSM6DSM_ACC_GYRO_driver.o
                0x0800c688                LSM6DSM_ACC_GYRO_R_XLDA
 .text.LSM6DSM_ACC_GYRO_R_GDA
                0x0800c6be       0x36 Drivers/BSP/Components/LSM6DSM_ACC_GYRO_driver.o
                0x0800c6be                LSM6DSM_ACC_GYRO_R_GDA
 .text.LSM6DSM_ACC_GYRO_R_PEDO_EV_STATUS
                0x0800c6f4       0x36 Drivers/BSP/Components/LSM6DSM_ACC_GYRO_driver.o
                0x0800c6f4                LSM6DSM_ACC_GYRO_R_PEDO_EV_STATUS
 .text.LSM6DSM_ACC_GYRO_R_TILT_EV_STATUS
                0x0800c72a       0x36 Drivers/BSP/Components/LSM6DSM_ACC_GYRO_driver.o
                0x0800c72a                LSM6DSM_ACC_GYRO_R_TILT_EV_STATUS
 .text.LSM6DSM_ACC_GYRO_W_TAP_Z_EN
                0x0800c760       0x58 Drivers/BSP/Components/LSM6DSM_ACC_GYRO_driver.o
                0x0800c760                LSM6DSM_ACC_GYRO_W_TAP_Z_EN
 .text.LSM6DSM_ACC_GYRO_W_TAP_Y_EN
                0x0800c7b8       0x58 Drivers/BSP/Components/LSM6DSM_ACC_GYRO_driver.o
                0x0800c7b8                LSM6DSM_ACC_GYRO_W_TAP_Y_EN
 .text.LSM6DSM_ACC_GYRO_W_TAP_X_EN
                0x0800c810       0x58 Drivers/BSP/Components/LSM6DSM_ACC_GYRO_driver.o
                0x0800c810                LSM6DSM_ACC_GYRO_W_TAP_X_EN
 .text.LSM6DSM_ACC_GYRO_W_BASIC_INT
                0x0800c868       0x58 Drivers/BSP/Components/LSM6DSM_ACC_GYRO_driver.o
                0x0800c868                LSM6DSM_ACC_GYRO_W_BASIC_INT
 .text.LSM6DSM_ACC_GYRO_W_TAP_THS
                0x0800c8c0       0x60 Drivers/BSP/Components/LSM6DSM_ACC_GYRO_driver.o
                0x0800c8c0                LSM6DSM_ACC_GYRO_W_TAP_THS
 .text.LSM6DSM_ACC_GYRO_W_SIXD_THS
                0x0800c920       0x58 Drivers/BSP/Components/LSM6DSM_ACC_GYRO_driver.o
                0x0800c920                LSM6DSM_ACC_GYRO_W_SIXD_THS
 .text.LSM6DSM_ACC_GYRO_W_SHOCK_Duration
                0x0800c978       0x60 Drivers/BSP/Components/LSM6DSM_ACC_GYRO_driver.o
                0x0800c978                LSM6DSM_ACC_GYRO_W_SHOCK_Duration
 .text.LSM6DSM_ACC_GYRO_W_QUIET_Duration
                0x0800c9d8       0x66 Drivers/BSP/Components/LSM6DSM_ACC_GYRO_driver.o
                0x0800c9d8                LSM6DSM_ACC_GYRO_W_QUIET_Duration
 .text.LSM6DSM_ACC_GYRO_W_DUR
                0x0800ca3e       0x66 Drivers/BSP/Components/LSM6DSM_ACC_GYRO_driver.o
                0x0800ca3e                LSM6DSM_ACC_GYRO_W_DUR
 .text.LSM6DSM_ACC_GYRO_W_WK_THS
                0x0800caa4       0x60 Drivers/BSP/Components/LSM6DSM_ACC_GYRO_driver.o
                0x0800caa4                LSM6DSM_ACC_GYRO_W_WK_THS
 .text.LSM6DSM_ACC_GYRO_W_SINGLE_DOUBLE_TAP_EV
                0x0800cb04       0x58 Drivers/BSP/Components/LSM6DSM_ACC_GYRO_driver.o
                0x0800cb04                LSM6DSM_ACC_GYRO_W_SINGLE_DOUBLE_TAP_EV
 .text.LSM6DSM_ACC_GYRO_W_SLEEP_DUR
                0x0800cb5c       0x60 Drivers/BSP/Components/LSM6DSM_ACC_GYRO_driver.o
                0x0800cb5c                LSM6DSM_ACC_GYRO_W_SLEEP_DUR
 .text.LSM6DSM_ACC_GYRO_W_TIMER_HR
                0x0800cbbc       0x58 Drivers/BSP/Components/LSM6DSM_ACC_GYRO_driver.o
                0x0800cbbc                LSM6DSM_ACC_GYRO_W_TIMER_HR
 .text.LSM6DSM_ACC_GYRO_W_WAKE_DUR
                0x0800cc14       0x66 Drivers/BSP/Components/LSM6DSM_ACC_GYRO_driver.o
                0x0800cc14                LSM6DSM_ACC_GYRO_W_WAKE_DUR
 .text.LSM6DSM_ACC_GYRO_W_FF_THS
                0x0800cc7a       0x58 Drivers/BSP/Components/LSM6DSM_ACC_GYRO_driver.o
                0x0800cc7a                LSM6DSM_ACC_GYRO_W_FF_THS
 .text.LSM6DSM_ACC_GYRO_W_FF_Duration
                0x0800ccd2       0xca Drivers/BSP/Components/LSM6DSM_ACC_GYRO_driver.o
                0x0800ccd2                LSM6DSM_ACC_GYRO_W_FF_Duration
 .text.LSM6DSM_ACC_GYRO_W_TiltEvOnInt2
                0x0800cd9c       0x58 Drivers/BSP/Components/LSM6DSM_ACC_GYRO_driver.o
                0x0800cd9c                LSM6DSM_ACC_GYRO_W_TiltEvOnInt2
 .text.LSM6DSM_ACC_GYRO_W_6DEvOnInt2
                0x0800cdf4       0x58 Drivers/BSP/Components/LSM6DSM_ACC_GYRO_driver.o
                0x0800cdf4                LSM6DSM_ACC_GYRO_W_6DEvOnInt2
 .text.LSM6DSM_ACC_GYRO_W_TapEvOnInt2
                0x0800ce4c       0x58 Drivers/BSP/Components/LSM6DSM_ACC_GYRO_driver.o
                0x0800ce4c                LSM6DSM_ACC_GYRO_W_TapEvOnInt2
 .text.LSM6DSM_ACC_GYRO_W_FFEvOnInt2
                0x0800cea4       0x58 Drivers/BSP/Components/LSM6DSM_ACC_GYRO_driver.o
                0x0800cea4                LSM6DSM_ACC_GYRO_W_FFEvOnInt2
 .text.LSM6DSM_ACC_GYRO_W_WUEvOnInt2
                0x0800cefc       0x58 Drivers/BSP/Components/LSM6DSM_ACC_GYRO_driver.o
                0x0800cefc                LSM6DSM_ACC_GYRO_W_WUEvOnInt2
 .text.LSM6DSM_ACC_GYRO_W_SingleTapOnInt2
                0x0800cf54       0x58 Drivers/BSP/Components/LSM6DSM_ACC_GYRO_driver.o
                0x0800cf54                LSM6DSM_ACC_GYRO_W_SingleTapOnInt2
 .text.LSM6DSM_ACC_GYRO_GetRawGyroData
                0x0800cfac       0x66 Drivers/BSP/Components/LSM6DSM_ACC_GYRO_driver.o
                0x0800cfac                LSM6DSM_ACC_GYRO_GetRawGyroData
 .text.LSM6DSM_ACC_GYRO_GetRawAccData
                0x0800d012       0x66 Drivers/BSP/Components/LSM6DSM_ACC_GYRO_driver.o
                0x0800d012                LSM6DSM_ACC_GYRO_GetRawAccData
 .text.LSM6DSM_ACC_GYRO_Get_GetStepCounter
                0x0800d078       0x66 Drivers/BSP/Components/LSM6DSM_ACC_GYRO_driver.o
                0x0800d078                LSM6DSM_ACC_GYRO_Get_GetStepCounter
 .text.LSM6DSM_ACC_GYRO_W_PedoThreshold
                0x0800d0de       0x88 Drivers/BSP/Components/LSM6DSM_ACC_GYRO_driver.o
                0x0800d0de                LSM6DSM_ACC_GYRO_W_PedoThreshold
 *fill*         0x0800d166        0x2 
 .text.LSM6DSM_X_Init
                0x0800d168       0xa4 Drivers/BSP/Components/LSM6DSM_ACC_GYRO_driver_HL.o
 .text.LSM6DSM_X_DeInit
                0x0800d20c       0xc8 Drivers/BSP/Components/LSM6DSM_ACC_GYRO_driver_HL.o
 .text.LSM6DSM_X_Sensor_Enable
                0x0800d2d4       0x4a Drivers/BSP/Components/LSM6DSM_ACC_GYRO_driver_HL.o
 .text.LSM6DSM_X_Sensor_Disable
                0x0800d31e       0x58 Drivers/BSP/Components/LSM6DSM_ACC_GYRO_driver_HL.o
 .text.LSM6DSM_X_Get_WhoAmI
                0x0800d376       0x1c Drivers/BSP/Components/LSM6DSM_ACC_GYRO_driver_HL.o
 .text.LSM6DSM_X_Check_WhoAmI
                0x0800d392       0x18 Drivers/BSP/Components/LSM6DSM_ACC_GYRO_driver_HL.o
 .text.LSM6DSM_X_Get_Axes
                0x0800d3aa       0xa6 Drivers/BSP/Components/LSM6DSM_ACC_GYRO_driver_HL.o
 .text.LSM6DSM_X_Get_AxesRaw
                0x0800d450       0x42 Drivers/BSP/Components/LSM6DSM_ACC_GYRO_driver_HL.o
 *fill*         0x0800d492        0x2 
 .text.LSM6DSM_X_Get_Sensitivity
                0x0800d494       0xa8 Drivers/BSP/Components/LSM6DSM_ACC_GYRO_driver_HL.o
 .text.LSM6DSM_X_Get_ODR
                0x0800d53c       0xfc Drivers/BSP/Components/LSM6DSM_ACC_GYRO_driver_HL.o
 .text.LSM6DSM_X_Set_ODR
                0x0800d638       0x46 Drivers/BSP/Components/LSM6DSM_ACC_GYRO_driver_HL.o
 .text.LSM6DSM_X_Set_ODR_Value
                0x0800d67e       0x46 Drivers/BSP/Components/LSM6DSM_ACC_GYRO_driver_HL.o
 .text.LSM6DSM_X_Get_FS
                0x0800d6c4       0xa0 Drivers/BSP/Components/LSM6DSM_ACC_GYRO_driver_HL.o
 .text.LSM6DSM_X_Set_FS
                0x0800d764       0x4e Drivers/BSP/Components/LSM6DSM_ACC_GYRO_driver_HL.o
 .text.LSM6DSM_X_Set_FS_Value
                0x0800d7b2       0x70 Drivers/BSP/Components/LSM6DSM_ACC_GYRO_driver_HL.o
 *fill*         0x0800d822        0x2 
 .text.LSM6DSM_G_Init
                0x0800d824       0xa4 Drivers/BSP/Components/LSM6DSM_ACC_GYRO_driver_HL.o
 .text.LSM6DSM_G_DeInit
                0x0800d8c8       0x58 Drivers/BSP/Components/LSM6DSM_ACC_GYRO_driver_HL.o
 .text.LSM6DSM_G_Sensor_Enable
                0x0800d920       0x4a Drivers/BSP/Components/LSM6DSM_ACC_GYRO_driver_HL.o
 .text.LSM6DSM_G_Sensor_Disable
                0x0800d96a       0x58 Drivers/BSP/Components/LSM6DSM_ACC_GYRO_driver_HL.o
 .text.LSM6DSM_G_Get_WhoAmI
                0x0800d9c2       0x1c Drivers/BSP/Components/LSM6DSM_ACC_GYRO_driver_HL.o
 .text.LSM6DSM_G_Check_WhoAmI
                0x0800d9de       0x18 Drivers/BSP/Components/LSM6DSM_ACC_GYRO_driver_HL.o
 .text.LSM6DSM_G_Get_Axes
                0x0800d9f6       0xa6 Drivers/BSP/Components/LSM6DSM_ACC_GYRO_driver_HL.o
 .text.LSM6DSM_G_Get_AxesRaw
                0x0800da9c       0x42 Drivers/BSP/Components/LSM6DSM_ACC_GYRO_driver_HL.o
 *fill*         0x0800dade        0x2 
 .text.LSM6DSM_G_Get_Sensitivity
                0x0800dae0       0xd0 Drivers/BSP/Components/LSM6DSM_ACC_GYRO_driver_HL.o
 .text.LSM6DSM_G_Get_ODR
                0x0800dbb0       0xfc Drivers/BSP/Components/LSM6DSM_ACC_GYRO_driver_HL.o
 .text.LSM6DSM_G_Set_ODR
                0x0800dcac       0x46 Drivers/BSP/Components/LSM6DSM_ACC_GYRO_driver_HL.o
 .text.LSM6DSM_G_Set_ODR_Value
                0x0800dcf2       0x46 Drivers/BSP/Components/LSM6DSM_ACC_GYRO_driver_HL.o
 .text.LSM6DSM_G_Get_FS
                0x0800dd38       0xd0 Drivers/BSP/Components/LSM6DSM_ACC_GYRO_driver_HL.o
 .text.LSM6DSM_G_Set_FS
                0x0800de08       0x4e Drivers/BSP/Components/LSM6DSM_ACC_GYRO_driver_HL.o
 *fill*         0x0800de56        0x2 
 .text.LSM6DSM_G_Set_FS_Value
                0x0800de58       0xb8 Drivers/BSP/Components/LSM6DSM_ACC_GYRO_driver_HL.o
 .text.LSM6DSM_Get_WhoAmI
                0x0800df10       0x26 Drivers/BSP/Components/LSM6DSM_ACC_GYRO_driver_HL.o
 .text.LSM6DSM_Check_WhoAmI
                0x0800df36       0x3a Drivers/BSP/Components/LSM6DSM_ACC_GYRO_driver_HL.o
 .text.LSM6DSM_X_Get_Axes_Raw
                0x0800df70       0x7a Drivers/BSP/Components/LSM6DSM_ACC_GYRO_driver_HL.o
 *fill*         0x0800dfea        0x2 
 .text.LSM6DSM_X_Set_ODR_When_Enabled
                0x0800dfec       0x6c Drivers/BSP/Components/LSM6DSM_ACC_GYRO_driver_HL.o
 .text.LSM6DSM_X_Set_ODR_When_Disabled
                0x0800e058       0x84 Drivers/BSP/Components/LSM6DSM_ACC_GYRO_driver_HL.o
 .text.LSM6DSM_X_Set_ODR_Value_When_Enabled
                0x0800e0dc      0x110 Drivers/BSP/Components/LSM6DSM_ACC_GYRO_driver_HL.o
 .text.LSM6DSM_X_Set_ODR_Value_When_Disabled
                0x0800e1ec      0x138 Drivers/BSP/Components/LSM6DSM_ACC_GYRO_driver_HL.o
 .text.LSM6DSM_G_Get_Axes_Raw
                0x0800e324       0x7a Drivers/BSP/Components/LSM6DSM_ACC_GYRO_driver_HL.o
 *fill*         0x0800e39e        0x2 
 .text.LSM6DSM_G_Set_ODR_When_Enabled
                0x0800e3a0       0x6c Drivers/BSP/Components/LSM6DSM_ACC_GYRO_driver_HL.o
 .text.LSM6DSM_G_Set_ODR_When_Disabled
                0x0800e40c       0x84 Drivers/BSP/Components/LSM6DSM_ACC_GYRO_driver_HL.o
 .text.LSM6DSM_G_Set_ODR_Value_When_Enabled
                0x0800e490      0x110 Drivers/BSP/Components/LSM6DSM_ACC_GYRO_driver_HL.o
 .text.LSM6DSM_G_Set_ODR_Value_When_Disabled
                0x0800e5a0      0x138 Drivers/BSP/Components/LSM6DSM_ACC_GYRO_driver_HL.o
 .text.LSM6DSM_X_Enable_Free_Fall_Detection
                0x0800e6d8       0xbc Drivers/BSP/Components/LSM6DSM_ACC_GYRO_driver_HL.o
 .text.LSM6DSM_X_Disable_Free_Fall_Detection
                0x0800e794       0x5a Drivers/BSP/Components/LSM6DSM_ACC_GYRO_driver_HL.o
 .text.LSM6DSM_X_Get_Free_Fall_Detection_Status
                0x0800e7ee       0x48 Drivers/BSP/Components/LSM6DSM_ACC_GYRO_driver_HL.o
 .text.LSM6DSM_X_Set_Free_Fall_Threshold
                0x0800e836       0x2a Drivers/BSP/Components/LSM6DSM_ACC_GYRO_driver_HL.o
 .text.LSM6DSM_X_Enable_Pedometer
                0x0800e860       0x80 Drivers/BSP/Components/LSM6DSM_ACC_GYRO_driver_HL.o
 .text.LSM6DSM_X_Disable_Pedometer
                0x0800e8e0       0x5a Drivers/BSP/Components/LSM6DSM_ACC_GYRO_driver_HL.o
 .text.LSM6DSM_X_Get_Pedometer_Status
                0x0800e93a       0x48 Drivers/BSP/Components/LSM6DSM_ACC_GYRO_driver_HL.o
 .text.LSM6DSM_X_Get_Step_Count
                0x0800e982       0x26 Drivers/BSP/Components/LSM6DSM_ACC_GYRO_driver_HL.o
 .text.LSM6DSM_X_Enable_Step_Counter_Reset
                0x0800e9a8       0x24 Drivers/BSP/Components/LSM6DSM_ACC_GYRO_driver_HL.o
 .text.LSM6DSM_X_Disable_Step_Counter_Reset
                0x0800e9cc       0x24 Drivers/BSP/Components/LSM6DSM_ACC_GYRO_driver_HL.o
 .text.LSM6DSM_X_Set_Pedometer_Threshold
                0x0800e9f0       0x2a Drivers/BSP/Components/LSM6DSM_ACC_GYRO_driver_HL.o
 .text.LSM6DSM_X_Enable_Tilt_Detection
                0x0800ea1a       0x6e Drivers/BSP/Components/LSM6DSM_ACC_GYRO_driver_HL.o
 .text.LSM6DSM_X_Disable_Tilt_Detection
                0x0800ea88       0x48 Drivers/BSP/Components/LSM6DSM_ACC_GYRO_driver_HL.o
 .text.LSM6DSM_X_Get_Tilt_Detection_Status
                0x0800ead0       0x48 Drivers/BSP/Components/LSM6DSM_ACC_GYRO_driver_HL.o
 .text.LSM6DSM_X_Enable_Wake_Up_Detection
                0x0800eb18       0x84 Drivers/BSP/Components/LSM6DSM_ACC_GYRO_driver_HL.o
 .text.LSM6DSM_X_Disable_Wake_Up_Detection
                0x0800eb9c       0x5a Drivers/BSP/Components/LSM6DSM_ACC_GYRO_driver_HL.o
 .text.LSM6DSM_X_Get_Wake_Up_Detection_Status
                0x0800ebf6       0x48 Drivers/BSP/Components/LSM6DSM_ACC_GYRO_driver_HL.o
 .text.LSM6DSM_X_Set_Wake_Up_Threshold
                0x0800ec3e       0x2a Drivers/BSP/Components/LSM6DSM_ACC_GYRO_driver_HL.o
 .text.LSM6DSM_X_Enable_Single_Tap_Detection
                0x0800ec68       0xcc Drivers/BSP/Components/LSM6DSM_ACC_GYRO_driver_HL.o
 .text.LSM6DSM_X_Disable_Single_Tap_Detection
                0x0800ed34       0xa2 Drivers/BSP/Components/LSM6DSM_ACC_GYRO_driver_HL.o
 .text.LSM6DSM_X_Get_Single_Tap_Detection_Status
                0x0800edd6       0x48 Drivers/BSP/Components/LSM6DSM_ACC_GYRO_driver_HL.o
 *fill*         0x0800ee1e        0x2 
 .text.LSM6DSM_X_Enable_Double_Tap_Detection
                0x0800ee20       0xf0 Drivers/BSP/Components/LSM6DSM_ACC_GYRO_driver_HL.o
 .text.LSM6DSM_X_Disable_Double_Tap_Detection
                0x0800ef10       0xc6 Drivers/BSP/Components/LSM6DSM_ACC_GYRO_driver_HL.o
 .text.LSM6DSM_X_Get_Double_Tap_Detection_Status
                0x0800efd6       0x48 Drivers/BSP/Components/LSM6DSM_ACC_GYRO_driver_HL.o
 .text.LSM6DSM_X_Set_Tap_Threshold
                0x0800f01e       0x2a Drivers/BSP/Components/LSM6DSM_ACC_GYRO_driver_HL.o
 .text.LSM6DSM_X_Set_Tap_Shock_Time
                0x0800f048       0x2a Drivers/BSP/Components/LSM6DSM_ACC_GYRO_driver_HL.o
 .text.LSM6DSM_X_Set_Tap_Quiet_Time
                0x0800f072       0x2a Drivers/BSP/Components/LSM6DSM_ACC_GYRO_driver_HL.o
 .text.LSM6DSM_X_Set_Tap_Duration_Time
                0x0800f09c       0x2a Drivers/BSP/Components/LSM6DSM_ACC_GYRO_driver_HL.o
 *fill*         0x0800f0c6        0x2 
 .text.LSM6DSM_X_Enable_6D_Orientation
                0x0800f0c8       0x74 Drivers/BSP/Components/LSM6DSM_ACC_GYRO_driver_HL.o
 .text.LSM6DSM_X_Disable_6D_Orientation
                0x0800f13c       0x48 Drivers/BSP/Components/LSM6DSM_ACC_GYRO_driver_HL.o
 .text.LSM6DSM_X_Get_6D_Orientation_Status
                0x0800f184       0x48 Drivers/BSP/Components/LSM6DSM_ACC_GYRO_driver_HL.o
 .text.LSM6DSM_X_Get_6D_Orientation_XL
                0x0800f1cc       0x48 Drivers/BSP/Components/LSM6DSM_ACC_GYRO_driver_HL.o
 .text.LSM6DSM_X_Get_6D_Orientation_XH
                0x0800f214       0x48 Drivers/BSP/Components/LSM6DSM_ACC_GYRO_driver_HL.o
 .text.LSM6DSM_X_Get_6D_Orientation_YL
                0x0800f25c       0x48 Drivers/BSP/Components/LSM6DSM_ACC_GYRO_driver_HL.o
 .text.LSM6DSM_X_Get_6D_Orientation_YH
                0x0800f2a4       0x48 Drivers/BSP/Components/LSM6DSM_ACC_GYRO_driver_HL.o
 .text.LSM6DSM_X_Get_6D_Orientation_ZL
                0x0800f2ec       0x48 Drivers/BSP/Components/LSM6DSM_ACC_GYRO_driver_HL.o
 .text.LSM6DSM_X_Get_6D_Orientation_ZH
                0x0800f334       0x48 Drivers/BSP/Components/LSM6DSM_ACC_GYRO_driver_HL.o
 .text.LSM6DSM_X_Read_Reg
                0x0800f37c       0x2e Drivers/BSP/Components/LSM6DSM_ACC_GYRO_driver_HL.o
 .text.LSM6DSM_X_Write_Reg
                0x0800f3aa       0x30 Drivers/BSP/Components/LSM6DSM_ACC_GYRO_driver_HL.o
 .text.LSM6DSM_X_Get_DRDY_Status
                0x0800f3da       0x48 Drivers/BSP/Components/LSM6DSM_ACC_GYRO_driver_HL.o
 .text.LSM6DSM_G_Read_Reg
                0x0800f422       0x2e Drivers/BSP/Components/LSM6DSM_ACC_GYRO_driver_HL.o
 .text.LSM6DSM_G_Write_Reg
                0x0800f450       0x30 Drivers/BSP/Components/LSM6DSM_ACC_GYRO_driver_HL.o
 .text.LSM6DSM_G_Get_DRDY_Status
                0x0800f480       0x48 Drivers/BSP/Components/LSM6DSM_ACC_GYRO_driver_HL.o
 .text.STC3115_Init
                0x0800f4c8      0x254 Drivers/BSP/Components/STC3115_Driver.o
 .text.STC3115_DeInit
                0x0800f71c       0x1c Drivers/BSP/Components/STC3115_Driver.o
 .text.STC3115_Get_WhoAmI
                0x0800f738       0x2a Drivers/BSP/Components/STC3115_Driver.o
 *fill*         0x0800f762        0x2 
 .text.STC3115_Task
                0x0800f764      0x2a8 Drivers/BSP/Components/STC3115_Driver.o
 .text.STC3115_Reset
                0x0800fa0c       0x52 Drivers/BSP/Components/STC3115_Driver.o
 .text.STC3115_Stop
                0x0800fa5e       0x4e Drivers/BSP/Components/STC3115_Driver.o
 .text.STC3115_GetSOC
                0x0800faac       0x38 Drivers/BSP/Components/STC3115_Driver.o
 .text.STC3115_GetOCV
                0x0800fae4       0x26 Drivers/BSP/Components/STC3115_Driver.o
 .text.STC3115_GetCurrent
                0x0800fb0a       0x24 Drivers/BSP/Components/STC3115_Driver.o
 .text.STC3115_GetTemperature
                0x0800fb2e       0x24 Drivers/BSP/Components/STC3115_Driver.o
 .text.STC3115_GetVoltage
                0x0800fb52       0x26 Drivers/BSP/Components/STC3115_Driver.o
 .text.STC3115_GetChargeValue
                0x0800fb78       0x26 Drivers/BSP/Components/STC3115_Driver.o
 .text.STC3115_GetPresence
                0x0800fb9e       0x26 Drivers/BSP/Components/STC3115_Driver.o
 .text.STC3115_GetAlarmStatus
                0x0800fbc4       0x2a Drivers/BSP/Components/STC3115_Driver.o
 .text.STC3115_Status
                0x0800fbee       0x52 Drivers/BSP/Components/STC3115_Driver.o
 .text.STC3115_CalcRamCRC8
                0x0800fc40       0x6c Drivers/BSP/Components/STC3115_Driver.o
 .text.STC3115_UpdateRamCRC
                0x0800fcac       0x30 Drivers/BSP/Components/STC3115_Driver.o
 .text.STC3115_InitRamData
                0x0800fcdc       0x5a Drivers/BSP/Components/STC3115_Driver.o
 .text.STC3115_WriteRamData
                0x0800fd36       0x2c Drivers/BSP/Components/STC3115_Driver.o
 .text.STC3115_ReadRamData
                0x0800fd62       0x2c Drivers/BSP/Components/STC3115_Driver.o
 .text.STC3115_ReadBatteryData
                0x0800fd8e      0x156 Drivers/BSP/Components/STC3115_Driver.o
 .text.STC3115_Restore
                0x0800fee4       0x60 Drivers/BSP/Components/STC3115_Driver.o
 .text.STC3115_Powerdown
                0x0800ff44       0x42 Drivers/BSP/Components/STC3115_Driver.o
 .text.STC3115_conv
                0x0800ff86       0x38 Drivers/BSP/Components/STC3115_Driver.o
 .text.STC3115_Startup
                0x0800ffbe       0x48 Drivers/BSP/Components/STC3115_Driver.o
 .text.STC3115_Read
                0x08010006       0x36 Drivers/BSP/Components/STC3115_Driver.o
 .text.STC3115_Write
                0x0801003c       0x36 Drivers/BSP/Components/STC3115_Driver.o
 .text.STC3115_ReadWord
                0x08010072       0x3a Drivers/BSP/Components/STC3115_Driver.o
 .text.STC3115_WriteWord
                0x080100ac       0x38 Drivers/BSP/Components/STC3115_Driver.o
 .text.STC3115_SetParam
                0x080100e4      0x128 Drivers/BSP/Components/STC3115_Driver.o
 .text.BSP_LED_Init
                0x0801020c       0xa0 Drivers/BSP/SensorTile/SensorTile.o
                0x0801020c                BSP_LED_Init
 .text.BSP_LED_On
                0x080102ac       0x5c Drivers/BSP/SensorTile/SensorTile.o
                0x080102ac                BSP_LED_On
 .text.BSP_LED_Off
                0x08010308       0x5c Drivers/BSP/SensorTile/SensorTile.o
                0x08010308                BSP_LED_Off
 .text.Sensor_IO_I2C_Init
                0x08010364       0x18 Drivers/BSP/SensorTile/SensorTile.o
                0x08010364                Sensor_IO_I2C_Init
 .text.Sensor_IO_SPI_Init
                0x0801037c      0x118 Drivers/BSP/SensorTile/SensorTile.o
                0x0801037c                Sensor_IO_SPI_Init
 .text.Sensor_IO_SPI_CS_Init_All
                0x08010494      0x124 Drivers/BSP/SensorTile/SensorTile.o
                0x08010494                Sensor_IO_SPI_CS_Init_All
 .text.Sensor_IO_SPI_CS_Init
                0x080105b8      0x12c Drivers/BSP/SensorTile/SensorTile.o
                0x080105b8                Sensor_IO_SPI_CS_Init
 .text.Sensor_IO_Write
                0x080106e4       0x84 Drivers/BSP/SensorTile/SensorTile.o
                0x080106e4                Sensor_IO_Write
 .text.Sensor_IO_I2C_Write
                0x08010768       0x30 Drivers/BSP/SensorTile/SensorTile.o
                0x08010768                Sensor_IO_I2C_Write
 .text.Sensor_IO_Read
                0x08010798       0x84 Drivers/BSP/SensorTile/SensorTile.o
                0x08010798                Sensor_IO_Read
 .text.Sensor_IO_I2C_Read
                0x0801081c       0x30 Drivers/BSP/SensorTile/SensorTile.o
                0x0801081c                Sensor_IO_I2C_Read
 .text.Sensor_IO_SPI_Write
                0x0801084c       0x60 Drivers/BSP/SensorTile/SensorTile.o
                0x0801084c                Sensor_IO_SPI_Write
 .text.Sensor_IO_SPI_Read
                0x080108ac       0x9c Drivers/BSP/SensorTile/SensorTile.o
                0x080108ac                Sensor_IO_SPI_Read
 .text.Sensor_IO_SPI_CS_Enable
                0x08010948       0x74 Drivers/BSP/SensorTile/SensorTile.o
                0x08010948                Sensor_IO_SPI_CS_Enable
 .text.Sensor_IO_SPI_CS_Disable
                0x080109bc       0x74 Drivers/BSP/SensorTile/SensorTile.o
                0x080109bc                Sensor_IO_SPI_CS_Disable
 .text.LSM6DSM_Sensor_IO_ITConfig
                0x08010a30       0x5c Drivers/BSP/SensorTile/SensorTile.o
                0x08010a30                LSM6DSM_Sensor_IO_ITConfig
 .text.SPI_Read
                0x08010a8c       0x70 Drivers/BSP/SensorTile/SensorTile.o
                0x08010a8c                SPI_Read
 .text.SPI_Read_nBytes
                0x08010afc       0xa4 Drivers/BSP/SensorTile/SensorTile.o
                0x08010afc                SPI_Read_nBytes
 .text.SPI_Write
                0x08010ba0       0x52 Drivers/BSP/SensorTile/SensorTile.o
                0x08010ba0                SPI_Write
 *fill*         0x08010bf2        0x2 
 .text.I2C_SENSORTILE_Init
                0x08010bf4       0x54 Drivers/BSP/SensorTile/SensorTile.o
 .text.I2C_SENSORTILE_WriteData
                0x08010c48       0x60 Drivers/BSP/SensorTile/SensorTile.o
 .text.I2C_SENSORTILE_ReadData
                0x08010ca8       0x60 Drivers/BSP/SensorTile/SensorTile.o
 .text.I2C_SENSORTILE_Error
                0x08010d08       0x20 Drivers/BSP/SensorTile/SensorTile.o
 .text.I2C_SENSORTILE_MspInit
                0x08010d28       0xc0 Drivers/BSP/SensorTile/SensorTile.o
 .text.SD_IO_SPI_MspInit
                0x08010de8       0xc0 Drivers/BSP/SensorTile/SensorTile.o
 .text.SD_IO_SPI_Init_LS
                0x08010ea8       0x78 Drivers/BSP/SensorTile/SensorTile.o
 .text.SD_IO_SPI_Init
                0x08010f20       0x78 Drivers/BSP/SensorTile/SensorTile.o
 .text.SD_IO_SPI_Read
                0x08010f98       0x48 Drivers/BSP/SensorTile/SensorTile.o
 .text.SD_IO_SPI_Write
                0x08010fe0       0x3c Drivers/BSP/SensorTile/SensorTile.o
 .text.SD_IO_SPI_Error
                0x0801101c       0x18 Drivers/BSP/SensorTile/SensorTile.o
 .text.SD_IO_Init
                0x08011034       0x40 Drivers/BSP/SensorTile/SensorTile.o
                0x08011034                SD_IO_Init
 .text.SD_IO_Init_LS
                0x08011074       0x40 Drivers/BSP/SensorTile/SensorTile.o
                0x08011074                SD_IO_Init_LS
 .text.SD_IO_CS_Init
                0x080110b4       0x4c Drivers/BSP/SensorTile/SensorTile.o
                0x080110b4                SD_IO_CS_Init
 .text.SD_IO_CS_DeInit
                0x08011100       0x30 Drivers/BSP/SensorTile/SensorTile.o
                0x08011100                SD_IO_CS_DeInit
 .text.SD_IO_WriteByte
                0x08011130       0x1a Drivers/BSP/SensorTile/SensorTile.o
                0x08011130                SD_IO_WriteByte
 .text.SD_IO_ReadByte
                0x0801114a       0x1c Drivers/BSP/SensorTile/SensorTile.o
                0x0801114a                SD_IO_ReadByte
 *fill*         0x08011166        0x2 
 .text.SD_IO_WriteCmd_wResp
                0x08011168       0xa0 Drivers/BSP/SensorTile/SensorTile.o
                0x08011168                SD_IO_WriteCmd_wResp
 .text.SD_IO_WriteCmd
                0x08011208       0x98 Drivers/BSP/SensorTile/SensorTile.o
                0x08011208                SD_IO_WriteCmd
 .text.SD_IO_WaitResponse
                0x080112a0       0x3e Drivers/BSP/SensorTile/SensorTile.o
                0x080112a0                SD_IO_WaitResponse
 *fill*         0x080112de        0x2 
 .text.SD_IO_WriteDummy
                0x080112e0       0x20 Drivers/BSP/SensorTile/SensorTile.o
                0x080112e0                SD_IO_WriteDummy
 .text.BSP_ACCELERO_Init
                0x08011300       0x6e Drivers/BSP/SensorTile/SensorTile_accelero.o
                0x08011300                BSP_ACCELERO_Init
 *fill*         0x0801136e        0x2 
 .text.BSP_LSM6DSM_ACCELERO_Init
                0x08011370      0x140 Drivers/BSP/SensorTile/SensorTile_accelero.o
 .text.BSP_LSM303AGR_ACCELERO_Init
                0x080114b0      0x128 Drivers/BSP/SensorTile/SensorTile_accelero.o
 .text.BSP_ACCELERO_Sensor_Enable
                0x080115d8       0x48 Drivers/BSP/SensorTile/SensorTile_accelero.o
                0x080115d8                BSP_ACCELERO_Sensor_Enable
 .text.BSP_ACCELERO_IsInitialized
                0x08011620       0x38 Drivers/BSP/SensorTile/SensorTile_accelero.o
                0x08011620                BSP_ACCELERO_IsInitialized
 .text.BSP_ACCELERO_Get_Instance
                0x08011658       0x38 Drivers/BSP/SensorTile/SensorTile_accelero.o
                0x08011658                BSP_ACCELERO_Get_Instance
 .text.BSP_ACCELERO_Get_WhoAmI
                0x08011690       0x4c Drivers/BSP/SensorTile/SensorTile_accelero.o
                0x08011690                BSP_ACCELERO_Get_WhoAmI
 .text.BSP_ACCELERO_Get_Axes
                0x080116dc       0x56 Drivers/BSP/SensorTile/SensorTile_accelero.o
                0x080116dc                BSP_ACCELERO_Get_Axes
 .text.BSP_ACCELERO_Get_ODR
                0x08011732       0x56 Drivers/BSP/SensorTile/SensorTile_accelero.o
                0x08011732                BSP_ACCELERO_Get_ODR
 .text.BSP_ACCELERO_Get_FS
                0x08011788       0x56 Drivers/BSP/SensorTile/SensorTile_accelero.o
                0x08011788                BSP_ACCELERO_Get_FS
 .text.BSP_ACCELERO_Enable_Double_Tap_Detection_Ext
                0x080117de       0x52 Drivers/BSP/SensorTile/SensorTile_accelero.o
                0x080117de                BSP_ACCELERO_Enable_Double_Tap_Detection_Ext
 .text.BSP_ACCELERO_Get_Double_Tap_Detection_Status_Ext
                0x08011830       0x60 Drivers/BSP/SensorTile/SensorTile_accelero.o
                0x08011830                BSP_ACCELERO_Get_Double_Tap_Detection_Status_Ext
 .text.BSP_ACCELERO_Set_Tap_Threshold_Ext
                0x08011890       0x5a Drivers/BSP/SensorTile/SensorTile_accelero.o
                0x08011890                BSP_ACCELERO_Set_Tap_Threshold_Ext
 *fill*         0x080118ea        0x2 
 .text.BSP_GG_Init
                0x080118ec       0xe8 Drivers/BSP/SensorTile/SensorTile_gg.o
                0x080118ec                BSP_GG_Init
 .text.BSP_GG_IsInitialized
                0x080119d4       0x38 Drivers/BSP/SensorTile/SensorTile_gg.o
                0x080119d4                BSP_GG_IsInitialized
 .text.BSP_GG_Task
                0x08011a0c       0x42 Drivers/BSP/SensorTile/SensorTile_gg.o
                0x08011a0c                BSP_GG_Task
 .text.BSP_GG_GetSOC
                0x08011a4e       0x42 Drivers/BSP/SensorTile/SensorTile_gg.o
                0x08011a4e                BSP_GG_GetSOC
 .text.BSP_GG_GetVoltage
                0x08011a90       0x42 Drivers/BSP/SensorTile/SensorTile_gg.o
                0x08011a90                BSP_GG_GetVoltage
 .text.BSP_GYRO_Init
                0x08011ad2       0x4a Drivers/BSP/SensorTile/SensorTile_gyro.o
                0x08011ad2                BSP_GYRO_Init
 .text.BSP_LSM6DSM_GYRO_Init
                0x08011b1c      0x138 Drivers/BSP/SensorTile/SensorTile_gyro.o
 .text.BSP_GYRO_Sensor_Enable
                0x08011c54       0x48 Drivers/BSP/SensorTile/SensorTile_gyro.o
                0x08011c54                BSP_GYRO_Sensor_Enable
 .text.BSP_GYRO_IsInitialized
                0x08011c9c       0x38 Drivers/BSP/SensorTile/SensorTile_gyro.o
                0x08011c9c                BSP_GYRO_IsInitialized
 .text.BSP_GYRO_Get_Instance
                0x08011cd4       0x38 Drivers/BSP/SensorTile/SensorTile_gyro.o
                0x08011cd4                BSP_GYRO_Get_Instance
 .text.BSP_GYRO_Get_WhoAmI
                0x08011d0c       0x56 Drivers/BSP/SensorTile/SensorTile_gyro.o
                0x08011d0c                BSP_GYRO_Get_WhoAmI
 .text.BSP_GYRO_Get_Axes
                0x08011d62       0x56 Drivers/BSP/SensorTile/SensorTile_gyro.o
                0x08011d62                BSP_GYRO_Get_Axes
 .text.BSP_GYRO_Get_ODR
                0x08011db8       0x56 Drivers/BSP/SensorTile/SensorTile_gyro.o
                0x08011db8                BSP_GYRO_Get_ODR
 .text.BSP_GYRO_Get_FS
                0x08011e0e       0x56 Drivers/BSP/SensorTile/SensorTile_gyro.o
                0x08011e0e                BSP_GYRO_Get_FS
 .text.BSP_HUMIDITY_Init
                0x08011e64       0x4a Drivers/BSP/SensorTile/SensorTile_humidity.o
                0x08011e64                BSP_HUMIDITY_Init
 *fill*         0x08011eae        0x2 
 .text.BSP_HTS221_HUMIDITY_Init
                0x08011eb0       0xec Drivers/BSP/SensorTile/SensorTile_humidity.o
 .text.BSP_HUMIDITY_Sensor_Enable
                0x08011f9c       0x48 Drivers/BSP/SensorTile/SensorTile_humidity.o
                0x08011f9c                BSP_HUMIDITY_Sensor_Enable
 .text.BSP_HUMIDITY_IsInitialized
                0x08011fe4       0x38 Drivers/BSP/SensorTile/SensorTile_humidity.o
                0x08011fe4                BSP_HUMIDITY_IsInitialized
 .text.BSP_HUMIDITY_Get_Instance
                0x0801201c       0x38 Drivers/BSP/SensorTile/SensorTile_humidity.o
                0x0801201c                BSP_HUMIDITY_Get_Instance
 .text.BSP_HUMIDITY_Get_WhoAmI
                0x08012054       0x56 Drivers/BSP/SensorTile/SensorTile_humidity.o