13:19:52 **** Build of configuration Debug for project st_virtualcom ****
make all 
Building file: ../startup/startup_stm32l476xx.s
Invoking: MCU GCC Assembler
C:\Users\popof\Desktop\School\CMU\Priya Project\Code\Sensortile\st_virtualcom\Debug
arm-none-eabi-as -mcpu=cortex-m4 -mthumb -mfloat-abi=hard -mfpu=fpv4-sp-d16 -g -o "startup/startup_stm32l476xx.o" "../startup/startup_stm32l476xx.s"
Finished building: ../startup/startup_stm32l476xx.s
 
Building file: ../Src/main.c
Invoking: MCU GCC Compiler
C:\Users\popof\Desktop\School\CMU\Priya Project\Code\Sensortile\st_virtualcom\Debug
arm-none-eabi-gcc -mcpu=cortex-m4 -mthumb -mfloat-abi=hard -mfpu=fpv4-sp-d16 -DUSE_HAL_DRIVER -DSTM32L476xx -I"C:/Users/popof/Desktop/School/CMU/Priya Project/Code/Sensortile/st_virtualcom/Inc" -I"C:/Users/popof/Desktop/School/CMU/Priya Project/Code/Sensortile/st_virtualcom/Drivers/STM32L4xx_HAL_Driver/Inc" -I"C:/Users/popof/Desktop/School/CMU/Priya Project/Code/Sensortile/st_virtualcom/Drivers/STM32L4xx_HAL_Driver/Inc/Legacy" -I"C:/Users/popof/Desktop/School/CMU/Priya Project/Code/Sensortile/st_virtualcom/Middlewares/ST/STM32_USB_Device_Library/Core/Inc" -I"C:/Users/popof/Desktop/School/CMU/Priya Project/Code/Sensortile/st_virtualcom/Middlewares/ST/STM32_USB_Device_Library/Class/CDC/Inc" -I"C:/Users/popof/Desktop/School/CMU/Priya Project/Code/Sensortile/st_virtualcom/Drivers/CMSIS/Device/ST/STM32L4xx/Include" -I"C:/Users/popof/Desktop/School/CMU/Priya Project/Code/Sensortile/st_virtualcom/Drivers/CMSIS/Include"  -Og -g3 -Wall -fmessage-length=0 -ffunction-sections -c -fmessage-length=0 -MMD -MP -MF"Src/main.d" -MT"Src/main.o" -o "Src/main.o" "../Src/main.c"
Finished building: ../Src/main.c
 
Building file: ../Src/stm32l4xx_hal_msp.c
Invoking: MCU GCC Compiler
C:\Users\popof\Desktop\School\CMU\Priya Project\Code\Sensortile\st_virtualcom\Debug
arm-none-eabi-gcc -mcpu=cortex-m4 -mthumb -mfloat-abi=hard -mfpu=fpv4-sp-d16 -DUSE_HAL_DRIVER -DSTM32L476xx -I"C:/Users/popof/Desktop/School/CMU/Priya Project/Code/Sensortile/st_virtualcom/Inc" -I"C:/Users/popof/Desktop/School/CMU/Priya Project/Code/Sensortile/st_virtualcom/Drivers/STM32L4xx_HAL_Driver/Inc" -I"C:/Users/popof/Desktop/School/CMU/Priya Project/Code/Sensortile/st_virtualcom/Drivers/STM32L4xx_HAL_Driver/Inc/Legacy" -I"C:/Users/popof/Desktop/School/CMU/Priya Project/Code/Sensortile/st_virtualcom/Middlewares/ST/STM32_USB_Device_Library/Core/Inc" -I"C:/Users/popof/Desktop/School/CMU/Priya Project/Code/Sensortile/st_virtualcom/Middlewares/ST/STM32_USB_Device_Library/Class/CDC/Inc" -I"C:/Users/popof/Desktop/School/CMU/Priya Project/Code/Sensortile/st_virtualcom/Drivers/CMSIS/Device/ST/STM32L4xx/Include" -I"C:/Users/popof/Desktop/School/CMU/Priya Project/Code/Sensortile/st_virtualcom/Drivers/CMSIS/Include"  -Og -g3 -Wall -fmessage-length=0 -ffunction-sections -c -fmessage-length=0 -MMD -MP -MF"Src/stm32l4xx_hal_msp.d" -MT"Src/stm32l4xx_hal_msp.o" -o "Src/stm32l4xx_hal_msp.o" "../Src/stm32l4xx_hal_msp.c"
Finished building: ../Src/stm32l4xx_hal_msp.c
 
Building file: ../Src/stm32l4xx_it.c
Invoking: MCU GCC Compiler
C:\Users\popof\Desktop\School\CMU\Priya Project\Code\Sensortile\st_virtualcom\Debug
arm-none-eabi-gcc -mcpu=cortex-m4 -mthumb -mfloat-abi=hard -mfpu=fpv4-sp-d16 -DUSE_HAL_DRIVER -DSTM32L476xx -I"C:/Users/popof/Desktop/School/CMU/Priya Project/Code/Sensortile/st_virtualcom/Inc" -I"C:/Users/popof/Desktop/School/CMU/Priya Project/Code/Sensortile/st_virtualcom/Drivers/STM32L4xx_HAL_Driver/Inc" -I"C:/Users/popof/Desktop/School/CMU/Priya Project/Code/Sensortile/st_virtualcom/Drivers/STM32L4xx_HAL_Driver/Inc/Legacy" -I"C:/Users/popof/Desktop/School/CMU/Priya Project/Code/Sensortile/st_virtualcom/Middlewares/ST/STM32_USB_Device_Library/Core/Inc" -I"C:/Users/popof/Desktop/School/CMU/Priya Project/Code/Sensortile/st_virtualcom/Middlewares/ST/STM32_USB_Device_Library/Class/CDC/Inc" -I"C:/Users/popof/Desktop/School/CMU/Priya Project/Code/Sensortile/st_virtualcom/Drivers/CMSIS/Device/ST/STM32L4xx/Include" -I"C:/Users/popof/Desktop/School/CMU/Priya Project/Code/Sensortile/st_virtualcom/Drivers/CMSIS/Include"  -Og -g3 -Wall -fmessage-length=0 -ffunction-sections -c -fmessage-length=0 -MMD -MP -MF"Src/stm32l4xx_it.d" -MT"Src/stm32l4xx_it.o" -o "Src/stm32l4xx_it.o" "../Src/stm32l4xx_it.c"
Finished building: ../Src/stm32l4xx_it.c
 
Building file: ../Src/syscalls.c
Invoking: MCU GCC Compiler
C:\Users\popof\Desktop\School\CMU\Priya Project\Code\Sensortile\st_virtualcom\Debug
arm-none-eabi-gcc -mcpu=cortex-m4 -mthumb -mfloat-abi=hard -mfpu=fpv4-sp-d16 -DUSE_HAL_DRIVER -DSTM32L476xx -I"C:/Users/popof/Desktop/School/CMU/Priya Project/Code/Sensortile/st_virtualcom/Inc" -I"C:/Users/popof/Desktop/School/CMU/Priya Project/Code/Sensortile/st_virtualcom/Drivers/STM32L4xx_HAL_Driver/Inc" -I"C:/Users/popof/Desktop/School/CMU/Priya Project/Code/Sensortile/st_virtualcom/Drivers/STM32L4xx_HAL_Driver/Inc/Legacy" -I"C:/Users/popof/Desktop/School/CMU/Priya Project/Code/Sensortile/st_virtualcom/Middlewares/ST/STM32_USB_Device_Library/Core/Inc" -I"C:/Users/popof/Desktop/School/CMU/Priya Project/Code/Sensortile/st_virtualcom/Middlewares/ST/STM32_USB_Device_Library/Class/CDC/Inc" -I"C:/Users/popof/Desktop/School/CMU/Priya Project/Code/Sensortile/st_virtualcom/Drivers/CMSIS/Device/ST/STM32L4xx/Include" -I"C:/Users/popof/Desktop/School/CMU/Priya Project/Code/Sensortile/st_virtualcom/Drivers/CMSIS/Include"  -Og -g3 -Wall -fmessage-length=0 -ffunction-sections -c -fmessage-length=0 -MMD -MP -MF"Src/syscalls.d" -MT"Src/syscalls.o" -o "Src/syscalls.o" "../Src/syscalls.c"
Finished building: ../Src/syscalls.c
 
Building file: ../Src/system_stm32l4xx.c
Invoking: MCU GCC Compiler
C:\Users\popof\Desktop\School\CMU\Priya Project\Code\Sensortile\st_virtualcom\Debug
arm-none-eabi-gcc -mcpu=cortex-m4 -mthumb -mfloat-abi=hard -mfpu=fpv4-sp-d16 -DUSE_HAL_DRIVER -DSTM32L476xx -I"C:/Users/popof/Desktop/School/CMU/Priya Project/Code/Sensortile/st_virtualcom/Inc" -I"C:/Users/popof/Desktop/School/CMU/Priya Project/Code/Sensortile/st_virtualcom/Drivers/STM32L4xx_HAL_Driver/Inc" -I"C:/Users/popof/Desktop/School/CMU/Priya Project/Code/Sensortile/st_virtualcom/Drivers/STM32L4xx_HAL_Driver/Inc/Legacy" -I"C:/Users/popof/Desktop/School/CMU/Priya Project/Code/Sensortile/st_virtualcom/Middlewares/ST/STM32_USB_Device_Library/Core/Inc" -I"C:/Users/popof/Desktop/School/CMU/Priya Project/Code/Sensortile/st_virtualcom/Middlewares/ST/STM32_USB_Device_Library/Class/CDC/Inc" -I"C:/Users/popof/Desktop/School/CMU/Priya Project/Code/Sensortile/st_virtualcom/Drivers/CMSIS/Device/ST/STM32L4xx/Include" -I"C:/Users/popof/Desktop/School/CMU/Priya Project/Code/Sensortile/st_virtualcom/Drivers/CMSIS/Include"  -Og -g3 -Wall -fmessage-length=0 -ffunction-sections -c -fmessage-length=0 -MMD -MP -MF"Src/system_stm32l4xx.d" -MT"Src/system_stm32l4xx.o" -o "Src/system_stm32l4xx.o" "../Src/system_stm32l4xx.c"
Finished building: ../Src/system_stm32l4xx.c
 
Building file: ../Src/usb_device.c
Invoking: MCU GCC Compiler
C:\Users\popof\Desktop\School\CMU\Priya Project\Code\Sensortile\st_virtualcom\Debug
arm-none-eabi-gcc -mcpu=cortex-m4 -mthumb -mfloat-abi=hard -mfpu=fpv4-sp-d16 -DUSE_HAL_DRIVER -DSTM32L476xx -I"C:/Users/popof/Desktop/School/CMU/Priya Project/Code/Sensortile/st_virtualcom/Inc" -I"C:/Users/popof/Desktop/School/CMU/Priya Project/Code/Sensortile/st_virtualcom/Drivers/STM32L4xx_HAL_Driver/Inc" -I"C:/Users/popof/Desktop/School/CMU/Priya Project/Code/Sensortile/st_virtualcom/Drivers/STM32L4xx_HAL_Driver/Inc/Legacy" -I"C:/Users/popof/Desktop/School/CMU/Priya Project/Code/Sensortile/st_virtualcom/Middlewares/ST/STM32_USB_Device_Library/Core/Inc" -I"C:/Users/popof/Desktop/School/CMU/Priya Project/Code/Sensortile/st_virtualcom/Middlewares/ST/STM32_USB_Device_Library/Class/CDC/Inc" -I"C:/Users/popof/Desktop/School/CMU/Priya Project/Code/Sensortile/st_virtualcom/Drivers/CMSIS/Device/ST/STM32L4xx/Include" -I"C:/Users/popof/Desktop/School/CMU/Priya Project/Code/Sensortile/st_virtualcom/Drivers/CMSIS/Include"  -Og -g3 -Wall -fmessage-length=0 -ffunction-sections -c -fmessage-length=0 -MMD -MP -MF"Src/usb_device.d" -MT"Src/usb_device.o" -o "Src/usb_device.o" "../Src/usb_device.c"
Finished building: ../Src/usb_device.c
 
Building file: ../Src/usbd_cdc_if.c
Invoking: MCU GCC Compiler
C:\Users\popof\Desktop\School\CMU\Priya Project\Code\Sensortile\st_virtualcom\Debug
arm-none-eabi-gcc -mcpu=cortex-m4 -mthumb -mfloat-abi=hard -mfpu=fpv4-sp-d16 -DUSE_HAL_DRIVER -DSTM32L476xx -I"C:/Users/popof/Desktop/School/CMU/Priya Project/Code/Sensortile/st_virtualcom/Inc" -I"C:/Users/popof/Desktop/School/CMU/Priya Project/Code/Sensortile/st_virtualcom/Drivers/STM32L4xx_HAL_Driver/Inc" -I"C:/Users/popof/Desktop/School/CMU/Priya Project/Code/Sensortile/st_virtualcom/Drivers/STM32L4xx_HAL_Driver/Inc/Legacy" -I"C:/Users/popof/Desktop/School/CMU/Priya Project/Code/Sensortile/st_virtualcom/Middlewares/ST/STM32_USB_Device_Library/Core/Inc" -I"C:/Users/popof/Desktop/School/CMU/Priya Project/Code/Sensortile/st_virtualcom/Middlewares/ST/STM32_USB_Device_Library/Class/CDC/Inc" -I"C:/Users/popof/Desktop/School/CMU/Priya Project/Code/Sensortile/st_virtualcom/Drivers/CMSIS/Device/ST/STM32L4xx/Include" -I"C:/Users/popof/Desktop/School/CMU/Priya Project/Code/Sensortile/st_virtualcom/Drivers/CMSIS/Include"  -Og -g3 -Wall -fmessage-length=0 -ffunction-sections -c -fmessage-length=0 -MMD -MP -MF"Src/usbd_cdc_if.d" -MT"Src/usbd_cdc_if.o" -o "Src/usbd_cdc_if.o" "../Src/usbd_cdc_if.c"
Finished building: ../Src/usbd_cdc_if.c
 
Building file: ../Src/usbd_conf.c
Invoking: MCU GCC Compiler
C:\Users\popof\Desktop\School\CMU\Priya Project\Code\Sensortile\st_virtualcom\Debug
arm-none-eabi-gcc -mcpu=cortex-m4 -mthumb -mfloat-abi=hard -mfpu=fpv4-sp-d16 -DUSE_HAL_DRIVER -DSTM32L476xx -I"C:/Users/popof/Desktop/School/CMU/Priya Project/Code/Sensortile/st_virtualcom/Inc" -I"C:/Users/popof/Desktop/School/CMU/Priya Project/Code/Sensortile/st_virtualcom/Drivers/STM32L4xx_HAL_Driver/Inc" -I"C:/Users/popof/Desktop/School/CMU/Priya Project/Code/Sensortile/st_virtualcom/Drivers/STM32L4xx_HAL_Driver/Inc/Legacy" -I"C:/Users/popof/Desktop/School/CMU/Priya Project/Code/Sensortile/st_virtualcom/Middlewares/ST/STM32_USB_Device_Library/Core/Inc" -I"C:/Users/popof/Desktop/School/CMU/Priya Project/Code/Sensortile/st_virtualcom/Middlewares/ST/STM32_USB_Device_Library/Class/CDC/Inc" -I"C:/Users/popof/Desktop/School/CMU/Priya Project/Code/Sensortile/st_virtualcom/Drivers/CMSIS/Device/ST/STM32L4xx/Include" -I"C:/Users/popof/Desktop/School/CMU/Priya Project/Code/Sensortile/st_virtualcom/Drivers/CMSIS/Include"  -Og -g3 -Wall -fmessage-length=0 -ffunction-sections -c -fmessage-length=0 -MMD -MP -MF"Src/usbd_conf.d" -MT"Src/usbd_conf.o" -o "Src/usbd_conf.o" "../Src/usbd_conf.c"
Finished building: ../Src/usbd_conf.c
 
Building file: ../Src/usbd_desc.c
Invoking: MCU GCC Compiler
C:\Users\popof\Desktop\School\CMU\Priya Project\Code\Sensortile\st_virtualcom\Debug
arm-none-eabi-gcc -mcpu=cortex-m4 -mthumb -mfloat-abi=hard -mfpu=fpv4-sp-d16 -DUSE_HAL_DRIVER -DSTM32L476xx -I"C:/Users/popof/Desktop/School/CMU/Priya Project/Code/Sensortile/st_virtualcom/Inc" -I"C:/Users/popof/Desktop/School/CMU/Priya Project/Code/Sensortile/st_virtualcom/Drivers/STM32L4xx_HAL_Driver/Inc" -I"C:/Users/popof/Desktop/School/CMU/Priya Project/Code/Sensortile/st_virtualcom/Drivers/STM32L4xx_HAL_Driver/Inc/Legacy" -I"C:/Users/popof/Desktop/School/CMU/Priya Project/Code/Sensortile/st_virtualcom/Middlewares/ST/STM32_USB_Device_Library/Core/Inc" -I"C:/Users/popof/Desktop/School/CMU/Priya Project/Code/Sensortile/st_virtualcom/Middlewares/ST/STM32_USB_Device_Library/Class/CDC/Inc" -I"C:/Users/popof/Desktop/School/CMU/Priya Project/Code/Sensortile/st_virtualcom/Drivers/CMSIS/Device/ST/STM32L4xx/Include" -I"C:/Users/popof/Desktop/School/CMU/Priya Project/Code/Sensortile/st_virtualcom/Drivers/CMSIS/Include"  -Og -g3 -Wall -fmessage-length=0 -ffunction-sections -c -fmessage-length=0 -MMD -MP -MF"Src/usbd_desc.d" -MT"Src/usbd_desc.o" -o "Src/usbd_desc.o" "../Src/usbd_desc.c"
Finished building: ../Src/usbd_desc.c
 
Building file: ../Middlewares/ST/STM32_USB_Device_Library/Core/Src/usbd_core.c
Invoking: MCU GCC Compiler
C:\Users\popof\Desktop\School\CMU\Priya Project\Code\Sensortile\st_virtualcom\Debug
arm-none-eabi-gcc -mcpu=cortex-m4 -mthumb -mfloat-abi=hard -mfpu=fpv4-sp-d16 -DUSE_HAL_DRIVER -DSTM32L476xx -I"C:/Users/popof/Desktop/School/CMU/Priya Project/Code/Sensortile/st_virtualcom/Inc" -I"C:/Users/popof/Desktop/School/CMU/Priya Project/Code/Sensortile/st_virtualcom/Drivers/STM32L4xx_HAL_Driver/Inc" -I"C:/Users/popof/Desktop/School/CMU/Priya Project/Code/Sensortile/st_virtualcom/Drivers/STM32L4xx_HAL_Driver/Inc/Legacy" -I"C:/Users/popof/Desktop/School/CMU/Priya Project/Code/Sensortile/st_virtualcom/Middlewares/ST/STM32_USB_Device_Library/Core/Inc" -I"C:/Users/popof/Desktop/School/CMU/Priya Project/Code/Sensortile/st_virtualcom/Middlewares/ST/STM32_USB_Device_Library/Class/CDC/Inc" -I"C:/Users/popof/Desktop/School/CMU/Priya Project/Code/Sensortile/st_virtualcom/Drivers/CMSIS/Device/ST/STM32L4xx/Include" -I"C:/Users/popof/Desktop/School/CMU/Priya Project/Code/Sensortile/st_virtualcom/Drivers/CMSIS/Include"  -Og -g3 -Wall -fmessage-length=0 -ffunction-sections -c -fmessage-length=0 -MMD -MP -MF"Middlewares/ST/STM32_USB_Device_Library/Core/Src/usbd_core.d" -MT"Middlewares/ST/STM32_USB_Device_Library/Core/Src/usbd_core.o" -o "Middlewares/ST/STM32_USB_Device_Library/Core/Src/usbd_core.o" "../Middlewares/ST/STM32_USB_Device_Library/Core/Src/usbd_core.c"
Finished building: ../Middlewares/ST/STM32_USB_Device_Library/Core/Src/usbd_core.c
 
Building file: ../Middlewares/ST/STM32_USB_Device_Library/Core/Src/usbd_ctlreq.c
Invoking: MCU GCC Compiler
C:\Users\popof\Desktop\School\CMU\Priya Project\Code\Sensortile\st_virtualcom\Debug
arm-none-eabi-gcc -mcpu=cortex-m4 -mthumb -mfloat-abi=hard -mfpu=fpv4-sp-d16 -DUSE_HAL_DRIVER -DSTM32L476xx -I"C:/Users/popof/Desktop/School/CMU/Priya Project/Code/Sensortile/st_virtualcom/Inc" -I"C:/Users/popof/Desktop/School/CMU/Priya Project/Code/Sensortile/st_virtualcom/Drivers/STM32L4xx_HAL_Driver/Inc" -I"C:/Users/popof/Desktop/School/CMU/Priya Project/Code/Sensortile/st_virtualcom/Drivers/STM32L4xx_HAL_Driver/Inc/Legacy" -I"C:/Users/popof/Desktop/School/CMU/Priya Project/Code/Sensortile/st_virtualcom/Middlewares/ST/STM32_USB_Device_Library/Core/Inc" -I"C:/Users/popof/Desktop/School/CMU/Priya Project/Code/Sensortile/st_virtualcom/Middlewares/ST/STM32_USB_Device_Library/Class/CDC/Inc" -I"C:/Users/popof/Desktop/School/CMU/Priya Project/Code/Sensortile/st_virtualcom/Drivers/CMSIS/Device/ST/STM32L4xx/Include" -I"C:/Users/popof/Desktop/School/CMU/Priya Project/Code/Sensortile/st_virtualcom/Drivers/CMSIS/Include"  -Og -g3 -Wall -fmessage-length=0 -ffunction-sections -c -fmessage-length=0 -MMD -MP -MF"Middlewares/ST/STM32_USB_Device_Library/Core/Src/usbd_ctlreq.d" -MT"Middlewares/ST/STM32_USB_Device_Library/Core/Src/usbd_ctlreq.o" -o "Middlewares/ST/STM32_USB_Device_Library/Core/Src/usbd_ctlreq.o" "../Middlewares/ST/STM32_USB_Device_Library/Core/Src/usbd_ctlreq.c"
Finished building: ../Middlewares/ST/STM32_USB_Device_Library/Core/Src/usbd_ctlreq.c
 
Building file: ../Middlewares/ST/STM32_USB_Device_Library/Core/Src/usbd_ioreq.c
Invoking: MCU GCC Compiler
C:\Users\popof\Desktop\School\CMU\Priya Project\Code\Sensortile\st_virtualcom\Debug
arm-none-eabi-gcc -mcpu=cortex-m4 -mthumb -mfloat-abi=hard -mfpu=fpv4-sp-d16 -DUSE_HAL_DRIVER -DSTM32L476xx -I"C:/Users/popof/Desktop/School/CMU/Priya Project/Code/Sensortile/st_virtualcom/Inc" -I"C:/Users/popof/Desktop/School/CMU/Priya Project/Code/Sensortile/st_virtualcom/Drivers/STM32L4xx_HAL_Driver/Inc" -I"C:/Users/popof/Desktop/School/CMU/Priya Project/Code/Sensortile/st_virtualcom/Drivers/STM32L4xx_HAL_Driver/Inc/Legacy" -I"C:/Users/popof/Desktop/School/CMU/Priya Project/Code/Sensortile/st_virtualcom/Middlewares/ST/STM32_USB_Device_Library/Core/Inc" -I"C:/Users/popof/Desktop/School/CMU/Priya Project/Code/Sensortile/st_virtualcom/Middlewares/ST/STM32_USB_Device_Library/Class/CDC/Inc" -I"C:/Users/popof/Desktop/School/CMU/Priya Project/Code/Sensortile/st_virtualcom/Drivers/CMSIS/Device/ST/STM32L4xx/Include" -I"C:/Users/popof/Desktop/School/CMU/Priya Project/Code/Sensortile/st_virtualcom/Drivers/CMSIS/Include"  -Og -g3 -Wall -fmessage-length=0 -ffunction-sections -c -fmessage-length=0 -MMD -MP -MF"Middlewares/ST/STM32_USB_Device_Library/Core/Src/usbd_ioreq.d" -MT"Middlewares/ST/STM32_USB_Device_Library/Core/Src/usbd_ioreq.o" -o "Middlewares/ST/STM32_USB_Device_Library/Core/Src/usbd_ioreq.o" "../Middlewares/ST/STM32_USB_Device_Library/Core/Src/usbd_ioreq.c"
Finished building: ../Middlewares/ST/STM32_USB_Device_Library/Core/Src/usbd_ioreq.c
 
Building file: ../Middlewares/ST/STM32_USB_Device_Library/Class/CDC/Src/usbd_cdc.c
Invoking: MCU GCC Compiler
C:\Users\popof\Desktop\School\CMU\Priya Project\Code\Sensortile\st_virtualcom\Debug
arm-none-eabi-gcc -mcpu=cortex-m4 -mthumb -mfloat-abi=hard -mfpu=fpv4-sp-d16 -DUSE_HAL_DRIVER -DSTM32L476xx -I"C:/Users/popof/Desktop/School/CMU/Priya Project/Code/Sensortile/st_virtualcom/Inc" -I"C:/Users/popof/Desktop/School/CMU/Priya Project/Code/Sensortile/st_virtualcom/Drivers/STM32L4xx_HAL_Driver/Inc" -I"C:/Users/popof/Desktop/School/CMU/Priya Project/Code/Sensortile/st_virtualcom/Drivers/STM32L4xx_HAL_Driver/Inc/Legacy" -I"C:/Users/popof/Desktop/School/CMU/Priya Project/Code/Sensortile/st_virtualcom/Middlewares/ST/STM32_USB_Device_Library/Core/Inc" -I"C:/Users/popof/Desktop/School/CMU/Priya Project/Code/Sensortile/st_virtualcom/Middlewares/ST/STM32_USB_Device_Library/Class/CDC/Inc" -I"C:/Users/popof/Desktop/School/CMU/Priya Project/Code/Sensortile/st_virtualcom/Drivers/CMSIS/Device/ST/STM32L4xx/Include" -I"C:/Users/popof/Desktop/School/CMU/Priya Project/Code/Sensortile/st_virtualcom/Drivers/CMSIS/Include"  -Og -g3 -Wall -fmessage-length=0 -ffunction-sections -c -fmessage-length=0 -MMD -MP -MF"Middlewares/ST/STM32_USB_Device_Library/Class/CDC/Src/usbd_cdc.d" -MT"Middlewares/ST/STM32_USB_Device_Library/Class/CDC/Src/usbd_cdc.o" -o "Middlewares/ST/STM32_USB_Device_Library/Class/CDC/Src/usbd_cdc.o" "../Middlewares/ST/STM32_USB_Device_Library/Class/CDC/Src/usbd_cdc.c"
Finished building: ../Middlewares/ST/STM32_USB_Device_Library/Class/CDC/Src/usbd_cdc.c
 
Building file: ../Drivers/STM32L4xx_HAL_Driver/Src/stm32l4xx_hal.c
Invoking: MCU GCC Compiler
C:\Users\popof\Desktop\School\CMU\Priya Project\Code\Sensortile\st_virtualcom\Debug
arm-none-eabi-gcc -mcpu=cortex-m4 -mthumb -mfloat-abi=hard -mfpu=fpv4-sp-d16 -DUSE_HAL_DRIVER -DSTM32L476xx -I"C:/Users/popof/Desktop/School/CMU/Priya Project/Code/Sensortile/st_virtualcom/Inc" -I"C:/Users/popof/Desktop/School/CMU/Priya Project/Code/Sensortile/st_virtualcom/Drivers/STM32L4xx_HAL_Driver/Inc" -I"C:/Users/popof/Desktop/School/CMU/Priya Project/Code/Sensortile/st_virtualcom/Drivers/STM32L4xx_HAL_Driver/Inc/Legacy" -I"C:/Users/popof/Desktop/School/CMU/Priya Project/Code/Sensortile/st_virtualcom/Middlewares/ST/STM32_USB_Device_Library/Core/Inc" -I"C:/Users/popof/Desktop/School/CMU/Priya Project/Code/Sensortile/st_virtualcom/Middlewares/ST/STM32_USB_Device_Library/Class/CDC/Inc" -I"C:/Users/popof/Desktop/School/CMU/Priya Project/Code/Sensortile/st_virtualcom/Drivers/CMSIS/Device/ST/STM32L4xx/Include" -I"C:/Users/popof/Desktop/School/CMU/Priya Project/Code/Sensortile/st_virtualcom/Drivers/CMSIS/Include"  -Og -g3 -Wall -fmessage-length=0 -ffunction-sections -c -fmessage-length=0 -MMD -MP -MF"Drivers/STM32L4xx_HAL_Driver/Src/stm32l4xx_hal.d" -MT"Drivers/STM32L4xx_HAL_Driver/Src/stm32l4xx_hal.o" -o "Drivers/STM32L4xx_HAL_Driver/Src/stm32l4xx_hal.o" "../Drivers/STM32L4xx_HAL_Driver/Src/stm32l4xx_hal.c"
Finished building: ../Drivers/STM32L4xx_HAL_Driver/Src/stm32l4xx_hal.c
 
Building file: ../Drivers/STM32L4xx_HAL_Driver/Src/stm32l4xx_hal_cortex.c
Invoking: MCU GCC Compiler
C:\Users\popof\Desktop\School\CMU\Priya Project\Code\Sensortile\st_virtualcom\Debug
arm-none-eabi-gcc -mcpu=cortex-m4 -mthumb -mfloat-abi=hard -mfpu=fpv4-sp-d16 -DUSE_HAL_DRIVER -DSTM32L476xx -I"C:/Users/popof/Desktop/School/CMU/Priya Project/Code/Sensortile/st_virtualcom/Inc" -I"C:/Users/popof/Desktop/School/CMU/Priya Project/Code/Sensortile/st_virtualcom/Drivers/STM32L4xx_HAL_Driver/Inc" -I"C:/Users/popof/Desktop/School/CMU/Priya Project/Code/Sensortile/st_virtualcom/Drivers/STM32L4xx_HAL_Driver/Inc/Legacy" -I"C:/Users/popof/Desktop/School/CMU/Priya Project/Code/Sensortile/st_virtualcom/Middlewares/ST/STM32_USB_Device_Library/Core/Inc" -I"C:/Users/popof/Desktop/School/CMU/Priya Project/Code/Sensortile/st_virtualcom/Middlewares/ST/STM32_USB_Device_Library/Class/CDC/Inc" -I"C:/Users/popof/Desktop/School/CMU/Priya Project/Code/Sensortile/st_virtualcom/Drivers/CMSIS/Device/ST/STM32L4xx/Include" -I"C:/Users/popof/Desktop/School/CMU/Priya Project/Code/Sensortile/st_virtualcom/Drivers/CMSIS/Include"  -Og -g3 -Wall -fmessage-length=0 -ffunction-sections -c -fmessage-length=0 -MMD -MP -MF"Drivers/STM32L4xx_HAL_Driver/Src/stm32l4xx_hal_cortex.d" -MT"Drivers/STM32L4xx_HAL_Driver/Src/stm32l4xx_hal_cortex.o" -o "Drivers/STM32L4xx_HAL_Driver/Src/stm32l4xx_hal_cortex.o" "../Drivers/STM32L4xx_HAL_Driver/Src/stm32l4xx_hal_cortex.c"
Finished building: ../Drivers/STM32L4xx_HAL_Driver/Src/stm32l4xx_hal_cortex.c
 
Building file: ../Drivers/STM32L4xx_HAL_Driver/Src/stm32l4xx_hal_dma.c
Invoking: MCU GCC Compiler
C:\Users\popof\Desktop\School\CMU\Priya Project\Code\Sensortile\st_virtualcom\Debug
arm-none-eabi-gcc -mcpu=cortex-m4 -mthumb -mfloat-abi=hard -mfpu=fpv4-sp-d16 -DUSE_HAL_DRIVER -DSTM32L476xx -I"C:/Users/popof/Desktop/School/CMU/Priya Project/Code/Sensortile/st_virtualcom/Inc" -I"C:/Users/popof/Desktop/School/CMU/Priya Project/Code/Sensortile/st_virtualcom/Drivers/STM32L4xx_HAL_Driver/Inc" -I"C:/Users/popof/Desktop/School/CMU/Priya Project/Code/Sensortile/st_virtualcom/Drivers/STM32L4xx_HAL_Driver/Inc/Legacy" -I"C:/Users/popof/Desktop/School/CMU/Priya Project/Code/Sensortile/st_virtualcom/Middlewares/ST/STM32_USB_Device_Library/Core/Inc" -I"C:/Users/popof/Desktop/School/CMU/Priya Project/Code/Sensortile/st_virtualcom/Middlewares/ST/STM32_USB_Device_Library/Class/CDC/Inc" -I"C:/Users/popof/Desktop/School/CMU/Priya Project/Code/Sensortile/st_virtualcom/Drivers/CMSIS/Device/ST/STM32L4xx/Include" -I"C:/Users/popof/Desktop/School/CMU/Priya Project/Code/Sensortile/st_virtualcom/Drivers/CMSIS/Include"  -Og -g3 -Wall -fmessage-length=0 -ffunction-sections -c -fmessage-length=0 -MMD -MP -MF"Drivers/STM32L4xx_HAL_Driver/Src/stm32l4xx_hal_dma.d" -MT"Drivers/STM32L4xx_HAL_Driver/Src/stm32l4xx_hal_dma.o" -o "Drivers/STM32L4xx_HAL_Driver/Src/stm32l4xx_hal_dma.o" "../Drivers/STM32L4xx_HAL_Driver/Src/stm32l4xx_hal_dma.c"
Finished building: ../Drivers/STM32L4xx_HAL_Driver/Src/stm32l4xx_hal_dma.c
 
Building file: ../Drivers/STM32L4xx_HAL_Driver/Src/stm32l4xx_hal_dma_ex.c
Invoking: MCU GCC Compiler
C:\Users\popof\Desktop\School\CMU\Priya Project\Code\Sensortile\st_virtualcom\Debug
arm-none-eabi-gcc -mcpu=cortex-m4 -mthumb -mfloat-abi=hard -mfpu=fpv4-sp-d16 -DUSE_HAL_DRIVER -DSTM32L476xx -I"C:/Users/popof/Desktop/School/CMU/Priya Project/Code/Sensortile/st_virtualcom/Inc" -I"C:/Users/popof/Desktop/School/CMU/Priya Project/Code/Sensortile/st_virtualcom/Drivers/STM32L4xx_HAL_Driver/Inc" -I"C:/Users/popof/Desktop/School/CMU/Priya Project/Code/Sensortile/st_virtualcom/Drivers/STM32L4xx_HAL_Driver/Inc/Legacy" -I"C:/Users/popof/Desktop/School/CMU/Priya Project/Code/Sensortile/st_virtualcom/Middlewares/ST/STM32_USB_Device_Library/Core/Inc" -I"C:/Users/popof/Desktop/School/CMU/Priya Project/Code/Sensortile/st_virtualcom/Middlewares/ST/STM32_USB_Device_Library/Class/CDC/Inc" -I"C:/Users/popof/Desktop/School/CMU/Priya Project/Code/Sensortile/st_virtualcom/Drivers/CMSIS/Device/ST/STM32L4xx/Include" -I"C:/Users/popof/Desktop/School/CMU/Priya Project/Code/Sensortile/st_virtualcom/Drivers/CMSIS/Include"  -Og -g3 -Wall -fmessage-length=0 -ffunction-sections -c -fmessage-length=0 -MMD -MP -MF"Drivers/STM32L4xx_HAL_Driver/Src/stm32l4xx_hal_dma_ex.d" -MT"Drivers/STM32L4xx_HAL_Driver/Src/stm32l4xx_hal_dma_ex.o" -o "Drivers/STM32L4xx_HAL_Driver/Src/stm32l4xx_hal_dma_ex.o" "../Drivers/STM32L4xx_HAL_Driver/Src/stm32l4xx_hal_dma_ex.c"
Finished building: ../Drivers/STM32L4xx_HAL_Driver/Src/stm32l4xx_hal_dma_ex.c
 
Building file: ../Drivers/STM32L4xx_HAL_Driver/Src/stm32l4xx_hal_exti.c
Invoking: MCU GCC Compiler
C:\Users\popof\Desktop\School\CMU\Priya Project\Code\Sensortile\st_virtualcom\Debug
arm-none-eabi-gcc -mcpu=cortex-m4 -mthumb -mfloat-abi=hard -mfpu=fpv4-sp-d16 -DUSE_HAL_DRIVER -DSTM32L476xx -I"C:/Users/popof/Desktop/School/CMU/Priya Project/Code/Sensortile/st_virtualcom/Inc" -I"C:/Users/popof/Desktop/School/CMU/Priya Project/Code/Sensortile/st_virtualcom/Drivers/STM32L4xx_HAL_Driver/Inc" -I"C:/Users/popof/Desktop/School/CMU/Priya Project/Code/Sensortile/st_virtualcom/Drivers/STM32L4xx_HAL_Driver/Inc/Legacy" -I"C:/Users/popof/Desktop/School/CMU/Priya Project/Code/Sensortile/st_virtualcom/Middlewares/ST/STM32_USB_Device_Library/Core/Inc" -I"C:/Users/popof/Desktop/School/CMU/Priya Project/Code/Sensortile/st_virtualcom/Middlewares/ST/STM32_USB_Device_Library/Class/CDC/Inc" -I"C:/Users/popof/Desktop/School/CMU/Priya Project/Code/Sensortile/st_virtualcom/Drivers/CMSIS/Device/ST/STM32L4xx/Include" -I"C:/Users/popof/Desktop/School/CMU/Priya Project/Code/Sensortile/st_virtualcom/Drivers/CMSIS/Include"  -Og -g3 -Wall -fmessage-length=0 -ffunction-sections -c -fmessage-length=0 -MMD -MP -MF"Drivers/STM32L4xx_HAL_Driver/Src/stm32l4xx_hal_exti.d" -MT"Drivers/STM32L4xx_HAL_Driver/Src/stm32l4xx_hal_exti.o" -o "Drivers/STM32L4xx_HAL_Driver/Src/stm32l4xx_hal_exti.o" "../Drivers/STM32L4xx_HAL_Driver/Src/stm32l4xx_hal_exti.c"
Finished building: ../Drivers/STM32L4xx_HAL_Driver/Src/stm32l4xx_hal_exti.c
 
Building file: ../Drivers/STM32L4xx_HAL_Driver/Src/stm32l4xx_hal_flash.c
Invoking: MCU GCC Compiler
C:\Users\popof\Desktop\School\CMU\Priya Project\Code\Sensortile\st_virtualcom\Debug
arm-none-eabi-gcc -mcpu=cortex-m4 -mthumb -mfloat-abi=hard -mfpu=fpv4-sp-d16 -DUSE_HAL_DRIVER -DSTM32L476xx -I"C:/Users/popof/Desktop/School/CMU/Priya Project/Code/Sensortile/st_virtualcom/Inc" -I"C:/Users/popof/Desktop/School/CMU/Priya Project/Code/Sensortile/st_virtualcom/Drivers/STM32L4xx_HAL_Driver/Inc" -I"C:/Users/popof/Desktop/School/CMU/Priya Project/Code/Sensortile/st_virtualcom/Drivers/STM32L4xx_HAL_Driver/Inc/Legacy" -I"C:/Users/popof/Desktop/School/CMU/Priya Project/Code/Sensortile/st_virtualcom/Middlewares/ST/STM32_USB_Device_Library/Core/Inc" -I"C:/Users/popof/Desktop/School/CMU/Priya Project/Code/Sensortile/st_virtualcom/Middlewares/ST/STM32_USB_Device_Library/Class/CDC/Inc" -I"C:/Users/popof/Desktop/School/CMU/Priya Project/Code/Sensortile/st_virtualcom/Drivers/CMSIS/Device/ST/STM32L4xx/Include" -I"C:/Users/popof/Desktop/School/CMU/Priya Project/Code/Sensortile/st_virtualcom/Drivers/CMSIS/Include"  -Og -g3 -Wall -fmessage-length=0 -ffunction-sections -c -fmessage-length=0 -MMD -MP -MF"Drivers/STM32L4xx_HAL_Driver/Src/stm32l4xx_hal_flash.d" -MT"Drivers/STM32L4xx_HAL_Driver/Src/stm32l4xx_hal_flash.o" -o "Drivers/STM32L4xx_HAL_Driver/Src/stm32l4xx_hal_flash.o" "../Drivers/STM32L4xx_HAL_Driver/Src/stm32l4xx_hal_flash.c"
Finished building: ../Drivers/STM32L4xx_HAL_Driver/Src/stm32l4xx_hal_flash.c
 
Building file: ../Drivers/STM32L4xx_HAL_Driver/Src/stm32l4xx_hal_flash_ex.c
Invoking: MCU GCC Compiler
C:\Users\popof\Desktop\School\CMU\Priya Project\Code\Sensortile\st_virtualcom\Debug
arm-none-eabi-gcc -mcpu=cortex-m4 -mthumb -mfloat-abi=hard -mfpu=fpv4-sp-d16 -DUSE_HAL_DRIVER -DSTM32L476xx -I"C:/Users/popof/Desktop/School/CMU/Priya Project/Code/Sensortile/st_virtualcom/Inc" -I"C:/Users/popof/Desktop/School/CMU/Priya Project/Code/Sensortile/st_virtualcom/Drivers/STM32L4xx_HAL_Driver/Inc" -I"C:/Users/popof/Desktop/School/CMU/Priya Project/Code/Sensortile/st_virtualcom/Drivers/STM32L4xx_HAL_Driver/Inc/Legacy" -I"C:/Users/popof/Desktop/School/CMU/Priya Project/Code/Sensortile/st_virtualcom/Middlewares/ST/STM32_USB_Device_Library/Core/Inc" -I"C:/Users/popof/Desktop/School/CMU/Priya Project/Code/Sensortile/st_virtualcom/Middlewares/ST/STM32_USB_Device_Library/Class/CDC/Inc" -I"C:/Users/popof/Desktop/School/CMU/Priya Project/Code/Sensortile/st_virtualcom/Drivers/CMSIS/Device/ST/STM32L4xx/Include" -I"C:/Users/popof/Desktop/School/CMU/Priya Project/Code/Sensortile/st_virtualcom/Drivers/CMSIS/Include"  -Og -g3 -Wall -fmessage-length=0 -ffunction-sections -c -fmessage-length=0 -MMD -MP -MF"Drivers/STM32L4xx_HAL_Driver/Src/stm32l4xx_hal_flash_ex.d" -MT"Drivers/STM32L4xx_HAL_Driver/Src/stm32l4xx_hal_flash_ex.o" -o "Drivers/STM32L4xx_HAL_Driver/Src/stm32l4xx_hal_flash_ex.o" "../Drivers/STM32L4xx_HAL_Driver/Src/stm32l4xx_hal_flash_ex.c"
Finished building: ../Drivers/STM32L4xx_HAL_Driver/Src/stm32l4xx_hal_flash_ex.c
 
Building file: ../Drivers/STM32L4xx_HAL_Driver/Src/stm32l4xx_hal_flash_ramfunc.c
Invoking: MCU GCC Compiler
C:\Users\popof\Desktop\School\CMU\Priya Project\Code\Sensortile\st_virtualcom\Debug
arm-none-eabi-gcc -mcpu=cortex-m4 -mthumb -mfloat-abi=hard -mfpu=fpv4-sp-d16 -DUSE_HAL_DRIVER -DSTM32L476xx -I"C:/Users/popof/Desktop/School/CMU/Priya Project/Code/Sensortile/st_virtualcom/Inc" -I"C:/Users/popof/Desktop/School/CMU/Priya Project/Code/Sensortile/st_virtualcom/Drivers/STM32L4xx_HAL_Driver/Inc" -I"C:/Users/popof/Desktop/School/CMU/Priya Project/Code/Sensortile/st_virtualcom/Drivers/STM32L4xx_HAL_Driver/Inc/Legacy" -I"C:/Users/popof/Desktop/School/CMU/Priya Project/Code/Sensortile/st_virtualcom/Middlewares/ST/STM32_USB_Device_Library/Core/Inc" -I"C:/Users/popof/Desktop/School/CMU/Priya Project/Code/Sensortile/st_virtualcom/Middlewares/ST/STM32_USB_Device_Library/Class/CDC/Inc" -I"C:/Users/popof/Desktop/School/CMU/Priya Project/Code/Sensortile/st_virtualcom/Drivers/CMSIS/Device/ST/STM32L4xx/Include" -I"C:/Users/popof/Desktop/School/CMU/Priya Project/Code/Sensortile/st_virtualcom/Drivers/CMSIS/Include"  -Og -g3 -Wall -fmessage-length=0 -ffunction-sections -c -fmessage-length=0 -MMD -MP -MF"Drivers/STM32L4xx_HAL_Driver/Src/stm32l4xx_hal_flash_ramfunc.d" -MT"Drivers/STM32L4xx_HAL_Driver/Src/stm32l4xx_hal_flash_ramfunc.o" -o "Drivers/STM32L4xx_HAL_Driver/Src/stm32l4xx_hal_flash_ramfunc.o" "../Drivers/STM32L4xx_HAL_Driver/Src/stm32l4xx_hal_flash_ramfunc.c"
Finished building: ../Drivers/STM32L4xx_HAL_Driver/Src/stm32l4xx_hal_flash_ramfunc.c
 
Building file: ../Drivers/STM32L4xx_HAL_Driver/Src/stm32l4xx_hal_gpio.c
Invoking: MCU GCC Compiler
C:\Users\popof\Desktop\School\CMU\Priya Project\Code\Sensortile\st_virtualcom\Debug
arm-none-eabi-gcc -mcpu=cortex-m4 -mthumb -mfloat-abi=hard -mfpu=fpv4-sp-d16 -DUSE_HAL_DRIVER -DSTM32L476xx -I"C:/Users/popof/Desktop/School/CMU/Priya Project/Code/Sensortile/st_virtualcom/Inc" -I"C:/Users/popof/Desktop/School/CMU/Priya Project/Code/Sensortile/st_virtualcom/Drivers/STM32L4xx_HAL_Driver/Inc" -I"C:/Users/popof/Desktop/School/CMU/Priya Project/Code/Sensortile/st_virtualcom/Drivers/STM32L4xx_HAL_Driver/Inc/Legacy" -I"C:/Users/popof/Desktop/School/CMU/Priya Project/Code/Sensortile/st_virtualcom/Middlewares/ST/STM32_USB_Device_Library/Core/Inc" -I"C:/Users/popof/Desktop/School/CMU/Priya Project/Code/Sensortile/st_virtualcom/Middlewares/ST/STM32_USB_Device_Library/Class/CDC/Inc" -I"C:/Users/popof/Desktop/School/CMU/Priya Project/Code/Sensortile/st_virtualcom/Drivers/CMSIS/Device/ST/STM32L4xx/Include" -I"C:/Users/popof/Desktop/School/CMU/Priya Project/Code/Sensortile/st_virtualcom/Drivers/CMSIS/Include"  -Og -g3 -Wall -fmessage-length=0 -ffunction-sections -c -fmessage-length=0 -MMD -MP -MF"Drivers/STM32L4xx_HAL_Driver/Src/stm32l4xx_hal_gpio.d" -MT"Drivers/STM32L4xx_HAL_Driver/Src/stm32l4xx_hal_gpio.o" -o "Drivers/STM32L4xx_HAL_Driver/Src/stm32l4xx_hal_gpio.o" "../Drivers/STM32L4xx_HAL_Driver/Src/stm32l4xx_hal_gpio.c"
Finished building: ../Drivers/STM32L4xx_HAL_Driver/Src/stm32l4xx_hal_gpio.c
 
Building file: ../Drivers/STM32L4xx_HAL_Driver/Src/stm32l4xx_hal_i2c.c
Invoking: MCU GCC Compiler
C:\Users\popof\Desktop\School\CMU\Priya Project\Code\Sensortile\st_virtualcom\Debug
arm-none-eabi-gcc -mcpu=cortex-m4 -mthumb -mfloat-abi=hard -mfpu=fpv4-sp-d16 -DUSE_HAL_DRIVER -DSTM32L476xx -I"C:/Users/popof/Desktop/School/CMU/Priya Project/Code/Sensortile/st_virtualcom/Inc" -I"C:/Users/popof/Desktop/School/CMU/Priya Project/Code/Sensortile/st_virtualcom/Drivers/STM32L4xx_HAL_Driver/Inc" -I"C:/Users/popof/Desktop/School/CMU/Priya Project/Code/Sensortile/st_virtualcom/Drivers/STM32L4xx_HAL_Driver/Inc/Legacy" -I"C:/Users/popof/Desktop/School/CMU/Priya Project/Code/Sensortile/st_virtualcom/Middlewares/ST/STM32_USB_Device_Library/Core/Inc" -I"C:/Users/popof/Desktop/School/CMU/Priya Project/Code/Sensortile/st_virtualcom/Middlewares/ST/STM32_USB_Device_Library/Class/CDC/Inc" -I"C:/Users/popof/Desktop/School/CMU/Priya Project/Code/Sensortile/st_virtualcom/Drivers/CMSIS/Device/ST/STM32L4xx/Include" -I"C:/Users/popof/Desktop/School/CMU/Priya Project/Code/Sensortile/st_virtualcom/Drivers/CMSIS/Include"  -Og -g3 -Wall -fmessage-length=0 -ffunction-sections -c -fmessage-length=0 -MMD -MP -MF"Drivers/STM32L4xx_HAL_Driver/Src/stm32l4xx_hal_i2c.d" -MT"Drivers/STM32L4xx_HAL_Driver/Src/stm32l4xx_hal_i2c.o" -o "Drivers/STM32L4xx_HAL_Driver/Src/stm32l4xx_hal_i2c.o" "../Drivers/STM32L4xx_HAL_Driver/Src/stm32l4xx_hal_i2c.c"
Finished building: ../Drivers/STM32L4xx_HAL_Driver/Src/stm32l4xx_hal_i2c.c
 
Building file: ../Drivers/STM32L4xx_HAL_Driver/Src/stm32l4xx_hal_i2c_ex.c
Invoking: MCU GCC Compiler
C:\Users\popof\Desktop\School\CMU\Priya Project\Code\Sensortile\st_virtualcom\Debug
arm-none-eabi-gcc -mcpu=cortex-m4 -mthumb -mfloat-abi=hard -mfpu=fpv4-sp-d16 -DUSE_HAL_DRIVER -DSTM32L476xx -I"C:/Users/popof/Desktop/School/CMU/Priya Project/Code/Sensortile/st_virtualcom/Inc" -I"C:/Users/popof/Desktop/School/CMU/Priya Project/Code/Sensortile/st_virtualcom/Drivers/STM32L4xx_HAL_Driver/Inc" -I"C:/Users/popof/Desktop/School/CMU/Priya Project/Code/Sensortile/st_virtualcom/Drivers/STM32L4xx_HAL_Driver/Inc/Legacy" -I"C:/Users/popof/Desktop/School/CMU/Priya Project/Code/Sensortile/st_virtualcom/Middlewares/ST/STM32_USB_Device_Library/Core/Inc" -I"C:/Users/popof/Desktop/School/CMU/Priya Project/Code/Sensortile/st_virtualcom/Middlewares/ST/STM32_USB_Device_Library/Class/CDC/Inc" -I"C:/Users/popof/Desktop/School/CMU/Priya Project/Code/Sensortile/st_virtualcom/Drivers/CMSIS/Device/ST/STM32L4xx/Include" -I"C:/Users/popof/Desktop/School/CMU/Priya Project/Code/Sensortile/st_virtualcom/Drivers/CMSIS/Include"  -Og -g3 -Wall -fmessage-length=0 -ffunction-sections -c -fmessage-length=0 -MMD -MP -MF"Drivers/STM32L4xx_HAL_Driver/Src/stm32l4xx_hal_i2c_ex.d" -MT"Drivers/STM32L4xx_HAL_Driver/Src/stm32l4xx_hal_i2c_ex.o" -o "Drivers/STM32L4xx_HAL_Driver/Src/stm32l4xx_hal_i2c_ex.o" "../Drivers/STM32L4xx_HAL_Driver/Src/stm32l4xx_hal_i2c_ex.c"
Finished building: ../Drivers/STM32L4xx_HAL_Driver/Src/stm32l4xx_hal_i2c_ex.c
 
Building file: ../Drivers/STM32L4xx_HAL_Driver/Src/stm32l4xx_hal_pcd.c
Invoking: MCU GCC Compiler
C:\Users\popof\Desktop\School\CMU\Priya Project\Code\Sensortile\st_virtualcom\Debug
arm-none-eabi-gcc -mcpu=cortex-m4 -mthumb -mfloat-abi=hard -mfpu=fpv4-sp-d16 -DUSE_HAL_DRIVER -DSTM32L476xx -I"C:/Users/popof/Desktop/School/CMU/Priya Project/Code/Sensortile/st_virtualcom/Inc" -I"C:/Users/popof/Desktop/School/CMU/Priya Project/Code/Sensortile/st_virtualcom/Drivers/STM32L4xx_HAL_Driver/Inc" -I"C:/Users/popof/Desktop/School/CMU/Priya Project/Code/Sensortile/st_virtualcom/Drivers/STM32L4xx_HAL_Driver/Inc/Legacy" -I"C:/Users/popof/Desktop/School/CMU/Priya Project/Code/Sensortile/st_virtualcom/Middlewares/ST/STM32_USB_Device_Library/Core/Inc" -I"C:/Users/popof/Desktop/School/CMU/Priya Project/Code/Sensortile/st_virtualcom/Middlewares/ST/STM32_USB_Device_Library/Class/CDC/Inc" -I"C:/Users/popof/Desktop/School/CMU/Priya Project/Code/Sensortile/st_virtualcom/Drivers/CMSIS/Device/ST/STM32L4xx/Include" -I"C:/Users/popof/Desktop/School/CMU/Priya Project/Code/Sensortile/st_virtualcom/Drivers/CMSIS/Include"  -Og -g3 -Wall -fmessage-length=0 -ffunction-sections -c -fmessage-length=0 -MMD -MP -MF"Drivers/STM32L4xx_HAL_Driver/Src/stm32l4xx_hal_pcd.d" -MT"Drivers/STM32L4xx_HAL_Driver/Src/stm32l4xx_hal_pcd.o" -o "Drivers/STM32L4xx_HAL_Driver/Src/stm32l4xx_hal_pcd.o" "../Drivers/STM32L4xx_HAL_Driver/Src/stm32l4xx_hal_pcd.c"
Finished building: ../Drivers/STM32L4xx_HAL_Driver/Src/stm32l4xx_hal_pcd.c
 
Building file: ../Drivers/STM32L4xx_HAL_Driver/Src/stm32l4xx_hal_pcd_ex.c
Invoking: MCU GCC Compiler
C:\Users\popof\Desktop\School\CMU\Priya Project\Code\Sensortile\st_virtualcom\Debug
arm-none-eabi-gcc -mcpu=cortex-m4 -mthumb -mfloat-abi=hard -mfpu=fpv4-sp-d16 -DUSE_HAL_DRIVER -DSTM32L476xx -I"C:/Users/popof/Desktop/School/CMU/Priya Project/Code/Sensortile/st_virtualcom/Inc" -I"C:/Users/popof/Desktop/School/CMU/Priya Project/Code/Sensortile/st_virtualcom/Drivers/STM32L4xx_HAL_Driver/Inc" -I"C:/Users/popof/Desktop/School/CMU/Priya Project/Code/Sensortile/st_virtualcom/Drivers/STM32L4xx_HAL_Driver/Inc/Legacy" -I"C:/Users/popof/Desktop/School/CMU/Priya Project/Code/Sensortile/st_virtualcom/Middlewares/ST/STM32_USB_Device_Library/Core/Inc" -I"C:/Users/popof/Desktop/School/CMU/Priya Project/Code/Sensortile/st_virtualcom/Middlewares/ST/STM32_USB_Device_Library/Class/CDC/Inc" -I"C:/Users/popof/Desktop/School/CMU/Priya Project/Code/Sensortile/st_virtualcom/Drivers/CMSIS/Device/ST/STM32L4xx/Include" -I"C:/Users/popof/Desktop/School/CMU/Priya Project/Code/Sensortile/st_virtualcom/Drivers/CMSIS/Include"  -Og -g3 -Wall -fmessage-length=0 -ffunction-sections -c -fmessage-length=0 -MMD -MP -MF"Drivers/STM32L4xx_HAL_Driver/Src/stm32l4xx_hal_pcd_ex.d" -MT"Drivers/STM32L4xx_HAL_Driver/Src/stm32l4xx_hal_pcd_ex.o" -o "Drivers/STM32L4xx_HAL_Driver/Src/stm32l4xx_hal_pcd_ex.o" "../Drivers/STM32L4xx_HAL_Driver/Src/stm32l4xx_hal_pcd_ex.c"
Finished building: ../Drivers/STM32L4xx_HAL_Driver/Src/stm32l4xx_hal_pcd_ex.c
 
Building file: ../Drivers/STM32L4xx_HAL_Driver/Src/stm32l4xx_hal_pwr.c
Invoking: MCU GCC Compiler
C:\Users\popof\Desktop\School\CMU\Priya Project\Code\Sensortile\st_virtualcom\Debug
arm-none-eabi-gcc -mcpu=cortex-m4 -mthumb -mfloat-abi=hard -mfpu=fpv4-sp-d16 -DUSE_HAL_DRIVER -DSTM32L476xx -I"C:/Users/popof/Desktop/School/CMU/Priya Project/Code/Sensortile/st_virtualcom/Inc" -I"C:/Users/popof/Desktop/School/CMU/Priya Project/Code/Sensortile/st_virtualcom/Drivers/STM32L4xx_HAL_Driver/Inc" -I"C:/Users/popof/Desktop/School/CMU/Priya Project/Code/Sensortile/st_virtualcom/Drivers/STM32L4xx_HAL_Driver/Inc/Legacy" -I"C:/Users/popof/Desktop/School/CMU/Priya Project/Code/Sensortile/st_virtualcom/Middlewares/ST/STM32_USB_Device_Library/Core/Inc" -I"C:/Users/popof/Desktop/School/CMU/Priya Project/Code/Sensortile/st_virtualcom/Middlewares/ST/STM32_USB_Device_Library/Class/CDC/Inc" -I"C:/Users/popof/Desktop/School/CMU/Priya Project/Code/Sensortile/st_virtualcom/Drivers/CMSIS/Device/ST/STM32L4xx/Include" -I"C:/Users/popof/Desktop/School/CMU/Priya Project/Code/Sensortile/st_virtualcom/Drivers/CMSIS/Include"  -Og -g3 -Wall -fmessage-length=0 -ffunction-sections -c -fmessage-length=0 -MMD -MP -MF"Drivers/STM32L4xx_HAL_Driver/Src/stm32l4xx_hal_pwr.d" -MT"Drivers/STM32L4xx_HAL_Driver/Src/stm32l4xx_hal_pwr.o" -o "Drivers/STM32L4xx_HAL_Driver/Src/stm32l4xx_hal_pwr.o" "../Drivers/STM32L4xx_HAL_Driver/Src/stm32l4xx_hal_pwr.c"
Finished building: ../Drivers/STM32L4xx_HAL_Driver/Src/stm32l4xx_hal_pwr.c
 
Building file: ../Drivers/STM32L4xx_HAL_Driver/Src/stm32l4xx_hal_pwr_ex.c
Invoking: MCU GCC Compiler
C:\Users\popof\Desktop\School\CMU\Priya Project\Code\Sensortile\st_virtualcom\Debug
arm-none-eabi-gcc -mcpu=cortex-m4 -mthumb -mfloat-abi=hard -mfpu=fpv4-sp-d16 -DUSE_HAL_DRIVER -DSTM32L476xx -I"C:/Users/popof/Desktop/School/CMU/Priya Project/Code/Sensortile/st_virtualcom/Inc" -I"C:/Users/popof/Desktop/School/CMU/Priya Project/Code/Sensortile/st_virtualcom/Drivers/STM32L4xx_HAL_Driver/Inc" -I"C:/Users/popof/Desktop/School/CMU/Priya Project/Code/Sensortile/st_virtualcom/Drivers/STM32L4xx_HAL_Driver/Inc/Legacy" -I"C:/Users/popof/Desktop/School/CMU/Priya Project/Code/Sensortile/st_virtualcom/Middlewares/ST/STM32_USB_Device_Library/Core/Inc" -I"C:/Users/popof/Desktop/School/CMU/Priya Project/Code/Sensortile/st_virtualcom/Middlewares/ST/STM32_USB_Device_Library/Class/CDC/Inc" -I"C:/Users/popof/Desktop/School/CMU/Priya Project/Code/Sensortile/st_virtualcom/Drivers/CMSIS/Device/ST/STM32L4xx/Include" -I"C:/Users/popof/Desktop/School/CMU/Priya Project/Code/Sensortile/st_virtualcom/Drivers/CMSIS/Include"  -Og -g3 -Wall -fmessage-length=0 -ffunction-sections -c -fmessage-length=0 -MMD -MP -MF"Drivers/STM32L4xx_HAL_Driver/Src/stm32l4xx_hal_pwr_ex.d" -MT"Drivers/STM32L4xx_HAL_Driver/Src/stm32l4xx_hal_pwr_ex.o" -o "Drivers/STM32L4xx_HAL_Driver/Src/stm32l4xx_hal_pwr_ex.o" "../Drivers/STM32L4xx_HAL_Driver/Src/stm32l4xx_hal_pwr_ex.c"
Finished building: ../Drivers/STM32L4xx_HAL_Driver/Src/stm32l4xx_hal_pwr_ex.c
 
Building file: ../Drivers/STM32L4xx_HAL_Driver/Src/stm32l4xx_hal_rcc.c
Invoking: MCU GCC Compiler
C:\Users\popof\Desktop\School\CMU\Priya Project\Code\Sensortile\st_virtualcom\Debug
arm-none-eabi-gcc -mcpu=cortex-m4 -mthumb -mfloat-abi=hard -mfpu=fpv4-sp-d16 -DUSE_HAL_DRIVER -DSTM32L476xx -I"C:/Users/popof/Desktop/School/CMU/Priya Project/Code/Sensortile/st_virtualcom/Inc" -I"C:/Users/popof/Desktop/School/CMU/Priya Project/Code/Sensortile/st_virtualcom/Drivers/STM32L4xx_HAL_Driver/Inc" -I"C:/Users/popof/Desktop/School/CMU/Priya Project/Code/Sensortile/st_virtualcom/Drivers/STM32L4xx_HAL_Driver/Inc/Legacy" -I"C:/Users/popof/Desktop/School/CMU/Priya Project/Code/Sensortile/st_virtualcom/Middlewares/ST/STM32_USB_Device_Library/Core/Inc" -I"C:/Users/popof/Desktop/School/CMU/Priya Project/Code/Sensortile/st_virtualcom/Middlewares/ST/STM32_USB_Device_Library/Class/CDC/Inc" -I"C:/Users/popof/Desktop/School/CMU/Priya Project/Code/Sensortile/st_virtualcom/Drivers/CMSIS/Device/ST/STM32L4xx/Include" -I"C:/Users/popof/Desktop/School/CMU/Priya Project/Code/Sensortile/st_virtualcom/Drivers/CMSIS/Include"  -Og -g3 -Wall -fmessage-length=0 -ffunction-sections -c -fmessage-length=0 -MMD -MP -MF"Drivers/STM32L4xx_HAL_Driver/Src/stm32l4xx_hal_rcc.d" -MT"Drivers/STM32L4xx_HAL_Driver/Src/stm32l4xx_hal_rcc.o" -o "Drivers/STM32L4xx_HAL_Driver/Src/stm32l4xx_hal_rcc.o" "../Drivers/STM32L4xx_HAL_Driver/Src/stm32l4xx_hal_rcc.c"
Finished building: ../Drivers/STM32L4xx_HAL_Driver/Src/stm32l4xx_hal_rcc.c
 
Building file: ../Drivers/STM32L4xx_HAL_Driver/Src/stm32l4xx_hal_rcc_ex.c
Invoking: MCU GCC Compiler
C:\Users\popof\Desktop\School\CMU\Priya Project\Code\Sensortile\st_virtualcom\Debug
arm-none-eabi-gcc -mcpu=cortex-m4 -mthumb -mfloat-abi=hard -mfpu=fpv4-sp-d16 -DUSE_HAL_DRIVER -DSTM32L476xx -I"C:/Users/popof/Desktop/School/CMU/Priya Project/Code/Sensortile/st_virtualcom/Inc" -I"C:/Users/popof/Desktop/School/CMU/Priya Project/Code/Sensortile/st_virtualcom/Drivers/STM32L4xx_HAL_Driver/Inc" -I"C:/Users/popof/Desktop/School/CMU/Priya Project/Code/Sensortile/st_virtualcom/Drivers/STM32L4xx_HAL_Driver/Inc/Legacy" -I"C:/Users/popof/Desktop/School/CMU/Priya Project/Code/Sensortile/st_virtualcom/Middlewares/ST/STM32_USB_Device_Library/Core/Inc" -I"C:/Users/popof/Desktop/School/CMU/Priya Project/Code/Sensortile/st_virtualcom/Middlewares/ST/STM32_USB_Device_Library/Class/CDC/Inc" -I"C:/Users/popof/Desktop/School/CMU/Priya Project/Code/Sensortile/st_virtualcom/Drivers/CMSIS/Device/ST/STM32L4xx/Include" -I"C:/Users/popof/Desktop/School/CMU/Priya Project/Code/Sensortile/st_virtualcom/Drivers/CMSIS/Include"  -Og -g3 -Wall -fmessage-length=0 -ffunction-sections -c -fmessage-length=0 -MMD -MP -MF"Drivers/STM32L4xx_HAL_Driver/Src/stm32l4xx_hal_rcc_ex.d" -MT"Drivers/STM32L4xx_HAL_Driver/Src/stm32l4xx_hal_rcc_ex.o" -o "Drivers/STM32L4xx_HAL_Driver/Src/stm32l4xx_hal_rcc_ex.o" "../Drivers/STM32L4xx_HAL_Driver/Src/stm32l4xx_hal_rcc_ex.c"
Finished building: ../Drivers/STM32L4xx_HAL_Driver/Src/stm32l4xx_hal_rcc_ex.c
 
Building file: ../Drivers/STM32L4xx_HAL_Driver/Src/stm32l4xx_hal_tim.c
Invoking: MCU GCC Compiler
C:\Users\popof\Desktop\School\CMU\Priya Project\Code\Sensortile\st_virtualcom\Debug
arm-none-eabi-gcc -mcpu=cortex-m4 -mthumb -mfloat-abi=hard -mfpu=fpv4-sp-d16 -DUSE_HAL_DRIVER -DSTM32L476xx -I"C:/Users/popof/Desktop/School/CMU/Priya Project/Code/Sensortile/st_virtualcom/Inc" -I"C:/Users/popof/Desktop/School/CMU/Priya Project/Code/Sensortile/st_virtualcom/Drivers/STM32L4xx_HAL_Driver/Inc" -I"C:/Users/popof/Desktop/School/CMU/Priya Project/Code/Sensortile/st_virtualcom/Drivers/STM32L4xx_HAL_Driver/Inc/Legacy" -I"C:/Users/popof/Desktop/School/CMU/Priya Project/Code/Sensortile/st_virtualcom/Middlewares/ST/STM32_USB_Device_Library/Core/Inc" -I"C:/Users/popof/Desktop/School/CMU/Priya Project/Code/Sensortile/st_virtualcom/Middlewares/ST/STM32_USB_Device_Library/Class/CDC/Inc" -I"C:/Users/popof/Desktop/School/CMU/Priya Project/Code/Sensortile/st_virtualcom/Drivers/CMSIS/Device/ST/STM32L4xx/Include" -I"C:/Users/popof/Desktop/School/CMU/Priya Project/Code/Sensortile/st_virtualcom/Drivers/CMSIS/Include"  -Og -g3 -Wall -fmessage-length=0 -ffunction-sections -c -fmessage-length=0 -MMD -MP -MF"Drivers/STM32L4xx_HAL_Driver/Src/stm32l4xx_hal_tim.d" -MT"Drivers/STM32L4xx_HAL_Driver/Src/stm32l4xx_hal_tim.o" -o "Drivers/STM32L4xx_HAL_Driver/Src/stm32l4xx_hal_tim.o" "../Drivers/STM32L4xx_HAL_Driver/Src/stm32l4xx_hal_tim.c"
Finished building: ../Drivers/STM32L4xx_HAL_Driver/Src/stm32l4xx_hal_tim.c
 
Building file: ../Drivers/STM32L4xx_HAL_Driver/Src/stm32l4xx_hal_tim_ex.c
Invoking: MCU GCC Compiler
C:\Users\popof\Desktop\School\CMU\Priya Project\Code\Sensortile\st_virtualcom\Debug
arm-none-eabi-gcc -mcpu=cortex-m4 -mthumb -mfloat-abi=hard -mfpu=fpv4-sp-d16 -DUSE_HAL_DRIVER -DSTM32L476xx -I"C:/Users/popof/Desktop/School/CMU/Priya Project/Code/Sensortile/st_virtualcom/Inc" -I"C:/Users/popof/Desktop/School/CMU/Priya Project/Code/Sensortile/st_virtualcom/Drivers/STM32L4xx_HAL_Driver/Inc" -I"C:/Users/popof/Desktop/School/CMU/Priya Project/Code/Sensortile/st_virtualcom/Drivers/STM32L4xx_HAL_Driver/Inc/Legacy" -I"C:/Users/popof/Desktop/School/CMU/Priya Project/Code/Sensortile/st_virtualcom/Middlewares/ST/STM32_USB_Device_Library/Core/Inc" -I"C:/Users/popof/Desktop/School/CMU/Priya Project/Code/Sensortile/st_virtualcom/Middlewares/ST/STM32_USB_Device_Library/Class/CDC/Inc" -I"C:/Users/popof/Desktop/School/CMU/Priya Project/Code/Sensortile/st_virtualcom/Drivers/CMSIS/Device/ST/STM32L4xx/Include" -I"C:/Users/popof/Desktop/School/CMU/Priya Project/Code/Sensortile/st_virtualcom/Drivers/CMSIS/Include"  -Og -g3 -Wall -fmessage-length=0 -ffunction-sections -c -fmessage-length=0 -MMD -MP -MF"Drivers/STM32L4xx_HAL_Driver/Src/stm32l4xx_hal_tim_ex.d" -MT"Drivers/STM32L4xx_HAL_Driver/Src/stm32l4xx_hal_tim_ex.o" -o "Drivers/STM32L4xx_HAL_Driver/Src/stm32l4xx_hal_tim_ex.o" "../Drivers/STM32L4xx_HAL_Driver/Src/stm32l4xx_hal_tim_ex.c"
Finished building: ../Drivers/STM32L4xx_HAL_Driver/Src/stm32l4xx_hal_tim_ex.c
 
Building file: ../Drivers/STM32L4xx_HAL_Driver/Src/stm32l4xx_ll_usb.c
Invoking: MCU GCC Compiler
C:\Users\popof\Desktop\School\CMU\Priya Project\Code\Sensortile\st_virtualcom\Debug
arm-none-eabi-gcc -mcpu=cortex-m4 -mthumb -mfloat-abi=hard -mfpu=fpv4-sp-d16 -DUSE_HAL_DRIVER -DSTM32L476xx -I"C:/Users/popof/Desktop/School/CMU/Priya Project/Code/Sensortile/st_virtualcom/Inc" -I"C:/Users/popof/Desktop/School/CMU/Priya Project/Code/Sensortile/st_virtualcom/Drivers/STM32L4xx_HAL_Driver/Inc" -I"C:/Users/popof/Desktop/School/CMU/Priya Project/Code/Sensortile/st_virtualcom/Drivers/STM32L4xx_HAL_Driver/Inc/Legacy" -I"C:/Users/popof/Desktop/School/CMU/Priya Project/Code/Sensortile/st_virtualcom/Middlewares/ST/STM32_USB_Device_Library/Core/Inc" -I"C:/Users/popof/Desktop/School/CMU/Priya Project/Code/Sensortile/st_virtualcom/Middlewares/ST/STM32_USB_Device_Library/Class/CDC/Inc" -I"C:/Users/popof/Desktop/School/CMU/Priya Project/Code/Sensortile/st_virtualcom/Drivers/CMSIS/Device/ST/STM32L4xx/Include" -I"C:/Users/popof/Desktop/School/CMU/Priya Project/Code/Sensortile/st_virtualcom/Drivers/CMSIS/Include"  -Og -g3 -Wall -fmessage-length=0 -ffunction-sections -c -fmessage-length=0 -MMD -MP -MF"Drivers/STM32L4xx_HAL_Driver/Src/stm32l4xx_ll_usb.d" -MT"Drivers/STM32L4xx_HAL_Driver/Src/stm32l4xx_ll_usb.o" -o "Drivers/STM32L4xx_HAL_Driver/Src/stm32l4xx_ll_usb.o" "../Drivers/STM32L4xx_HAL_Driver/Src/stm32l4xx_ll_usb.c"
Finished building: ../Drivers/STM32L4xx_HAL_Driver/Src/stm32l4xx_ll_usb.c
 
Building target: st_virtualcom.elf
Invoking: MCU GCC Linker
arm-none-eabi-gcc -mcpu=cortex-m4 -mthumb -mfloat-abi=hard -mfpu=fpv4-sp-d16 -specs=nosys.specs -specs=nano.specs -T"../STM32L476JGYx_FLASH.ld" -Wl,-Map=output.map -Wl,--gc-sections -o "st_virtualcom.elf" @"objects.list"   -lm
Finished building target: st_virtualcom.elf
 
make --no-print-directory post-build
Generating hex and Printing size information:
arm-none-eabi-objcopy -O ihex "st_virtualcom.elf" "st_virtualcom.hex"
arm-none-eabi-size "st_virtualcom.elf"
   text	   data	    bss	    dec	    hex	filename
  16328	    416	   8464	  25208	   6278	st_virtualcom.elf
 
13:23:05 **** Incremental Build of configuration Debug for project st_virtualcom ****
make all 
Building file: ../Src/usbd_cdc_if.c
Invoking: MCU GCC Compiler
C:\Users\popof\Desktop\School\CMU\Priya Project\Code\Sensortile\st_virtualcom\Debug
arm-none-eabi-gcc -mcpu=cortex-m4 -mthumb -mfloat-abi=hard -mfpu=fpv4-sp-d16 -DUSE_HAL_DRIVER -DSTM32L476xx -I"C:/Users/popof/Desktop/School/CMU/Priya Project/Code/Sensortile/st_virtualcom/Inc" -I"C:/Users/popof/Desktop/School/CMU/Priya Project/Code/Sensortile/st_virtualcom/Drivers/STM32L4xx_HAL_Driver/Inc" -I"C:/Users/popof/Desktop/School/CMU/Priya Project/Code/Sensortile/st_virtualcom/Drivers/STM32L4xx_HAL_Driver/Inc/Legacy" -I"C:/Users/popof/Desktop/School/CMU/Priya Project/Code/Sensortile/st_virtualcom/Middlewares/ST/STM32_USB_Device_Library/Core/Inc" -I"C:/Users/popof/Desktop/School/CMU/Priya Project/Code/Sensortile/st_virtualcom/Middlewares/ST/STM32_USB_Device_Library/Class/CDC/Inc" -I"C:/Users/popof/Desktop/School/CMU/Priya Project/Code/Sensortile/st_virtualcom/Drivers/CMSIS/Device/ST/STM32L4xx/Include" -I"C:/Users/popof/Desktop/School/CMU/Priya Project/Code/Sensortile/st_virtualcom/Drivers/CMSIS/Include"  -Og -g3 -Wall -fmessage-length=0 -ffunction-sections -c -fmessage-length=0 -MMD -MP -MF"Src/usbd_cdc_if.d" -MT"Src/usbd_cdc_if.o" -o "Src/usbd_cdc_if.o" "../Src/usbd_cdc_if.c"
../Src/usbd_cdc_if.c: In function 'CDC_Receive_FS':
../Src/usbd_cdc_if.c:260:25: warning: pointer targets in passing argument 1 of 'CDC_Transmit_FS' differ in signedness [-Wpointer-sign]
         CDC_Transmit_FS(data, strlen(data));
                         ^~~~
In file included from ../Src/usbd_cdc_if.c:23:0:
C:/Users/popof/Desktop/School/CMU/Priya Project/Code/Sensortile/st_virtualcom/Inc/usbd_cdc_if.h:106:9: note: expected 'uint8_t * {aka unsigned char *}' but argument is of type 'char *'
 uint8_t CDC_Transmit_FS(uint8_t* Buf, uint16_t Len);
         ^~~~~~~~~~~~~~~
../Src/usbd_cdc_if.c:264:25: warning: pointer targets in passing argument 1 of 'CDC_Transmit_FS' differ in signedness [-Wpointer-sign]
         CDC_Transmit_FS(data, strlen(data));
                         ^~~~
In file included from ../Src/usbd_cdc_if.c:23:0:
C:/Users/popof/Desktop/School/CMU/Priya Project/Code/Sensortile/st_virtualcom/Inc/usbd_cdc_if.h:106:9: note: expected 'uint8_t * {aka unsigned char *}' but argument is of type 'char *'
 uint8_t CDC_Transmit_FS(uint8_t* Buf, uint16_t Len);
         ^~~~~~~~~~~~~~~
Finished building: ../Src/usbd_cdc_if.c
 
Building target: st_virtualcom.elf
Invoking: MCU GCC Linker
arm-none-eabi-gcc -mcpu=cortex-m4 -mthumb -mfloat-abi=hard -mfpu=fpv4-sp-d16 -specs=nosys.specs -specs=nano.specs -T"../STM32L476JGYx_FLASH.ld" -Wl,-Map=output.map -Wl,--gc-sections -o "st_virtualcom.elf" @"objects.list"   -lm
Finished building target: st_virtualcom.elf
 
make --no-print-directory post-build
Generating hex and Printing size information:
arm-none-eabi-objcopy -O ihex "st_virtualcom.elf" "st_virtualcom.hex"
arm-none-eabi-size "st_virtualcom.elf"
   text	   data	    bss	    dec	    hex	filename
  16568	    416	   8464	  25448	   6368	st_virtualcom.elf
 
