00:28:37 **** Incremental Build of configuration Debug for project st_esp8266_test ****
make all 
make: Nothing to be done for 'all'.
00:34:02 **** Incremental Build of configuration Debug for project st_esp8266_test ****
make all 
make: Nothing to be done for 'all'.
00:35:35 **** Incremental Build of configuration Debug for project st_esp8266_test ****
make all 
make: Nothing to be done for 'all'.
00:37:26 **** Incremental Build of configuration Debug for project st_esp8266_test ****
make all 
make: Nothing to be done for 'all'.
00:37:54 **** Incremental Build of configuration Debug for project st_esp8266_test ****
make all 
make: Nothing to be done for 'all'.
00:38:20 **** Incremental Build of configuration Debug for project st_esp8266_test ****
make all 
make: Nothing to be done for 'all'.
00:42:18 **** Incremental Build of configuration Debug for project st_esp8266_test ****
make all 
Building file: ../Src/ESP8266_HAL.c
Invoking: MCU GCC Compiler
C:\Users\popof\Desktop\School\CMU\Priya Project\Code\Sensortile\st_esp8266_test\Debug
arm-none-eabi-gcc -mcpu=cortex-m4 -mthumb -mfloat-abi=hard -mfpu=fpv4-sp-d16 -DUSE_HAL_DRIVER -DSTM32L476xx -I"C:/Users/popof/Desktop/School/CMU/Priya Project/Code/Sensortile/st_esp8266_test/Inc" -I"C:/Users/popof/Desktop/School/CMU/Priya Project/Code/Sensortile/st_esp8266_test/Drivers/STM32L4xx_HAL_Driver/Inc" -I"C:/Users/popof/Desktop/School/CMU/Priya Project/Code/Sensortile/st_esp8266_test/Drivers/STM32L4xx_HAL_Driver/Inc/Legacy" -I"C:/Users/popof/Desktop/School/CMU/Priya Project/Code/Sensortile/st_esp8266_test/Drivers/CMSIS/Device/ST/STM32L4xx/Include" -I"C:/Users/popof/Desktop/School/CMU/Priya Project/Code/Sensortile/st_esp8266_test/Drivers/CMSIS/Include"  -Og -g3 -Wall -fmessage-length=0 -ffunction-sections -c -fmessage-length=0 -MMD -MP -MF"Src/ESP8266_HAL.d" -MT"Src/ESP8266_HAL.o" -o "Src/ESP8266_HAL.o" "../Src/ESP8266_HAL.c"
Finished building: ../Src/ESP8266_HAL.c
 
Building target: st_esp8266_test.elf
Invoking: MCU GCC Linker
arm-none-eabi-gcc -mcpu=cortex-m4 -mthumb -mfloat-abi=hard -mfpu=fpv4-sp-d16 -specs=nosys.specs -specs=nano.specs -T"../STM32L476JGYx_FLASH.ld" -Wl,-Map=output.map -Wl,--gc-sections -o "st_esp8266_test.elf" @"objects.list"   -lm
Finished building target: st_esp8266_test.elf
 
make --no-print-directory post-build
Generating hex and Printing size information:
arm-none-eabi-objcopy -O ihex "st_esp8266_test.elf" "st_esp8266_test.hex"
arm-none-eabi-size "st_esp8266_test.elf"
   text	   data	    bss	    dec	    hex	filename
  15072	    144	   2168	  17384	   43e8	st_esp8266_test.elf
 
00:47:53 **** Incremental Build of configuration Debug for project st_esp8266_test ****
make all 
Building file: ../Src/ESP8266_HAL.c
Invoking: MCU GCC Compiler
C:\Users\popof\Desktop\School\CMU\Priya Project\Code\Sensortile\st_esp8266_test\Debug
arm-none-eabi-gcc -mcpu=cortex-m4 -mthumb -mfloat-abi=hard -mfpu=fpv4-sp-d16 -DUSE_HAL_DRIVER -DSTM32L476xx -I"C:/Users/popof/Desktop/School/CMU/Priya Project/Code/Sensortile/st_esp8266_test/Inc" -I"C:/Users/popof/Desktop/School/CMU/Priya Project/Code/Sensortile/st_esp8266_test/Drivers/STM32L4xx_HAL_Driver/Inc" -I"C:/Users/popof/Desktop/School/CMU/Priya Project/Code/Sensortile/st_esp8266_test/Drivers/STM32L4xx_HAL_Driver/Inc/Legacy" -I"C:/Users/popof/Desktop/School/CMU/Priya Project/Code/Sensortile/st_esp8266_test/Drivers/CMSIS/Device/ST/STM32L4xx/Include" -I"C:/Users/popof/Desktop/School/CMU/Priya Project/Code/Sensortile/st_esp8266_test/Drivers/CMSIS/Include"  -Og -g3 -Wall -fmessage-length=0 -ffunction-sections -c -fmessage-length=0 -MMD -MP -MF"Src/ESP8266_HAL.d" -MT"Src/ESP8266_HAL.o" -o "Src/ESP8266_HAL.o" "../Src/ESP8266_HAL.c"
Finished building: ../Src/ESP8266_HAL.c
 
Building file: ../Src/UartRingbuffer_multi.c
Invoking: MCU GCC Compiler
C:\Users\popof\Desktop\School\CMU\Priya Project\Code\Sensortile\st_esp8266_test\Debug
arm-none-eabi-gcc -mcpu=cortex-m4 -mthumb -mfloat-abi=hard -mfpu=fpv4-sp-d16 -DUSE_HAL_DRIVER -DSTM32L476xx -I"C:/Users/popof/Desktop/School/CMU/Priya Project/Code/Sensortile/st_esp8266_test/Inc" -I"C:/Users/popof/Desktop/School/CMU/Priya Project/Code/Sensortile/st_esp8266_test/Drivers/STM32L4xx_HAL_Driver/Inc" -I"C:/Users/popof/Desktop/School/CMU/Priya Project/Code/Sensortile/st_esp8266_test/Drivers/STM32L4xx_HAL_Driver/Inc/Legacy" -I"C:/Users/popof/Desktop/School/CMU/Priya Project/Code/Sensortile/st_esp8266_test/Drivers/CMSIS/Device/ST/STM32L4xx/Include" -I"C:/Users/popof/Desktop/School/CMU/Priya Project/Code/Sensortile/st_esp8266_test/Drivers/CMSIS/Include"  -Og -g3 -Wall -fmessage-length=0 -ffunction-sections -c -fmessage-length=0 -MMD -MP -MF"Src/UartRingbuffer_multi.d" -MT"Src/UartRingbuffer_multi.o" -o "Src/UartRingbuffer_multi.o" "../Src/UartRingbuffer_multi.c"
Finished building: ../Src/UartRingbuffer_multi.c
 
Building file: ../Src/main.c
Invoking: MCU GCC Compiler
C:\Users\popof\Desktop\School\CMU\Priya Project\Code\Sensortile\st_esp8266_test\Debug
arm-none-eabi-gcc -mcpu=cortex-m4 -mthumb -mfloat-abi=hard -mfpu=fpv4-sp-d16 -DUSE_HAL_DRIVER -DSTM32L476xx -I"C:/Users/popof/Desktop/School/CMU/Priya Project/Code/Sensortile/st_esp8266_test/Inc" -I"C:/Users/popof/Desktop/School/CMU/Priya Project/Code/Sensortile/st_esp8266_test/Drivers/STM32L4xx_HAL_Driver/Inc" -I"C:/Users/popof/Desktop/School/CMU/Priya Project/Code/Sensortile/st_esp8266_test/Drivers/STM32L4xx_HAL_Driver/Inc/Legacy" -I"C:/Users/popof/Desktop/School/CMU/Priya Project/Code/Sensortile/st_esp8266_test/Drivers/CMSIS/Device/ST/STM32L4xx/Include" -I"C:/Users/popof/Desktop/School/CMU/Priya Project/Code/Sensortile/st_esp8266_test/Drivers/CMSIS/Include"  -Og -g3 -Wall -fmessage-length=0 -ffunction-sections -c -fmessage-length=0 -MMD -MP -MF"Src/main.d" -MT"Src/main.o" -o "Src/main.o" "../Src/main.c"
../Src/main.c: In function 'main':
../Src/main.c:95:5: warning: implicit declaration of function 'ESP_Init'; did you mean 'HAL_Init'? [-Wimplicit-function-declaration]
     ESP_Init("test", "12345678");
     ^~~~~~~~
     HAL_Init
../Src/main.c:102:9: warning: implicit declaration of function 'Server_Start' [-Wimplicit-function-declaration]
         Server_Start();
         ^~~~~~~~~~~~
Finished building: ../Src/main.c
 
Building file: ../Src/stm32l4xx_hal_msp.c
Invoking: MCU GCC Compiler
C:\Users\popof\Desktop\School\CMU\Priya Project\Code\Sensortile\st_esp8266_test\Debug
arm-none-eabi-gcc -mcpu=cortex-m4 -mthumb -mfloat-abi=hard -mfpu=fpv4-sp-d16 -DUSE_HAL_DRIVER -DSTM32L476xx -I"C:/Users/popof/Desktop/School/CMU/Priya Project/Code/Sensortile/st_esp8266_test/Inc" -I"C:/Users/popof/Desktop/School/CMU/Priya Project/Code/Sensortile/st_esp8266_test/Drivers/STM32L4xx_HAL_Driver/Inc" -I"C:/Users/popof/Desktop/School/CMU/Priya Project/Code/Sensortile/st_esp8266_test/Drivers/STM32L4xx_HAL_Driver/Inc/Legacy" -I"C:/Users/popof/Desktop/School/CMU/Priya Project/Code/Sensortile/st_esp8266_test/Drivers/CMSIS/Device/ST/STM32L4xx/Include" -I"C:/Users/popof/Desktop/School/CMU/Priya Project/Code/Sensortile/st_esp8266_test/Drivers/CMSIS/Include"  -Og -g3 -Wall -fmessage-length=0 -ffunction-sections -c -fmessage-length=0 -MMD -MP -MF"Src/stm32l4xx_hal_msp.d" -MT"Src/stm32l4xx_hal_msp.o" -o "Src/stm32l4xx_hal_msp.o" "../Src/stm32l4xx_hal_msp.c"
Finished building: ../Src/stm32l4xx_hal_msp.c
 
Building file: ../Src/stm32l4xx_it.c
Invoking: MCU GCC Compiler
C:\Users\popof\Desktop\School\CMU\Priya Project\Code\Sensortile\st_esp8266_test\Debug
arm-none-eabi-gcc -mcpu=cortex-m4 -mthumb -mfloat-abi=hard -mfpu=fpv4-sp-d16 -DUSE_HAL_DRIVER -DSTM32L476xx -I"C:/Users/popof/Desktop/School/CMU/Priya Project/Code/Sensortile/st_esp8266_test/Inc" -I"C:/Users/popof/Desktop/School/CMU/Priya Project/Code/Sensortile/st_esp8266_test/Drivers/STM32L4xx_HAL_Driver/Inc" -I"C:/Users/popof/Desktop/School/CMU/Priya Project/Code/Sensortile/st_esp8266_test/Drivers/STM32L4xx_HAL_Driver/Inc/Legacy" -I"C:/Users/popof/Desktop/School/CMU/Priya Project/Code/Sensortile/st_esp8266_test/Drivers/CMSIS/Device/ST/STM32L4xx/Include" -I"C:/Users/popof/Desktop/School/CMU/Priya Project/Code/Sensortile/st_esp8266_test/Drivers/CMSIS/Include"  -Og -g3 -Wall -fmessage-length=0 -ffunction-sections -c -fmessage-length=0 -MMD -MP -MF"Src/stm32l4xx_it.d" -MT"Src/stm32l4xx_it.o" -o "Src/stm32l4xx_it.o" "../Src/stm32l4xx_it.c"
Finished building: ../Src/stm32l4xx_it.c
 
Building file: ../Src/system_stm32l4xx.c
Invoking: MCU GCC Compiler
C:\Users\popof\Desktop\School\CMU\Priya Project\Code\Sensortile\st_esp8266_test\Debug
arm-none-eabi-gcc -mcpu=cortex-m4 -mthumb -mfloat-abi=hard -mfpu=fpv4-sp-d16 -DUSE_HAL_DRIVER -DSTM32L476xx -I"C:/Users/popof/Desktop/School/CMU/Priya Project/Code/Sensortile/st_esp8266_test/Inc" -I"C:/Users/popof/Desktop/School/CMU/Priya Project/Code/Sensortile/st_esp8266_test/Drivers/STM32L4xx_HAL_Driver/Inc" -I"C:/Users/popof/Desktop/School/CMU/Priya Project/Code/Sensortile/st_esp8266_test/Drivers/STM32L4xx_HAL_Driver/Inc/Legacy" -I"C:/Users/popof/Desktop/School/CMU/Priya Project/Code/Sensortile/st_esp8266_test/Drivers/CMSIS/Device/ST/STM32L4xx/Include" -I"C:/Users/popof/Desktop/School/CMU/Priya Project/Code/Sensortile/st_esp8266_test/Drivers/CMSIS/Include"  -Og -g3 -Wall -fmessage-length=0 -ffunction-sections -c -fmessage-length=0 -MMD -MP -MF"Src/system_stm32l4xx.d" -MT"Src/system_stm32l4xx.o" -o "Src/system_stm32l4xx.o" "../Src/system_stm32l4xx.c"
Finished building: ../Src/system_stm32l4xx.c
 
Building file: ../Drivers/STM32L4xx_HAL_Driver/Src/stm32l4xx_hal.c
Invoking: MCU GCC Compiler
C:\Users\popof\Desktop\School\CMU\Priya Project\Code\Sensortile\st_esp8266_test\Debug
arm-none-eabi-gcc -mcpu=cortex-m4 -mthumb -mfloat-abi=hard -mfpu=fpv4-sp-d16 -DUSE_HAL_DRIVER -DSTM32L476xx -I"C:/Users/popof/Desktop/School/CMU/Priya Project/Code/Sensortile/st_esp8266_test/Inc" -I"C:/Users/popof/Desktop/School/CMU/Priya Project/Code/Sensortile/st_esp8266_test/Drivers/STM32L4xx_HAL_Driver/Inc" -I"C:/Users/popof/Desktop/School/CMU/Priya Project/Code/Sensortile/st_esp8266_test/Drivers/STM32L4xx_HAL_Driver/Inc/Legacy" -I"C:/Users/popof/Desktop/School/CMU/Priya Project/Code/Sensortile/st_esp8266_test/Drivers/CMSIS/Device/ST/STM32L4xx/Include" -I"C:/Users/popof/Desktop/School/CMU/Priya Project/Code/Sensortile/st_esp8266_test/Drivers/CMSIS/Include"  -Og -g3 -Wall -fmessage-length=0 -ffunction-sections -c -fmessage-length=0 -MMD -MP -MF"Drivers/STM32L4xx_HAL_Driver/Src/stm32l4xx_hal.d" -MT"Drivers/STM32L4xx_HAL_Driver/Src/stm32l4xx_hal.o" -o "Drivers/STM32L4xx_HAL_Driver/Src/stm32l4xx_hal.o" "../Drivers/STM32L4xx_HAL_Driver/Src/stm32l4xx_hal.c"
Finished building: ../Drivers/STM32L4xx_HAL_Driver/Src/stm32l4xx_hal.c
 
Building file: ../Drivers/STM32L4xx_HAL_Driver/Src/stm32l4xx_hal_cortex.c
Invoking: MCU GCC Compiler
C:\Users\popof\Desktop\School\CMU\Priya Project\Code\Sensortile\st_esp8266_test\Debug
arm-none-eabi-gcc -mcpu=cortex-m4 -mthumb -mfloat-abi=hard -mfpu=fpv4-sp-d16 -DUSE_HAL_DRIVER -DSTM32L476xx -I"C:/Users/popof/Desktop/School/CMU/Priya Project/Code/Sensortile/st_esp8266_test/Inc" -I"C:/Users/popof/Desktop/School/CMU/Priya Project/Code/Sensortile/st_esp8266_test/Drivers/STM32L4xx_HAL_Driver/Inc" -I"C:/Users/popof/Desktop/School/CMU/Priya Project/Code/Sensortile/st_esp8266_test/Drivers/STM32L4xx_HAL_Driver/Inc/Legacy" -I"C:/Users/popof/Desktop/School/CMU/Priya Project/Code/Sensortile/st_esp8266_test/Drivers/CMSIS/Device/ST/STM32L4xx/Include" -I"C:/Users/popof/Desktop/School/CMU/Priya Project/Code/Sensortile/st_esp8266_test/Drivers/CMSIS/Include"  -Og -g3 -Wall -fmessage-length=0 -ffunction-sections -c -fmessage-length=0 -MMD -MP -MF"Drivers/STM32L4xx_HAL_Driver/Src/stm32l4xx_hal_cortex.d" -MT"Drivers/STM32L4xx_HAL_Driver/Src/stm32l4xx_hal_cortex.o" -o "Drivers/STM32L4xx_HAL_Driver/Src/stm32l4xx_hal_cortex.o" "../Drivers/STM32L4xx_HAL_Driver/Src/stm32l4xx_hal_cortex.c"
Finished building: ../Drivers/STM32L4xx_HAL_Driver/Src/stm32l4xx_hal_cortex.c
 
Building file: ../Drivers/STM32L4xx_HAL_Driver/Src/stm32l4xx_hal_dma.c
Invoking: MCU GCC Compiler
C:\Users\popof\Desktop\School\CMU\Priya Project\Code\Sensortile\st_esp8266_test\Debug
arm-none-eabi-gcc -mcpu=cortex-m4 -mthumb -mfloat-abi=hard -mfpu=fpv4-sp-d16 -DUSE_HAL_DRIVER -DSTM32L476xx -I"C:/Users/popof/Desktop/School/CMU/Priya Project/Code/Sensortile/st_esp8266_test/Inc" -I"C:/Users/popof/Desktop/School/CMU/Priya Project/Code/Sensortile/st_esp8266_test/Drivers/STM32L4xx_HAL_Driver/Inc" -I"C:/Users/popof/Desktop/School/CMU/Priya Project/Code/Sensortile/st_esp8266_test/Drivers/STM32L4xx_HAL_Driver/Inc/Legacy" -I"C:/Users/popof/Desktop/School/CMU/Priya Project/Code/Sensortile/st_esp8266_test/Drivers/CMSIS/Device/ST/STM32L4xx/Include" -I"C:/Users/popof/Desktop/School/CMU/Priya Project/Code/Sensortile/st_esp8266_test/Drivers/CMSIS/Include"  -Og -g3 -Wall -fmessage-length=0 -ffunction-sections -c -fmessage-length=0 -MMD -MP -MF"Drivers/STM32L4xx_HAL_Driver/Src/stm32l4xx_hal_dma.d" -MT"Drivers/STM32L4xx_HAL_Driver/Src/stm32l4xx_hal_dma.o" -o "Drivers/STM32L4xx_HAL_Driver/Src/stm32l4xx_hal_dma.o" "../Drivers/STM32L4xx_HAL_Driver/Src/stm32l4xx_hal_dma.c"
Finished building: ../Drivers/STM32L4xx_HAL_Driver/Src/stm32l4xx_hal_dma.c
 
Building file: ../Drivers/STM32L4xx_HAL_Driver/Src/stm32l4xx_hal_dma_ex.c
Invoking: MCU GCC Compiler
C:\Users\popof\Desktop\School\CMU\Priya Project\Code\Sensortile\st_esp8266_test\Debug
arm-none-eabi-gcc -mcpu=cortex-m4 -mthumb -mfloat-abi=hard -mfpu=fpv4-sp-d16 -DUSE_HAL_DRIVER -DSTM32L476xx -I"C:/Users/popof/Desktop/School/CMU/Priya Project/Code/Sensortile/st_esp8266_test/Inc" -I"C:/Users/popof/Desktop/School/CMU/Priya Project/Code/Sensortile/st_esp8266_test/Drivers/STM32L4xx_HAL_Driver/Inc" -I"C:/Users/popof/Desktop/School/CMU/Priya Project/Code/Sensortile/st_esp8266_test/Drivers/STM32L4xx_HAL_Driver/Inc/Legacy" -I"C:/Users/popof/Desktop/School/CMU/Priya Project/Code/Sensortile/st_esp8266_test/Drivers/CMSIS/Device/ST/STM32L4xx/Include" -I"C:/Users/popof/Desktop/School/CMU/Priya Project/Code/Sensortile/st_esp8266_test/Drivers/CMSIS/Include"  -Og -g3 -Wall -fmessage-length=0 -ffunction-sections -c -fmessage-length=0 -MMD -MP -MF"Drivers/STM32L4xx_HAL_Driver/Src/stm32l4xx_hal_dma_ex.d" -MT"Drivers/STM32L4xx_HAL_Driver/Src/stm32l4xx_hal_dma_ex.o" -o "Drivers/STM32L4xx_HAL_Driver/Src/stm32l4xx_hal_dma_ex.o" "../Drivers/STM32L4xx_HAL_Driver/Src/stm32l4xx_hal_dma_ex.c"
Finished building: ../Drivers/STM32L4xx_HAL_Driver/Src/stm32l4xx_hal_dma_ex.c
 
Building file: ../Drivers/STM32L4xx_HAL_Driver/Src/stm32l4xx_hal_exti.c
Invoking: MCU GCC Compiler
C:\Users\popof\Desktop\School\CMU\Priya Project\Code\Sensortile\st_esp8266_test\Debug
arm-none-eabi-gcc -mcpu=cortex-m4 -mthumb -mfloat-abi=hard -mfpu=fpv4-sp-d16 -DUSE_HAL_DRIVER -DSTM32L476xx -I"C:/Users/popof/Desktop/School/CMU/Priya Project/Code/Sensortile/st_esp8266_test/Inc" -I"C:/Users/popof/Desktop/School/CMU/Priya Project/Code/Sensortile/st_esp8266_test/Drivers/STM32L4xx_HAL_Driver/Inc" -I"C:/Users/popof/Desktop/School/CMU/Priya Project/Code/Sensortile/st_esp8266_test/Drivers/STM32L4xx_HAL_Driver/Inc/Legacy" -I"C:/Users/popof/Desktop/School/CMU/Priya Project/Code/Sensortile/st_esp8266_test/Drivers/CMSIS/Device/ST/STM32L4xx/Include" -I"C:/Users/popof/Desktop/School/CMU/Priya Project/Code/Sensortile/st_esp8266_test/Drivers/CMSIS/Include"  -Og -g3 -Wall -fmessage-length=0 -ffunction-sections -c -fmessage-length=0 -MMD -MP -MF"Drivers/STM32L4xx_HAL_Driver/Src/stm32l4xx_hal_exti.d" -MT"Drivers/STM32L4xx_HAL_Driver/Src/stm32l4xx_hal_exti.o" -o "Drivers/STM32L4xx_HAL_Driver/Src/stm32l4xx_hal_exti.o" "../Drivers/STM32L4xx_HAL_Driver/Src/stm32l4xx_hal_exti.c"
Finished building: ../Drivers/STM32L4xx_HAL_Driver/Src/stm32l4xx_hal_exti.c
 
Building file: ../Drivers/STM32L4xx_HAL_Driver/Src/stm32l4xx_hal_flash.c
Invoking: MCU GCC Compiler
C:\Users\popof\Desktop\School\CMU\Priya Project\Code\Sensortile\st_esp8266_test\Debug
arm-none-eabi-gcc -mcpu=cortex-m4 -mthumb -mfloat-abi=hard -mfpu=fpv4-sp-d16 -DUSE_HAL_DRIVER -DSTM32L476xx -I"C:/Users/popof/Desktop/School/CMU/Priya Project/Code/Sensortile/st_esp8266_test/Inc" -I"C:/Users/popof/Desktop/School/CMU/Priya Project/Code/Sensortile/st_esp8266_test/Drivers/STM32L4xx_HAL_Driver/Inc" -I"C:/Users/popof/Desktop/School/CMU/Priya Project/Code/Sensortile/st_esp8266_test/Drivers/STM32L4xx_HAL_Driver/Inc/Legacy" -I"C:/Users/popof/Desktop/School/CMU/Priya Project/Code/Sensortile/st_esp8266_test/Drivers/CMSIS/Device/ST/STM32L4xx/Include" -I"C:/Users/popof/Desktop/School/CMU/Priya Project/Code/Sensortile/st_esp8266_test/Drivers/CMSIS/Include"  -Og -g3 -Wall -fmessage-length=0 -ffunction-sections -c -fmessage-length=0 -MMD -MP -MF"Drivers/STM32L4xx_HAL_Driver/Src/stm32l4xx_hal_flash.d" -MT"Drivers/STM32L4xx_HAL_Driver/Src/stm32l4xx_hal_flash.o" -o "Drivers/STM32L4xx_HAL_Driver/Src/stm32l4xx_hal_flash.o" "../Drivers/STM32L4xx_HAL_Driver/Src/stm32l4xx_hal_flash.c"
Finished building: ../Drivers/STM32L4xx_HAL_Driver/Src/stm32l4xx_hal_flash.c
 
Building file: ../Drivers/STM32L4xx_HAL_Driver/Src/stm32l4xx_hal_flash_ex.c
Invoking: MCU GCC Compiler
C:\Users\popof\Desktop\School\CMU\Priya Project\Code\Sensortile\st_esp8266_test\Debug
arm-none-eabi-gcc -mcpu=cortex-m4 -mthumb -mfloat-abi=hard -mfpu=fpv4-sp-d16 -DUSE_HAL_DRIVER -DSTM32L476xx -I"C:/Users/popof/Desktop/School/CMU/Priya Project/Code/Sensortile/st_esp8266_test/Inc" -I"C:/Users/popof/Desktop/School/CMU/Priya Project/Code/Sensortile/st_esp8266_test/Drivers/STM32L4xx_HAL_Driver/Inc" -I"C:/Users/popof/Desktop/School/CMU/Priya Project/Code/Sensortile/st_esp8266_test/Drivers/STM32L4xx_HAL_Driver/Inc/Legacy" -I"C:/Users/popof/Desktop/School/CMU/Priya Project/Code/Sensortile/st_esp8266_test/Drivers/CMSIS/Device/ST/STM32L4xx/Include" -I"C:/Users/popof/Desktop/School/CMU/Priya Project/Code/Sensortile/st_esp8266_test/Drivers/CMSIS/Include"  -Og -g3 -Wall -fmessage-length=0 -ffunction-sections -c -fmessage-length=0 -MMD -MP -MF"Drivers/STM32L4xx_HAL_Driver/Src/stm32l4xx_hal_flash_ex.d" -MT"Drivers/STM32L4xx_HAL_Driver/Src/stm32l4xx_hal_flash_ex.o" -o "Drivers/STM32L4xx_HAL_Driver/Src/stm32l4xx_hal_flash_ex.o" "../Drivers/STM32L4xx_HAL_Driver/Src/stm32l4xx_hal_flash_ex.c"
Finished building: ../Drivers/STM32L4xx_HAL_Driver/Src/stm32l4xx_hal_flash_ex.c
 
Building file: ../Drivers/STM32L4xx_HAL_Driver/Src/stm32l4xx_hal_flash_ramfunc.c
Invoking: MCU GCC Compiler
C:\Users\popof\Desktop\School\CMU\Priya Project\Code\Sensortile\st_esp8266_test\Debug
arm-none-eabi-gcc -mcpu=cortex-m4 -mthumb -mfloat-abi=hard -mfpu=fpv4-sp-d16 -DUSE_HAL_DRIVER -DSTM32L476xx -I"C:/Users/popof/Desktop/School/CMU/Priya Project/Code/Sensortile/st_esp8266_test/Inc" -I"C:/Users/popof/Desktop/School/CMU/Priya Project/Code/Sensortile/st_esp8266_test/Drivers/STM32L4xx_HAL_Driver/Inc" -I"C:/Users/popof/Desktop/School/CMU/Priya Project/Code/Sensortile/st_esp8266_test/Drivers/STM32L4xx_HAL_Driver/Inc/Legacy" -I"C:/Users/popof/Desktop/School/CMU/Priya Project/Code/Sensortile/st_esp8266_test/Drivers/CMSIS/Device/ST/STM32L4xx/Include" -I"C:/Users/popof/Desktop/School/CMU/Priya Project/Code/Sensortile/st_esp8266_test/Drivers/CMSIS/Include"  -Og -g3 -Wall -fmessage-length=0 -ffunction-sections -c -fmessage-length=0 -MMD -MP -MF"Drivers/STM32L4xx_HAL_Driver/Src/stm32l4xx_hal_flash_ramfunc.d" -MT"Drivers/STM32L4xx_HAL_Driver/Src/stm32l4xx_hal_flash_ramfunc.o" -o "Drivers/STM32L4xx_HAL_Driver/Src/stm32l4xx_hal_flash_ramfunc.o" "../Drivers/STM32L4xx_HAL_Driver/Src/stm32l4xx_hal_flash_ramfunc.c"
Finished building: ../Drivers/STM32L4xx_HAL_Driver/Src/stm32l4xx_hal_flash_ramfunc.c
 
Building file: ../Drivers/STM32L4xx_HAL_Driver/Src/stm32l4xx_hal_gpio.c
Invoking: MCU GCC Compiler
C:\Users\popof\Desktop\School\CMU\Priya Project\Code\Sensortile\st_esp8266_test\Debug
arm-none-eabi-gcc -mcpu=cortex-m4 -mthumb -mfloat-abi=hard -mfpu=fpv4-sp-d16 -DUSE_HAL_DRIVER -DSTM32L476xx -I"C:/Users/popof/Desktop/School/CMU/Priya Project/Code/Sensortile/st_esp8266_test/Inc" -I"C:/Users/popof/Desktop/School/CMU/Priya Project/Code/Sensortile/st_esp8266_test/Drivers/STM32L4xx_HAL_Driver/Inc" -I"C:/Users/popof/Desktop/School/CMU/Priya Project/Code/Sensortile/st_esp8266_test/Drivers/STM32L4xx_HAL_Driver/Inc/Legacy" -I"C:/Users/popof/Desktop/School/CMU/Priya Project/Code/Sensortile/st_esp8266_test/Drivers/CMSIS/Device/ST/STM32L4xx/Include" -I"C:/Users/popof/Desktop/School/CMU/Priya Project/Code/Sensortile/st_esp8266_test/Drivers/CMSIS/Include"  -Og -g3 -Wall -fmessage-length=0 -ffunction-sections -c -fmessage-length=0 -MMD -MP -MF"Drivers/STM32L4xx_HAL_Driver/Src/stm32l4xx_hal_gpio.d" -MT"Drivers/STM32L4xx_HAL_Driver/Src/stm32l4xx_hal_gpio.o" -o "Drivers/STM32L4xx_HAL_Driver/Src/stm32l4xx_hal_gpio.o" "../Drivers/STM32L4xx_HAL_Driver/Src/stm32l4xx_hal_gpio.c"
Finished building: ../Drivers/STM32L4xx_HAL_Driver/Src/stm32l4xx_hal_gpio.c
 
Building file: ../Drivers/STM32L4xx_HAL_Driver/Src/stm32l4xx_hal_i2c.c
Invoking: MCU GCC Compiler
C:\Users\popof\Desktop\School\CMU\Priya Project\Code\Sensortile\st_esp8266_test\Debug
arm-none-eabi-gcc -mcpu=cortex-m4 -mthumb -mfloat-abi=hard -mfpu=fpv4-sp-d16 -DUSE_HAL_DRIVER -DSTM32L476xx -I"C:/Users/popof/Desktop/School/CMU/Priya Project/Code/Sensortile/st_esp8266_test/Inc" -I"C:/Users/popof/Desktop/School/CMU/Priya Project/Code/Sensortile/st_esp8266_test/Drivers/STM32L4xx_HAL_Driver/Inc" -I"C:/Users/popof/Desktop/School/CMU/Priya Project/Code/Sensortile/st_esp8266_test/Drivers/STM32L4xx_HAL_Driver/Inc/Legacy" -I"C:/Users/popof/Desktop/School/CMU/Priya Project/Code/Sensortile/st_esp8266_test/Drivers/CMSIS/Device/ST/STM32L4xx/Include" -I"C:/Users/popof/Desktop/School/CMU/Priya Project/Code/Sensortile/st_esp8266_test/Drivers/CMSIS/Include"  -Og -g3 -Wall -fmessage-length=0 -ffunction-sections -c -fmessage-length=0 -MMD -MP -MF"Drivers/STM32L4xx_HAL_Driver/Src/stm32l4xx_hal_i2c.d" -MT"Drivers/STM32L4xx_HAL_Driver/Src/stm32l4xx_hal_i2c.o" -o "Drivers/STM32L4xx_HAL_Driver/Src/stm32l4xx_hal_i2c.o" "../Drivers/STM32L4xx_HAL_Driver/Src/stm32l4xx_hal_i2c.c"
Finished building: ../Drivers/STM32L4xx_HAL_Driver/Src/stm32l4xx_hal_i2c.c
 
Building file: ../Drivers/STM32L4xx_HAL_Driver/Src/stm32l4xx_hal_i2c_ex.c
Invoking: MCU GCC Compiler
C:\Users\popof\Desktop\School\CMU\Priya Project\Code\Sensortile\st_esp8266_test\Debug
arm-none-eabi-gcc -mcpu=cortex-m4 -mthumb -mfloat-abi=hard -mfpu=fpv4-sp-d16 -DUSE_HAL_DRIVER -DSTM32L476xx -I"C:/Users/popof/Desktop/School/CMU/Priya Project/Code/Sensortile/st_esp8266_test/Inc" -I"C:/Users/popof/Desktop/School/CMU/Priya Project/Code/Sensortile/st_esp8266_test/Drivers/STM32L4xx_HAL_Driver/Inc" -I"C:/Users/popof/Desktop/School/CMU/Priya Project/Code/Sensortile/st_esp8266_test/Drivers/STM32L4xx_HAL_Driver/Inc/Legacy" -I"C:/Users/popof/Desktop/School/CMU/Priya Project/Code/Sensortile/st_esp8266_test/Drivers/CMSIS/Device/ST/STM32L4xx/Include" -I"C:/Users/popof/Desktop/School/CMU/Priya Project/Code/Sensortile/st_esp8266_test/Drivers/CMSIS/Include"  -Og -g3 -Wall -fmessage-length=0 -ffunction-sections -c -fmessage-length=0 -MMD -MP -MF"Drivers/STM32L4xx_HAL_Driver/Src/stm32l4xx_hal_i2c_ex.d" -MT"Drivers/STM32L4xx_HAL_Driver/Src/stm32l4xx_hal_i2c_ex.o" -o "Drivers/STM32L4xx_HAL_Driver/Src/stm32l4xx_hal_i2c_ex.o" "../Drivers/STM32L4xx_HAL_Driver/Src/stm32l4xx_hal_i2c_ex.c"
Finished building: ../Drivers/STM32L4xx_HAL_Driver/Src/stm32l4xx_hal_i2c_ex.c
 
Building file: ../Drivers/STM32L4xx_HAL_Driver/Src/stm32l4xx_hal_pwr.c
Invoking: MCU GCC Compiler
C:\Users\popof\Desktop\School\CMU\Priya Project\Code\Sensortile\st_esp8266_test\Debug
arm-none-eabi-gcc -mcpu=cortex-m4 -mthumb -mfloat-abi=hard -mfpu=fpv4-sp-d16 -DUSE_HAL_DRIVER -DSTM32L476xx -I"C:/Users/popof/Desktop/School/CMU/Priya Project/Code/Sensortile/st_esp8266_test/Inc" -I"C:/Users/popof/Desktop/School/CMU/Priya Project/Code/Sensortile/st_esp8266_test/Drivers/STM32L4xx_HAL_Driver/Inc" -I"C:/Users/popof/Desktop/School/CMU/Priya Project/Code/Sensortile/st_esp8266_test/Drivers/STM32L4xx_HAL_Driver/Inc/Legacy" -I"C:/Users/popof/Desktop/School/CMU/Priya Project/Code/Sensortile/st_esp8266_test/Drivers/CMSIS/Device/ST/STM32L4xx/Include" -I"C:/Users/popof/Desktop/School/CMU/Priya Project/Code/Sensortile/st_esp8266_test/Drivers/CMSIS/Include"  -Og -g3 -Wall -fmessage-length=0 -ffunction-sections -c -fmessage-length=0 -MMD -MP -MF"Drivers/STM32L4xx_HAL_Driver/Src/stm32l4xx_hal_pwr.d" -MT"Drivers/STM32L4xx_HAL_Driver/Src/stm32l4xx_hal_pwr.o" -o "Drivers/STM32L4xx_HAL_Driver/Src/stm32l4xx_hal_pwr.o" "../Drivers/STM32L4xx_HAL_Driver/Src/stm32l4xx_hal_pwr.c"
Finished building: ../Drivers/STM32L4xx_HAL_Driver/Src/stm32l4xx_hal_pwr.c
 
Building file: ../Drivers/STM32L4xx_HAL_Driver/Src/stm32l4xx_hal_pwr_ex.c
Invoking: MCU GCC Compiler
C:\Users\popof\Desktop\School\CMU\Priya Project\Code\Sensortile\st_esp8266_test\Debug
arm-none-eabi-gcc -mcpu=cortex-m4 -mthumb -mfloat-abi=hard -mfpu=fpv4-sp-d16 -DUSE_HAL_DRIVER -DSTM32L476xx -I"C:/Users/popof/Desktop/School/CMU/Priya Project/Code/Sensortile/st_esp8266_test/Inc" -I"C:/Users/popof/Desktop/School/CMU/Priya Project/Code/Sensortile/st_esp8266_test/Drivers/STM32L4xx_HAL_Driver/Inc" -I"C:/Users/popof/Desktop/School/CMU/Priya Project/Code/Sensortile/st_esp8266_test/Drivers/STM32L4xx_HAL_Driver/Inc/Legacy" -I"C:/Users/popof/Desktop/School/CMU/Priya Project/Code/Sensortile/st_esp8266_test/Drivers/CMSIS/Device/ST/STM32L4xx/Include" -I"C:/Users/popof/Desktop/School/CMU/Priya Project/Code/Sensortile/st_esp8266_test/Drivers/CMSIS/Include"  -Og -g3 -Wall -fmessage-length=0 -ffunction-sections -c -fmessage-length=0 -MMD -MP -MF"Drivers/STM32L4xx_HAL_Driver/Src/stm32l4xx_hal_pwr_ex.d" -MT"Drivers/STM32L4xx_HAL_Driver/Src/stm32l4xx_hal_pwr_ex.o" -o "Drivers/STM32L4xx_HAL_Driver/Src/stm32l4xx_hal_pwr_ex.o" "../Drivers/STM32L4xx_HAL_Driver/Src/stm32l4xx_hal_pwr_ex.c"
Finished building: ../Drivers/STM32L4xx_HAL_Driver/Src/stm32l4xx_hal_pwr_ex.c
 
Building file: ../Drivers/STM32L4xx_HAL_Driver/Src/stm32l4xx_hal_rcc.c
Invoking: MCU GCC Compiler
C:\Users\popof\Desktop\School\CMU\Priya Project\Code\Sensortile\st_esp8266_test\Debug
arm-none-eabi-gcc -mcpu=cortex-m4 -mthumb -mfloat-abi=hard -mfpu=fpv4-sp-d16 -DUSE_HAL_DRIVER -DSTM32L476xx -I"C:/Users/popof/Desktop/School/CMU/Priya Project/Code/Sensortile/st_esp8266_test/Inc" -I"C:/Users/popof/Desktop/School/CMU/Priya Project/Code/Sensortile/st_esp8266_test/Drivers/STM32L4xx_HAL_Driver/Inc" -I"C:/Users/popof/Desktop/School/CMU/Priya Project/Code/Sensortile/st_esp8266_test/Drivers/STM32L4xx_HAL_Driver/Inc/Legacy" -I"C:/Users/popof/Desktop/School/CMU/Priya Project/Code/Sensortile/st_esp8266_test/Drivers/CMSIS/Device/ST/STM32L4xx/Include" -I"C:/Users/popof/Desktop/School/CMU/Priya Project/Code/Sensortile/st_esp8266_test/Drivers/CMSIS/Include"  -Og -g3 -Wall -fmessage-length=0 -ffunction-sections -c -fmessage-length=0 -MMD -MP -MF"Drivers/STM32L4xx_HAL_Driver/Src/stm32l4xx_hal_rcc.d" -MT"Drivers/STM32L4xx_HAL_Driver/Src/stm32l4xx_hal_rcc.o" -o "Drivers/STM32L4xx_HAL_Driver/Src/stm32l4xx_hal_rcc.o" "../Drivers/STM32L4xx_HAL_Driver/Src/stm32l4xx_hal_rcc.c"
Finished building: ../Drivers/STM32L4xx_HAL_Driver/Src/stm32l4xx_hal_rcc.c
 
Building file: ../Drivers/STM32L4xx_HAL_Driver/Src/stm32l4xx_hal_rcc_ex.c
Invoking: MCU GCC Compiler
C:\Users\popof\Desktop\School\CMU\Priya Project\Code\Sensortile\st_esp8266_test\Debug
arm-none-eabi-gcc -mcpu=cortex-m4 -mthumb -mfloat-abi=hard -mfpu=fpv4-sp-d16 -DUSE_HAL_DRIVER -DSTM32L476xx -I"C:/Users/popof/Desktop/School/CMU/Priya Project/Code/Sensortile/st_esp8266_test/Inc" -I"C:/Users/popof/Desktop/School/CMU/Priya Project/Code/Sensortile/st_esp8266_test/Drivers/STM32L4xx_HAL_Driver/Inc" -I"C:/Users/popof/Desktop/School/CMU/Priya Project/Code/Sensortile/st_esp8266_test/Drivers/STM32L4xx_HAL_Driver/Inc/Legacy" -I"C:/Users/popof/Desktop/School/CMU/Priya Project/Code/Sensortile/st_esp8266_test/Drivers/CMSIS/Device/ST/STM32L4xx/Include" -I"C:/Users/popof/Desktop/School/CMU/Priya Project/Code/Sensortile/st_esp8266_test/Drivers/CMSIS/Include"  -Og -g3 -Wall -fmessage-length=0 -ffunction-sections -c -fmessage-length=0 -MMD -MP -MF"Drivers/STM32L4xx_HAL_Driver/Src/stm32l4xx_hal_rcc_ex.d" -MT"Drivers/STM32L4xx_HAL_Driver/Src/stm32l4xx_hal_rcc_ex.o" -o "Drivers/STM32L4xx_HAL_Driver/Src/stm32l4xx_hal_rcc_ex.o" "../Drivers/STM32L4xx_HAL_Driver/Src/stm32l4xx_hal_rcc_ex.c"
Finished building: ../Drivers/STM32L4xx_HAL_Driver/Src/stm32l4xx_hal_rcc_ex.c
 
Building file: ../Drivers/STM32L4xx_HAL_Driver/Src/stm32l4xx_hal_tim.c
Invoking: MCU GCC Compiler
C:\Users\popof\Desktop\School\CMU\Priya Project\Code\Sensortile\st_esp8266_test\Debug
arm-none-eabi-gcc -mcpu=cortex-m4 -mthumb -mfloat-abi=hard -mfpu=fpv4-sp-d16 -DUSE_HAL_DRIVER -DSTM32L476xx -I"C:/Users/popof/Desktop/School/CMU/Priya Project/Code/Sensortile/st_esp8266_test/Inc" -I"C:/Users/popof/Desktop/School/CMU/Priya Project/Code/Sensortile/st_esp8266_test/Drivers/STM32L4xx_HAL_Driver/Inc" -I"C:/Users/popof/Desktop/School/CMU/Priya Project/Code/Sensortile/st_esp8266_test/Drivers/STM32L4xx_HAL_Driver/Inc/Legacy" -I"C:/Users/popof/Desktop/School/CMU/Priya Project/Code/Sensortile/st_esp8266_test/Drivers/CMSIS/Device/ST/STM32L4xx/Include" -I"C:/Users/popof/Desktop/School/CMU/Priya Project/Code/Sensortile/st_esp8266_test/Drivers/CMSIS/Include"  -Og -g3 -Wall -fmessage-length=0 -ffunction-sections -c -fmessage-length=0 -MMD -MP -MF"Drivers/STM32L4xx_HAL_Driver/Src/stm32l4xx_hal_tim.d" -MT"Drivers/STM32L4xx_HAL_Driver/Src/stm32l4xx_hal_tim.o" -o "Drivers/STM32L4xx_HAL_Driver/Src/stm32l4xx_hal_tim.o" "../Drivers/STM32L4xx_HAL_Driver/Src/stm32l4xx_hal_tim.c"
Finished building: ../Drivers/STM32L4xx_HAL_Driver/Src/stm32l4xx_hal_tim.c
 
Building file: ../Drivers/STM32L4xx_HAL_Driver/Src/stm32l4xx_hal_tim_ex.c
Invoking: MCU GCC Compiler
C:\Users\popof\Desktop\School\CMU\Priya Project\Code\Sensortile\st_esp8266_test\Debug
arm-none-eabi-gcc -mcpu=cortex-m4 -mthumb -mfloat-abi=hard -mfpu=fpv4-sp-d16 -DUSE_HAL_DRIVER -DSTM32L476xx -I"C:/Users/popof/Desktop/School/CMU/Priya Project/Code/Sensortile/st_esp8266_test/Inc" -I"C:/Users/popof/Desktop/School/CMU/Priya Project/Code/Sensortile/st_esp8266_test/Drivers/STM32L4xx_HAL_Driver/Inc" -I"C:/Users/popof/Desktop/School/CMU/Priya Project/Code/Sensortile/st_esp8266_test/Drivers/STM32L4xx_HAL_Driver/Inc/Legacy" -I"C:/Users/popof/Desktop/School/CMU/Priya Project/Code/Sensortile/st_esp8266_test/Drivers/CMSIS/Device/ST/STM32L4xx/Include" -I"C:/Users/popof/Desktop/School/CMU/Priya Project/Code/Sensortile/st_esp8266_test/Drivers/CMSIS/Include"  -Og -g3 -Wall -fmessage-length=0 -ffunction-sections -c -fmessage-length=0 -MMD -MP -MF"Drivers/STM32L4xx_HAL_Driver/Src/stm32l4xx_hal_tim_ex.d" -MT"Drivers/STM32L4xx_HAL_Driver/Src/stm32l4xx_hal_tim_ex.o" -o "Drivers/STM32L4xx_HAL_Driver/Src/stm32l4xx_hal_tim_ex.o" "../Drivers/STM32L4xx_HAL_Driver/Src/stm32l4xx_hal_tim_ex.c"
Finished building: ../Drivers/STM32L4xx_HAL_Driver/Src/stm32l4xx_hal_tim_ex.c
 
Building file: ../Drivers/STM32L4xx_HAL_Driver/Src/stm32l4xx_hal_uart.c
Invoking: MCU GCC Compiler
C:\Users\popof\Desktop\School\CMU\Priya Project\Code\Sensortile\st_esp8266_test\Debug
arm-none-eabi-gcc -mcpu=cortex-m4 -mthumb -mfloat-abi=hard -mfpu=fpv4-sp-d16 -DUSE_HAL_DRIVER -DSTM32L476xx -I"C:/Users/popof/Desktop/School/CMU/Priya Project/Code/Sensortile/st_esp8266_test/Inc" -I"C:/Users/popof/Desktop/School/CMU/Priya Project/Code/Sensortile/st_esp8266_test/Drivers/STM32L4xx_HAL_Driver/Inc" -I"C:/Users/popof/Desktop/School/CMU/Priya Project/Code/Sensortile/st_esp8266_test/Drivers/STM32L4xx_HAL_Driver/Inc/Legacy" -I"C:/Users/popof/Desktop/School/CMU/Priya Project/Code/Sensortile/st_esp8266_test/Drivers/CMSIS/Device/ST/STM32L4xx/Include" -I"C:/Users/popof/Desktop/School/CMU/Priya Project/Code/Sensortile/st_esp8266_test/Drivers/CMSIS/Include"  -Og -g3 -Wall -fmessage-length=0 -ffunction-sections -c -fmessage-length=0 -MMD -MP -MF"Drivers/STM32L4xx_HAL_Driver/Src/stm32l4xx_hal_uart.d" -MT"Drivers/STM32L4xx_HAL_Driver/Src/stm32l4xx_hal_uart.o" -o "Drivers/STM32L4xx_HAL_Driver/Src/stm32l4xx_hal_uart.o" "../Drivers/STM32L4xx_HAL_Driver/Src/stm32l4xx_hal_uart.c"
Finished building: ../Drivers/STM32L4xx_HAL_Driver/Src/stm32l4xx_hal_uart.c
 
Building file: ../Drivers/STM32L4xx_HAL_Driver/Src/stm32l4xx_hal_uart_ex.c
Invoking: MCU GCC Compiler
C:\Users\popof\Desktop\School\CMU\Priya Project\Code\Sensortile\st_esp8266_test\Debug
arm-none-eabi-gcc -mcpu=cortex-m4 -mthumb -mfloat-abi=hard -mfpu=fpv4-sp-d16 -DUSE_HAL_DRIVER -DSTM32L476xx -I"C:/Users/popof/Desktop/School/CMU/Priya Project/Code/Sensortile/st_esp8266_test/Inc" -I"C:/Users/popof/Desktop/School/CMU/Priya Project/Code/Sensortile/st_esp8266_test/Drivers/STM32L4xx_HAL_Driver/Inc" -I"C:/Users/popof/Desktop/School/CMU/Priya Project/Code/Sensortile/st_esp8266_test/Drivers/STM32L4xx_HAL_Driver/Inc/Legacy" -I"C:/Users/popof/Desktop/School/CMU/Priya Project/Code/Sensortile/st_esp8266_test/Drivers/CMSIS/Device/ST/STM32L4xx/Include" -I"C:/Users/popof/Desktop/School/CMU/Priya Project/Code/Sensortile/st_esp8266_test/Drivers/CMSIS/Include"  -Og -g3 -Wall -fmessage-length=0 -ffunction-sections -c -fmessage-length=0 -MMD -MP -MF"Drivers/STM32L4xx_HAL_Driver/Src/stm32l4xx_hal_uart_ex.d" -MT"Drivers/STM32L4xx_HAL_Driver/Src/stm32l4xx_hal_uart_ex.o" -o "Drivers/STM32L4xx_HAL_Driver/Src/stm32l4xx_hal_uart_ex.o" "../Drivers/STM32L4xx_HAL_Driver/Src/stm32l4xx_hal_uart_ex.c"
Finished building: ../Drivers/STM32L4xx_HAL_Driver/Src/stm32l4xx_hal_uart_ex.c
 
Building target: st_esp8266_test.elf
Invoking: MCU GCC Linker
arm-none-eabi-gcc -mcpu=cortex-m4 -mthumb -mfloat-abi=hard -mfpu=fpv4-sp-d16 -specs=nosys.specs -specs=nano.specs -T"../STM32L476JGYx_FLASH.ld" -Wl,-Map=output.map -Wl,--gc-sections -o "st_esp8266_test.elf" @"objects.list"   -lm
Finished building target: st_esp8266_test.elf
 
make --no-print-directory post-build
Generating hex and Printing size information:
arm-none-eabi-objcopy -O ihex "st_esp8266_test.elf" "st_esp8266_test.hex"
arm-none-eabi-size "st_esp8266_test.elf"
   text	   data	    bss	    dec	    hex	filename
  15504	    144	   2168	  17816	   4598	st_esp8266_test.elf
 
00:48:32 **** Incremental Build of configuration Debug for project st_esp8266_test ****
make all 
Building file: ../Src/main.c
Invoking: MCU GCC Compiler
C:\Users\popof\Desktop\School\CMU\Priya Project\Code\Sensortile\st_esp8266_test\Debug
arm-none-eabi-gcc -mcpu=cortex-m4 -mthumb -mfloat-abi=hard -mfpu=fpv4-sp-d16 -DUSE_HAL_DRIVER -DSTM32L476xx -I"C:/Users/popof/Desktop/School/CMU/Priya Project/Code/Sensortile/st_esp8266_test/Inc" -I"C:/Users/popof/Desktop/School/CMU/Priya Project/Code/Sensortile/st_esp8266_test/Drivers/STM32L4xx_HAL_Driver/Inc" -I"C:/Users/popof/Desktop/School/CMU/Priya Project/Code/Sensortile/st_esp8266_test/Drivers/STM32L4xx_HAL_Driver/Inc/Legacy" -I"C:/Users/popof/Desktop/School/CMU/Priya Project/Code/Sensortile/st_esp8266_test/Drivers/CMSIS/Device/ST/STM32L4xx/Include" -I"C:/Users/popof/Desktop/School/CMU/Priya Project/Code/Sensortile/st_esp8266_test/Drivers/CMSIS/Include"  -Og -g3 -Wall -fmessage-length=0 -ffunction-sections -c -fmessage-length=0 -MMD -MP -MF"Src/main.d" -MT"Src/main.o" -o "Src/main.o" "../Src/main.c"
Finished building: ../Src/main.c
 
Building target: st_esp8266_test.elf
Invoking: MCU GCC Linker
arm-none-eabi-gcc -mcpu=cortex-m4 -mthumb -mfloat-abi=hard -mfpu=fpv4-sp-d16 -specs=nosys.specs -specs=nano.specs -T"../STM32L476JGYx_FLASH.ld" -Wl,-Map=output.map -Wl,--gc-sections -o "st_esp8266_test.elf" @"objects.list"   -lm
Finished building target: st_esp8266_test.elf
 
make --no-print-directory post-build
Generating hex and Printing size information:
arm-none-eabi-objcopy -O ihex "st_esp8266_test.elf" "st_esp8266_test.hex"
arm-none-eabi-size "st_esp8266_test.elf"
   text	   data	    bss	    dec	    hex	filename
  15504	    144	   2168	  17816	   4598	st_esp8266_test.elf
 
00:49:17 **** Incremental Build of configuration Debug for project st_esp8266_test ****
make all 
Building file: ../Src/stm32l4xx_it.c
Invoking: MCU GCC Compiler
C:\Users\popof\Desktop\School\CMU\Priya Project\Code\Sensortile\st_esp8266_test\Debug
arm-none-eabi-gcc -mcpu=cortex-m4 -mthumb -mfloat-abi=hard -mfpu=fpv4-sp-d16 -DUSE_HAL_DRIVER -DSTM32L476xx -I"C:/Users/popof/Desktop/School/CMU/Priya Project/Code/Sensortile/st_esp8266_test/Inc" -I"C:/Users/popof/Desktop/School/CMU/Priya Project/Code/Sensortile/st_esp8266_test/Drivers/STM32L4xx_HAL_Driver/Inc" -I"C:/Users/popof/Desktop/School/CMU/Priya Project/Code/Sensortile/st_esp8266_test/Drivers/STM32L4xx_HAL_Driver/Inc/Legacy" -I"C:/Users/popof/Desktop/School/CMU/Priya Project/Code/Sensortile/st_esp8266_test/Drivers/CMSIS/Device/ST/STM32L4xx/Include" -I"C:/Users/popof/Desktop/School/CMU/Priya Project/Code/Sensortile/st_esp8266_test/Drivers/CMSIS/Include"  -Og -g3 -Wall -fmessage-length=0 -ffunction-sections -c -fmessage-length=0 -MMD -MP -MF"Src/stm32l4xx_it.d" -MT"Src/stm32l4xx_it.o" -o "Src/stm32l4xx_it.o" "../Src/stm32l4xx_it.c"
Finished building: ../Src/stm32l4xx_it.c
 
Building target: st_esp8266_test.elf
Invoking: MCU GCC Linker
arm-none-eabi-gcc -mcpu=cortex-m4 -mthumb -mfloat-abi=hard -mfpu=fpv4-sp-d16 -specs=nosys.specs -specs=nano.specs -T"../STM32L476JGYx_FLASH.ld" -Wl,-Map=output.map -Wl,--gc-sections -o "st_esp8266_test.elf" @"objects.list"   -lm
Finished building target: st_esp8266_test.elf
 
make --no-print-directory post-build
Generating hex and Printing size information:
arm-none-eabi-objcopy -O ihex "st_esp8266_test.elf" "st_esp8266_test.hex"
arm-none-eabi-size "st_esp8266_test.elf"
   text	   data	    bss	    dec	    hex	filename
  15216	    144	   2168	  17528	   4478	st_esp8266_test.elf
 
00:50:50 **** Incremental Build of configuration Debug for project st_esp8266_test ****
make all 
Building file: ../Src/main.c
Invoking: MCU GCC Compiler
C:\Users\popof\Desktop\School\CMU\Priya Project\Code\Sensortile\st_esp8266_test\Debug
arm-none-eabi-gcc -mcpu=cortex-m4 -mthumb -mfloat-abi=hard -mfpu=fpv4-sp-d16 -DUSE_HAL_DRIVER -DSTM32L476xx -I"C:/Users/popof/Desktop/School/CMU/Priya Project/Code/Sensortile/st_esp8266_test/Inc" -I"C:/Users/popof/Desktop/School/CMU/Priya Project/Code/Sensortile/st_esp8266_test/Drivers/STM32L4xx_HAL_Driver/Inc" -I"C:/Users/popof/Desktop/School/CMU/Priya Project/Code/Sensortile/st_esp8266_test/Drivers/STM32L4xx_HAL_Driver/Inc/Legacy" -I"C:/Users/popof/Desktop/School/CMU/Priya Project/Code/Sensortile/st_esp8266_test/Drivers/CMSIS/Device/ST/STM32L4xx/Include" -I"C:/Users/popof/Desktop/School/CMU/Priya Project/Code/Sensortile/st_esp8266_test/Drivers/CMSIS/Include"  -Og -g3 -Wall -fmessage-length=0 -ffunction-sections -c -fmessage-length=0 -MMD -MP -MF"Src/main.d" -MT"Src/main.o" -o "Src/main.o" "../Src/main.c"
../Src/main.c: In function 'SystemClock_Config':
../Src/main.c:116:30: warning: unused variable 'PeriphClkInit' [-Wunused-variable]
     RCC_PeriphCLKInitTypeDef PeriphClkInit = { 0 };
                              ^~~~~~~~~~~~~
Finished building: ../Src/main.c
 
Building target: st_esp8266_test.elf
Invoking: MCU GCC Linker
arm-none-eabi-gcc -mcpu=cortex-m4 -mthumb -mfloat-abi=hard -mfpu=fpv4-sp-d16 -specs=nosys.specs -specs=nano.specs -T"../STM32L476JGYx_FLASH.ld" -Wl,-Map=output.map -Wl,--gc-sections -o "st_esp8266_test.elf" @"objects.list"   -lm
Finished building target: st_esp8266_test.elf
 
make --no-print-directory post-build
Generating hex and Printing size information:
arm-none-eabi-objcopy -O ihex "st_esp8266_test.elf" "st_esp8266_test.hex"
arm-none-eabi-size "st_esp8266_test.elf"
   text	   data	    bss	    dec	    hex	filename
  13232	    144	   2168	  15544	   3cb8	st_esp8266_test.elf
 
00:54:24 **** Incremental Build of configuration Debug for project st_esp8266_test ****
make all 
Building file: ../Src/UartRingbuffer_multi.c
Invoking: MCU GCC Compiler
C:\Users\popof\Desktop\School\CMU\Priya Project\Code\Sensortile\st_esp8266_test\Debug
arm-none-eabi-gcc -mcpu=cortex-m4 -mthumb -mfloat-abi=hard -mfpu=fpv4-sp-d16 -DUSE_HAL_DRIVER -DSTM32L476xx -I"C:/Users/popof/Desktop/School/CMU/Priya Project/Code/Sensortile/st_esp8266_test/Inc" -I"C:/Users/popof/Desktop/School/CMU/Priya Project/Code/Sensortile/st_esp8266_test/Drivers/STM32L4xx_HAL_Driver/Inc" -I"C:/Users/popof/Desktop/School/CMU/Priya Project/Code/Sensortile/st_esp8266_test/Drivers/STM32L4xx_HAL_Driver/Inc/Legacy" -I"C:/Users/popof/Desktop/School/CMU/Priya Project/Code/Sensortile/st_esp8266_test/Drivers/CMSIS/Device/ST/STM32L4xx/Include" -I"C:/Users/popof/Desktop/School/CMU/Priya Project/Code/Sensortile/st_esp8266_test/Drivers/CMSIS/Include"  -Og -g3 -Wall -fmessage-length=0 -ffunction-sections -c -fmessage-length=0 -MMD -MP -MF"Src/UartRingbuffer_multi.d" -MT"Src/UartRingbuffer_multi.o" -o "Src/UartRingbuffer_multi.o" "../Src/UartRingbuffer_multi.c"
Finished building: ../Src/UartRingbuffer_multi.c
 
Building file: ../Src/main.c
Invoking: MCU GCC Compiler
C:\Users\popof\Desktop\School\CMU\Priya Project\Code\Sensortile\st_esp8266_test\Debug
arm-none-eabi-gcc -mcpu=cortex-m4 -mthumb -mfloat-abi=hard -mfpu=fpv4-sp-d16 -DUSE_HAL_DRIVER -DSTM32L476xx -I"C:/Users/popof/Desktop/School/CMU/Priya Project/Code/Sensortile/st_esp8266_test/Inc" -I"C:/Users/popof/Desktop/School/CMU/Priya Project/Code/Sensortile/st_esp8266_test/Drivers/STM32L4xx_HAL_Driver/Inc" -I"C:/Users/popof/Desktop/School/CMU/Priya Project/Code/Sensortile/st_esp8266_test/Drivers/STM32L4xx_HAL_Driver/Inc/Legacy" -I"C:/Users/popof/Desktop/School/CMU/Priya Project/Code/Sensortile/st_esp8266_test/Drivers/CMSIS/Device/ST/STM32L4xx/Include" -I"C:/Users/popof/Desktop/School/CMU/Priya Project/Code/Sensortile/st_esp8266_test/Drivers/CMSIS/Include"  -Og -g3 -Wall -fmessage-length=0 -ffunction-sections -c -fmessage-length=0 -MMD -MP -MF"Src/main.d" -MT"Src/main.o" -o "Src/main.o" "../Src/main.c"
Finished building: ../Src/main.c
 
Building target: st_esp8266_test.elf
Invoking: MCU GCC Linker
arm-none-eabi-gcc -mcpu=cortex-m4 -mthumb -mfloat-abi=hard -mfpu=fpv4-sp-d16 -specs=nosys.specs -specs=nano.specs -T"../STM32L476JGYx_FLASH.ld" -Wl,-Map=output.map -Wl,--gc-sections -o "st_esp8266_test.elf" @"objects.list"   -lm
Finished building target: st_esp8266_test.elf
 
make --no-print-directory post-build
Generating hex and Printing size information:
arm-none-eabi-objcopy -O ihex "st_esp8266_test.elf" "st_esp8266_test.hex"
arm-none-eabi-size "st_esp8266_test.elf"
   text	   data	    bss	    dec	    hex	filename
  15256	    144	   2168	  17568	   44a0	st_esp8266_test.elf
 
00:55:31 **** Incremental Build of configuration Debug for project st_esp8266_test ****
make all 
Building file: ../Src/ESP8266_HAL.c
Invoking: MCU GCC Compiler
C:\Users\popof\Desktop\School\CMU\Priya Project\Code\Sensortile\st_esp8266_test\Debug
arm-none-eabi-gcc -mcpu=cortex-m4 -mthumb -mfloat-abi=hard -mfpu=fpv4-sp-d16 -DUSE_HAL_DRIVER -DSTM32L476xx -I"C:/Users/popof/Desktop/School/CMU/Priya Project/Code/Sensortile/st_esp8266_test/Inc" -I"C:/Users/popof/Desktop/School/CMU/Priya Project/Code/Sensortile/st_esp8266_test/Drivers/STM32L4xx_HAL_Driver/Inc" -I"C:/Users/popof/Desktop/School/CMU/Priya Project/Code/Sensortile/st_esp8266_test/Drivers/STM32L4xx_HAL_Driver/Inc/Legacy" -I"C:/Users/popof/Desktop/School/CMU/Priya Project/Code/Sensortile/st_esp8266_test/Drivers/CMSIS/Device/ST/STM32L4xx/Include" -I"C:/Users/popof/Desktop/School/CMU/Priya Project/Code/Sensortile/st_esp8266_test/Drivers/CMSIS/Include"  -Og -g3 -Wall -fmessage-length=0 -ffunction-sections -c -fmessage-length=0 -MMD -MP -MF"Src/ESP8266_HAL.d" -MT"Src/ESP8266_HAL.o" -o "Src/ESP8266_HAL.o" "../Src/ESP8266_HAL.c"
Finished building: ../Src/ESP8266_HAL.c
 
Building target: st_esp8266_test.elf
Invoking: MCU GCC Linker
arm-none-eabi-gcc -mcpu=cortex-m4 -mthumb -mfloat-abi=hard -mfpu=fpv4-sp-d16 -specs=nosys.specs -specs=nano.specs -T"../STM32L476JGYx_FLASH.ld" -Wl,-Map=output.map -Wl,--gc-sections -o "st_esp8266_test.elf" @"objects.list"   -lm
Finished building target: st_esp8266_test.elf
 
make --no-print-directory post-build
Generating hex and Printing size information:
arm-none-eabi-objcopy -O ihex "st_esp8266_test.elf" "st_esp8266_test.hex"
arm-none-eabi-size "st_esp8266_test.elf"
   text	   data	    bss	    dec	    hex	filename
  15256	    144	   2168	  17568	   44a0	st_esp8266_test.elf
 
00:57:01 **** Incremental Build of configuration Debug for project st_esp8266_test ****
make all 
Building file: ../Src/ESP8266_HAL.c
Invoking: MCU GCC Compiler
C:\Users\popof\Desktop\School\CMU\Priya Project\Code\Sensortile\st_esp8266_test\Debug
arm-none-eabi-gcc -mcpu=cortex-m4 -mthumb -mfloat-abi=hard -mfpu=fpv4-sp-d16 -DUSE_HAL_DRIVER -DSTM32L476xx -I"C:/Users/popof/Desktop/School/CMU/Priya Project/Code/Sensortile/st_esp8266_test/Inc" -I"C:/Users/popof/Desktop/School/CMU/Priya Project/Code/Sensortile/st_esp8266_test/Drivers/STM32L4xx_HAL_Driver/Inc" -I"C:/Users/popof/Desktop/School/CMU/Priya Project/Code/Sensortile/st_esp8266_test/Drivers/STM32L4xx_HAL_Driver/Inc/Legacy" -I"C:/Users/popof/Desktop/School/CMU/Priya Project/Code/Sensortile/st_esp8266_test/Drivers/CMSIS/Device/ST/STM32L4xx/Include" -I"C:/Users/popof/Desktop/School/CMU/Priya Project/Code/Sensortile/st_esp8266_test/Drivers/CMSIS/Include"  -Og -g3 -Wall -fmessage-length=0 -ffunction-sections -c -fmessage-length=0 -MMD -MP -MF"Src/ESP8266_HAL.d" -MT"Src/ESP8266_HAL.o" -o "Src/ESP8266_HAL.o" "../Src/ESP8266_HAL.c"
Finished building: ../Src/ESP8266_HAL.c
 
Building target: st_esp8266_test.elf
Invoking: MCU GCC Linker
arm-none-eabi-gcc -mcpu=cortex-m4 -mthumb -mfloat-abi=hard -mfpu=fpv4-sp-d16 -specs=nosys.specs -specs=nano.specs -T"../STM32L476JGYx_FLASH.ld" -Wl,-Map=output.map -Wl,--gc-sections -o "st_esp8266_test.elf" @"objects.list"   -lm
Finished building target: st_esp8266_test.elf
 
make --no-print-directory post-build
Generating hex and Printing size information:
arm-none-eabi-objcopy -O ihex "st_esp8266_test.elf" "st_esp8266_test.hex"
arm-none-eabi-size "st_esp8266_test.elf"
   text	   data	    bss	    dec	    hex	filename
  15280	    144	   2168	  17592	   44b8	st_esp8266_test.elf
 
00:57:59 **** Incremental Build of configuration Debug for project st_esp8266_test ****
make all 
Building file: ../Src/ESP8266_HAL.c
Invoking: MCU GCC Compiler
C:\Users\popof\Desktop\School\CMU\Priya Project\Code\Sensortile\st_esp8266_test\Debug
arm-none-eabi-gcc -mcpu=cortex-m4 -mthumb -mfloat-abi=hard -mfpu=fpv4-sp-d16 -DUSE_HAL_DRIVER -DSTM32L476xx -I"C:/Users/popof/Desktop/School/CMU/Priya Project/Code/Sensortile/st_esp8266_test/Inc" -I"C:/Users/popof/Desktop/School/CMU/Priya Project/Code/Sensortile/st_esp8266_test/Drivers/STM32L4xx_HAL_Driver/Inc" -I"C:/Users/popof/Desktop/School/CMU/Priya Project/Code/Sensortile/st_esp8266_test/Drivers/STM32L4xx_HAL_Driver/Inc/Legacy" -I"C:/Users/popof/Desktop/School/CMU/Priya Project/Code/Sensortile/st_esp8266_test/Drivers/CMSIS/Device/ST/STM32L4xx/Include" -I"C:/Users/popof/Desktop/School/CMU/Priya Project/Code/Sensortile/st_esp8266_test/Drivers/CMSIS/Include"  -Og -g3 -Wall -fmessage-length=0 -ffunction-sections -c -fmessage-length=0 -MMD -MP -MF"Src/ESP8266_HAL.d" -MT"Src/ESP8266_HAL.o" -o "Src/ESP8266_HAL.o" "../Src/ESP8266_HAL.c"
Finished building: ../Src/ESP8266_HAL.c
 
Building target: st_esp8266_test.elf
Invoking: MCU GCC Linker
arm-none-eabi-gcc -mcpu=cortex-m4 -mthumb -mfloat-abi=hard -mfpu=fpv4-sp-d16 -specs=nosys.specs -specs=nano.specs -T"../STM32L476JGYx_FLASH.ld" -Wl,-Map=output.map -Wl,--gc-sections -o "st_esp8266_test.elf" @"objects.list"   -lm
Finished building target: st_esp8266_test.elf
 
make --no-print-directory post-build
Generating hex and Printing size information:
arm-none-eabi-objcopy -O ihex "st_esp8266_test.elf" "st_esp8266_test.hex"
arm-none-eabi-size "st_esp8266_test.elf"
   text	   data	    bss	    dec	    hex	filename
  15280	    144	   2168	  17592	   44b8	st_esp8266_test.elf
 
