00:57:59 **** Incremental Build of configuration Debug for project st_esp8266_test ****
make all 
Building file: ../Src/ESP8266_HAL.c
Invoking: MCU GCC Compiler
C:\Users\popof\Desktop\School\CMU\Priya Project\Code\Sensortile\st_esp8266_test\Debug
arm-none-eabi-gcc -mcpu=cortex-m4 -mthumb -mfloat-abi=hard -mfpu=fpv4-sp-d16 -DUSE_HAL_DRIVER -DSTM32L476xx -I"C:/Users/popof/Desktop/School/CMU/Priya Project/Code/Sensortile/st_esp8266_test/Inc" -I"C:/Users/popof/Desktop/School/CMU/Priya Project/Code/Sensortile/st_esp8266_test/Drivers/STM32L4xx_HAL_Driver/Inc" -I"C:/Users/popof/Desktop/School/CMU/Priya Project/Code/Sensortile/st_esp8266_test/Drivers/STM32L4xx_HAL_Driver/Inc/Legacy" -I"C:/Users/popof/Desktop/School/CMU/Priya Project/Code/Sensortile/st_esp8266_test/Drivers/CMSIS/Device/ST/STM32L4xx/Include" -I"C:/Users/popof/Desktop/School/CMU/Priya Project/Code/Sensortile/st_esp8266_test/Drivers/CMSIS/Include"  -Og -g3 -Wall -fmessage-length=0 -ffunction-sections -c -fmessage-length=0 -MMD -MP -MF"Src/ESP8266_HAL.d" -MT"Src/ESP8266_HAL.o" -o "Src/ESP8266_HAL.o" "../Src/ESP8266_HAL.c"
Finished building: ../Src/ESP8266_HAL.c
 
Building target: st_esp8266_test.elf
Invoking: MCU GCC Linker
arm-none-eabi-gcc -mcpu=cortex-m4 -mthumb -mfloat-abi=hard -mfpu=fpv4-sp-d16 -specs=nosys.specs -specs=nano.specs -T"../STM32L476JGYx_FLASH.ld" -Wl,-Map=output.map -Wl,--gc-sections -o "st_esp8266_test.elf" @"objects.list"   -lm
Finished building target: st_esp8266_test.elf
 
make --no-print-directory post-build
Generating hex and Printing size information:
arm-none-eabi-objcopy -O ihex "st_esp8266_test.elf" "st_esp8266_test.hex"
arm-none-eabi-size "st_esp8266_test.elf"
   text	   data	    bss	    dec	    hex	filename
  15280	    144	   2168	  17592	   44b8	st_esp8266_test.elf
 

00:58:01 Build Finished (took 1s.568ms)

