17:11:32 **** Incremental Build of configuration Debug for project datalog_accel_test ****
make all 
Building file: ../Src/main.c
Invoking: MCU GCC Compiler
C:\Users\popof\Desktop\School\CMU\Priya Project\Code\Sensortile\datalog_accel_test\Debug
arm-none-eabi-gcc -mcpu=cortex-m4 -mthumb -mfloat-abi=hard -mfpu=fpv4-sp-d16 -DUSE_HAL_DRIVER -DSTM32L476xx -I"C:/Users/popof/Desktop/School/CMU/Priya Project/Code/Sensortile/datalog_accel_test/Inc" -I"C:/Users/popof/Desktop/School/CMU/Priya Project/Code/Sensortile/datalog_accel_test/Drivers/STM32L4xx_HAL_Driver/Inc" -I"C:/Users/popof/Desktop/School/CMU/Priya Project/Code/Sensortile/datalog_accel_test/Drivers/STM32L4xx_HAL_Driver/Inc/Legacy" -I"C:/Users/popof/Desktop/School/CMU/Priya Project/Code/Sensortile/datalog_accel_test/Middlewares/ST/STM32_USB_Device_Library/Core/Inc" -I"C:/Users/popof/Desktop/School/CMU/Priya Project/Code/Sensortile/datalog_accel_test/Middlewares/ST/STM32_USB_Device_Library/Class/CDC/Inc" -I"C:/Users/popof/Desktop/School/CMU/Priya Project/Code/Sensortile/datalog_accel_test/Drivers/CMSIS/Device/ST/STM32L4xx/Include" -I"C:/Users/popof/Desktop/School/CMU/Priya Project/Code/Sensortile/datalog_accel_test/Drivers/CMSIS/Include"  -Og -g3 -Wall -fmessage-length=0 -ffunction-sections -c -fmessage-length=0 -MMD -MP -MF"Src/main.d" -MT"Src/main.o" -o "Src/main.o" "../Src/main.c"
../Src/main.c: In function 'BSP_ACCELERO_Init':
../Src/main.c:305:2: warning: enumeration value 'ACCELERO_SENSORS_AUTO' not handled in switch [-Wswitch]
  switch (id) {
  ^~~~~~
../Src/main.c:305:2: warning: enumeration value 'LSM303AGR_X_0' not handled in switch [-Wswitch]
../Src/main.c: In function 'Accelero_Sensor_Handler':
../Src/main.c:648:14: warning: unused variable 'd2' [-Wunused-variable]
  int32_t d1, d2;
              ^~
../Src/main.c:648:10: warning: unused variable 'd1' [-Wunused-variable]
  int32_t d1, d2;
          ^~
../Src/main.c:644:8: warning: unused variable 'fullScale' [-Wunused-variable]
  float fullScale;
        ^~~~~~~~~
../Src/main.c:643:8: warning: unused variable 'odr' [-Wunused-variable]
  float odr;
        ^~~
../Src/main.c:642:10: warning: unused variable 'who_am_i' [-Wunused-variable]
  uint8_t who_am_i;
          ^~~~~~~~
At top level:
../Src/main.c:232:13: warning: 'MX_SPI2_Init' defined but not used [-Wunused-function]
 static void MX_SPI2_Init(void) {
             ^~~~~~~~~~~~
Finished building: ../Src/main.c
 
Building target: datalog_accel_test.elf
Invoking: MCU GCC Linker
arm-none-eabi-gcc -mcpu=cortex-m4 -mthumb -mfloat-abi=hard -mfpu=fpv4-sp-d16 -specs=nosys.specs -specs=nano.specs -Wswitch -T"../STM32L476JGYx_FLASH.ld" -Wl,-Map=output.map -Wl,--gc-sections -o "datalog_accel_test.elf" @"objects.list"   -lm
Finished building target: datalog_accel_test.elf
 
make --no-print-directory post-build
Generating hex and Printing size information:
arm-none-eabi-objcopy -O ihex "datalog_accel_test.elf" "datalog_accel_test.hex"
arm-none-eabi-size "datalog_accel_test.elf"
   text	   data	    bss	    dec	    hex	filename
  29432	    824	   8656	  38912	   9800	datalog_accel_test.elf
 
17:11:35 **** Incremental Build of configuration Debug for project datalog_accel_test ****
make all 
make: Nothing to be done for 'all'.
17:15:52 **** Incremental Build of configuration Debug for project datalog_accel_test ****
make all 
make: Nothing to be done for 'all'.
17:16:12 **** Incremental Build of configuration Debug for project datalog_accel_test ****
make all 
make: Nothing to be done for 'all'.
17:16:36 **** Incremental Build of configuration Debug for project datalog_accel_test ****
make all 
make: Nothing to be done for 'all'.
17:18:11 **** Incremental Build of configuration Debug for project datalog_accel_test ****
make all 
make: Nothing to be done for 'all'.
17:20:48 **** Incremental Build of configuration Debug for project datalog_accel_test ****
make all 
make: Nothing to be done for 'all'.
17:21:10 **** Incremental Build of configuration Debug for project datalog_accel_test ****
make all 
make: Nothing to be done for 'all'.
17:21:30 **** Incremental Build of configuration Debug for project datalog_accel_test ****
make all 
make: Nothing to be done for 'all'.
17:21:52 **** Incremental Build of configuration Debug for project datalog_accel_test ****
make all 
make: Nothing to be done for 'all'.
17:22:35 **** Incremental Build of configuration Debug for project datalog_accel_test ****
make all 
make: Nothing to be done for 'all'.
